<!doctype html public "-//w3c//dtd html 4.0 transitional//en">
<html><head>
<title>Static Call Graph - [Welding_adapter\Welding_adapter.axf]</title></head>
<body><HR>
<H1>Static Call Graph for image Welding_adapter\Welding_adapter.axf</H1><HR>
<BR><P>#&#060CALLGRAPH&#062# ARM Linker, 5060528: Last Updated: Sun Jan 21 18:48:14 2018
<BR><P>
<H3>Maximum Stack Usage =        656 bytes + Unknown(Cycles, Untraceable Function Pointers)</H3><H3>
Call chain for Maximum Stack Depth:</H3>
cord_continuity_test &rArr; cord_transmittContiunuity &rArr; SendComMessage &rArr; ConstructProtocolString &rArr; CalculateCRC
<P>
<H3>
Mutually Recursive functions
</H3> <LI><a href="#[31]">ADC1_IRQHandler</a>&nbsp;&nbsp;&nbsp;&rArr;&nbsp;&nbsp;&nbsp;<a href="#[31]">ADC1_IRQHandler</a><BR>
 <LI><a href="#[18]">MemManage_Handler</a>&nbsp;&nbsp;&nbsp;&rArr;&nbsp;&nbsp;&nbsp;<a href="#[18]">MemManage_Handler</a><BR>
 <LI><a href="#[203]">run_OS</a>&nbsp;&nbsp;&nbsp;&rArr;&nbsp;&nbsp;&nbsp;<a href="#[203]">run_OS</a><BR>
</UL>
<P>
<H3>
Function Pointers
</H3><UL>
 <LI><a href="#[31]">ADC1_IRQHandler</a> from startup_stm32f373xc.o(.text) referenced from startup_stm32f373xc.o(RESET)
 <LI><a href="#[19]">BusFault_Handler</a> from stm32f3xx_it.o(i.BusFault_Handler) referenced from startup_stm32f373xc.o(RESET)
 <LI><a href="#[33]">CAN_RX0_IRQHandler</a> from startup_stm32f373xc.o(.text) referenced from startup_stm32f373xc.o(RESET)
 <LI><a href="#[34]">CAN_RX1_IRQHandler</a> from startup_stm32f373xc.o(.text) referenced from startup_stm32f373xc.o(RESET)
 <LI><a href="#[35]">CAN_SCE_IRQHandler</a> from startup_stm32f373xc.o(.text) referenced from startup_stm32f373xc.o(RESET)
 <LI><a href="#[32]">CAN_TX_IRQHandler</a> from startup_stm32f373xc.o(.text) referenced from startup_stm32f373xc.o(RESET)
 <LI><a href="#[c]">CDC_Control_FS</a> from usbd_cdc_if.o(i.CDC_Control_FS) referenced 2 times from usbd_cdc_if.o(.data)
 <LI><a href="#[b]">CDC_DeInit_FS</a> from usbd_cdc_if.o(i.CDC_DeInit_FS) referenced 2 times from usbd_cdc_if.o(.data)
 <LI><a href="#[a]">CDC_Init_FS</a> from usbd_cdc_if.o(i.CDC_Init_FS) referenced 2 times from usbd_cdc_if.o(.data)
 <LI><a href="#[d]">CDC_Receive_FS</a> from usbd_cdc_if.o(i.CDC_Receive_FS) referenced 2 times from usbd_cdc_if.o(.data)
 <LI><a href="#[49]">CEC_IRQHandler</a> from startup_stm32f373xc.o(.text) referenced from startup_stm32f373xc.o(RESET)
 <LI><a href="#[59]">COMP1_2_IRQHandler</a> from startup_stm32f373xc.o(.text) referenced from startup_stm32f373xc.o(RESET)
 <LI><a href="#[2a]">DMA1_Channel1_IRQHandler</a> from startup_stm32f373xc.o(.text) referenced from startup_stm32f373xc.o(RESET)
 <LI><a href="#[2b]">DMA1_Channel2_IRQHandler</a> from startup_stm32f373xc.o(.text) referenced from startup_stm32f373xc.o(RESET)
 <LI><a href="#[2c]">DMA1_Channel3_IRQHandler</a> from startup_stm32f373xc.o(.text) referenced from startup_stm32f373xc.o(RESET)
 <LI><a href="#[2d]">DMA1_Channel4_IRQHandler</a> from startup_stm32f373xc.o(.text) referenced from startup_stm32f373xc.o(RESET)
 <LI><a href="#[2e]">DMA1_Channel5_IRQHandler</a> from startup_stm32f373xc.o(.text) referenced from startup_stm32f373xc.o(RESET)
 <LI><a href="#[2f]">DMA1_Channel6_IRQHandler</a> from startup_stm32f373xc.o(.text) referenced from startup_stm32f373xc.o(RESET)
 <LI><a href="#[30]">DMA1_Channel7_IRQHandler</a> from startup_stm32f373xc.o(.text) referenced from startup_stm32f373xc.o(RESET)
 <LI><a href="#[51]">DMA2_Channel1_IRQHandler</a> from startup_stm32f373xc.o(.text) referenced from startup_stm32f373xc.o(RESET)
 <LI><a href="#[52]">DMA2_Channel2_IRQHandler</a> from startup_stm32f373xc.o(.text) referenced from startup_stm32f373xc.o(RESET)
 <LI><a href="#[53]">DMA2_Channel3_IRQHandler</a> from startup_stm32f373xc.o(.text) referenced from startup_stm32f373xc.o(RESET)
 <LI><a href="#[54]">DMA2_Channel4_IRQHandler</a> from startup_stm32f373xc.o(.text) referenced from startup_stm32f373xc.o(RESET)
 <LI><a href="#[55]">DMA2_Channel5_IRQHandler</a> from startup_stm32f373xc.o(.text) referenced from startup_stm32f373xc.o(RESET)
 <LI><a href="#[1c]">DebugMon_Handler</a> from stm32f3xx_it.o(i.DebugMon_Handler) referenced from startup_stm32f373xc.o(RESET)
 <LI><a href="#[25]">EXTI0_IRQHandler</a> from startup_stm32f373xc.o(.text) referenced from startup_stm32f373xc.o(RESET)
 <LI><a href="#[47]">EXTI15_10_IRQHandler</a> from stm32f3xx_it.o(i.EXTI15_10_IRQHandler) referenced from startup_stm32f373xc.o(RESET)
 <LI><a href="#[26]">EXTI1_IRQHandler</a> from startup_stm32f373xc.o(.text) referenced from startup_stm32f373xc.o(RESET)
 <LI><a href="#[27]">EXTI2_TSC_IRQHandler</a> from startup_stm32f373xc.o(.text) referenced from startup_stm32f373xc.o(RESET)
 <LI><a href="#[28]">EXTI3_IRQHandler</a> from startup_stm32f373xc.o(.text) referenced from startup_stm32f373xc.o(RESET)
 <LI><a href="#[29]">EXTI4_IRQHandler</a> from startup_stm32f373xc.o(.text) referenced from startup_stm32f373xc.o(RESET)
 <LI><a href="#[36]">EXTI9_5_IRQHandler</a> from stm32f3xx_it.o(i.EXTI9_5_IRQHandler) referenced from startup_stm32f373xc.o(RESET)
 <LI><a href="#[23]">FLASH_IRQHandler</a> from startup_stm32f373xc.o(.text) referenced from startup_stm32f373xc.o(RESET)
 <LI><a href="#[5e]">FPU_IRQHandler</a> from startup_stm32f373xc.o(.text) referenced from startup_stm32f373xc.o(RESET)
 <LI><a href="#[17]">HardFault_Handler</a> from stm32f3xx_it.o(.emb_text) referenced from startup_stm32f373xc.o(RESET)
 <LI><a href="#[3f]">I2C1_ER_IRQHandler</a> from startup_stm32f373xc.o(.text) referenced from startup_stm32f373xc.o(RESET)
 <LI><a href="#[3e]">I2C1_EV_IRQHandler</a> from startup_stm32f373xc.o(.text) referenced from startup_stm32f373xc.o(RESET)
 <LI><a href="#[41]">I2C2_ER_IRQHandler</a> from startup_stm32f373xc.o(.text) referenced from startup_stm32f373xc.o(RESET)
 <LI><a href="#[40]">I2C2_EV_IRQHandler</a> from startup_stm32f373xc.o(.text) referenced from startup_stm32f373xc.o(RESET)
 <LI><a href="#[94]">Led_flash_task</a> from test.o(i.Led_flash_task) referenced from test.o(i.Led_flash_task)
 <LI><a href="#[94]">Led_flash_task</a> from test.o(i.Led_flash_task) referenced from main.o(i.main)
 <LI><a href="#[79]">MachinesRPEStart</a> from machines.o(i.MachinesRPEStart) referenced from serial_com.o(i.command_analyze)
 <LI><a href="#[79]">MachinesRPEStart</a> from machines.o(i.MachinesRPEStart) referenced from machines.o(i.init_mach)
 <LI><a href="#[7a]">MachinesRPEStop</a> from machines.o(i.MachinesRPEStop) referenced from serial_com.o(i.command_analyze)
 <LI><a href="#[18]">MemManage_Handler</a> from stm32f3xx_it.o(i.MemManage_Handler) referenced from startup_stm32f373xc.o(RESET)
 <LI><a href="#[16]">NMI_Handler</a> from stm32f3xx_it.o(i.NMI_Handler) referenced from startup_stm32f373xc.o(RESET)
 <LI><a href="#[20]">PVD_IRQHandler</a> from startup_stm32f373xc.o(.text) referenced from startup_stm32f373xc.o(RESET)
 <LI><a href="#[1d]">PendSV_Handler</a> from stm32f3xx_it.o(i.PendSV_Handler) referenced from startup_stm32f373xc.o(RESET)
 <LI><a href="#[24]">RCC_IRQHandler</a> from startup_stm32f373xc.o(.text) referenced from startup_stm32f373xc.o(RESET)
 <LI><a href="#[48]">RTC_Alarm_IRQHandler</a> from startup_stm32f373xc.o(.text) referenced from startup_stm32f373xc.o(RESET)
 <LI><a href="#[22]">RTC_WKUP_IRQHandler</a> from startup_stm32f373xc.o(.text) referenced from startup_stm32f373xc.o(RESET)
 <LI><a href="#[15]">Reset_Handler</a> from startup_stm32f373xc.o(.text) referenced from startup_stm32f373xc.o(RESET)
 <LI><a href="#[56]">SDADC1_IRQHandler</a> from stm32f3xx_it.o(i.SDADC1_IRQHandler) referenced from startup_stm32f373xc.o(RESET)
 <LI><a href="#[57]">SDADC2_IRQHandler</a> from stm32f3xx_it.o(i.SDADC2_IRQHandler) referenced from startup_stm32f373xc.o(RESET)
 <LI><a href="#[58]">SDADC3_IRQHandler</a> from stm32f3xx_it.o(i.SDADC3_IRQHandler) referenced from startup_stm32f373xc.o(RESET)
 <LI><a href="#[42]">SPI1_IRQHandler</a> from startup_stm32f373xc.o(.text) referenced from startup_stm32f373xc.o(RESET)
 <LI><a href="#[43]">SPI2_IRQHandler</a> from startup_stm32f373xc.o(.text) referenced from startup_stm32f373xc.o(RESET)
 <LI><a href="#[4e]">SPI3_IRQHandler</a> from startup_stm32f373xc.o(.text) referenced from startup_stm32f373xc.o(RESET)
 <LI><a href="#[1b]">SVC_Handler</a> from stm32f3xx_it.o(i.SVC_Handler) referenced from startup_stm32f373xc.o(RESET)
 <LI><a href="#[65]">SinchronusTransmittFunc</a> from serial_com.o(i.SinchronusTransmittFunc) referenced from serial_com.o(i.SinchronusTransmittFunc)
 <LI><a href="#[65]">SinchronusTransmittFunc</a> from serial_com.o(i.SinchronusTransmittFunc) referenced from serial_com.o(i.TIM2_IRQHandler)
 <LI><a href="#[9b]">SynchronusProcess</a> from serial_com.o(i.SynchronusProcess) referenced from serial_com.o(i.SynchronusProcess)
 <LI><a href="#[9b]">SynchronusProcess</a> from serial_com.o(i.SynchronusProcess) referenced from serial_com.o(i.serial_com_init)
 <LI><a href="#[1e]">SysTick_Handler</a> from stm32f3xx_it.o(i.SysTick_Handler) referenced from startup_stm32f373xc.o(RESET)
 <LI><a href="#[60]">SystemInit</a> from system_stm32f3xx.o(i.SystemInit) referenced from startup_stm32f373xc.o(.text)
 <LI><a href="#[21]">TAMP_STAMP_IRQHandler</a> from startup_stm32f373xc.o(.text) referenced from startup_stm32f373xc.o(RESET)
 <LI><a href="#[4a]">TIM12_IRQHandler</a> from startup_stm32f373xc.o(.text) referenced from startup_stm32f373xc.o(RESET)
 <LI><a href="#[4b]">TIM13_IRQHandler</a> from startup_stm32f373xc.o(.text) referenced from startup_stm32f373xc.o(RESET)
 <LI><a href="#[4c]">TIM14_IRQHandler</a> from startup_stm32f373xc.o(.text) referenced from startup_stm32f373xc.o(RESET)
 <LI><a href="#[37]">TIM15_IRQHandler</a> from startup_stm32f373xc.o(.text) referenced from startup_stm32f373xc.o(RESET)
 <LI><a href="#[38]">TIM16_IRQHandler</a> from startup_stm32f373xc.o(.text) referenced from startup_stm32f373xc.o(RESET)
 <LI><a href="#[39]">TIM17_IRQHandler</a> from startup_stm32f373xc.o(.text) referenced from startup_stm32f373xc.o(RESET)
 <LI><a href="#[3a]">TIM18_DAC2_IRQHandler</a> from startup_stm32f373xc.o(.text) referenced from startup_stm32f373xc.o(RESET)
 <LI><a href="#[5d]">TIM19_IRQHandler</a> from startup_stm32f373xc.o(.text) referenced from startup_stm32f373xc.o(RESET)
 <LI><a href="#[3b]">TIM2_IRQHandler</a> from serial_com.o(i.TIM2_IRQHandler) referenced from startup_stm32f373xc.o(RESET)
 <LI><a href="#[3c]">TIM3_IRQHandler</a> from stm32f3xx_it.o(i.TIM3_IRQHandler) referenced from startup_stm32f373xc.o(RESET)
 <LI><a href="#[3d]">TIM4_IRQHandler</a> from startup_stm32f373xc.o(.text) referenced from startup_stm32f373xc.o(RESET)
 <LI><a href="#[4d]">TIM5_IRQHandler</a> from startup_stm32f373xc.o(.text) referenced from startup_stm32f373xc.o(RESET)
 <LI><a href="#[4f]">TIM6_DAC1_IRQHandler</a> from startup_stm32f373xc.o(.text) referenced from startup_stm32f373xc.o(RESET)
 <LI><a href="#[50]">TIM7_IRQHandler</a> from stm32f3xx_it.o(i.TIM7_IRQHandler) referenced from startup_stm32f373xc.o(RESET)
 <LI><a href="#[44]">USART1_IRQHandler</a> from startup_stm32f373xc.o(.text) referenced from startup_stm32f373xc.o(RESET)
 <LI><a href="#[45]">USART2_IRQHandler</a> from startup_stm32f373xc.o(.text) referenced from startup_stm32f373xc.o(RESET)
 <LI><a href="#[46]">USART3_IRQHandler</a> from startup_stm32f373xc.o(.text) referenced from startup_stm32f373xc.o(RESET)
 <LI><a href="#[4]">USBD_CDC_DataIn</a> from usbd_cdc.o(i.USBD_CDC_DataIn) referenced 2 times from usbd_cdc.o(.data)
 <LI><a href="#[5]">USBD_CDC_DataOut</a> from usbd_cdc.o(i.USBD_CDC_DataOut) referenced 2 times from usbd_cdc.o(.data)
 <LI><a href="#[1]">USBD_CDC_DeInit</a> from usbd_cdc.o(i.USBD_CDC_DeInit) referenced 2 times from usbd_cdc.o(.data)
 <LI><a href="#[3]">USBD_CDC_EP0_RxReady</a> from usbd_cdc.o(i.USBD_CDC_EP0_RxReady) referenced 2 times from usbd_cdc.o(.data)
 <LI><a href="#[9]">USBD_CDC_GetDeviceQualifierDescriptor</a> from usbd_cdc.o(i.USBD_CDC_GetDeviceQualifierDescriptor) referenced 2 times from usbd_cdc.o(.data)
 <LI><a href="#[7]">USBD_CDC_GetFSCfgDesc</a> from usbd_cdc.o(i.USBD_CDC_GetFSCfgDesc) referenced 2 times from usbd_cdc.o(.data)
 <LI><a href="#[6]">USBD_CDC_GetHSCfgDesc</a> from usbd_cdc.o(i.USBD_CDC_GetHSCfgDesc) referenced 2 times from usbd_cdc.o(.data)
 <LI><a href="#[8]">USBD_CDC_GetOtherSpeedCfgDesc</a> from usbd_cdc.o(i.USBD_CDC_GetOtherSpeedCfgDesc) referenced 2 times from usbd_cdc.o(.data)
 <LI><a href="#[0]">USBD_CDC_Init</a> from usbd_cdc.o(i.USBD_CDC_Init) referenced 2 times from usbd_cdc.o(.data)
 <LI><a href="#[2]">USBD_CDC_Setup</a> from usbd_cdc.o(i.USBD_CDC_Setup) referenced 2 times from usbd_cdc.o(.data)
 <LI><a href="#[13]">USBD_FS_ConfigStrDescriptor</a> from usbd_desc.o(i.USBD_FS_ConfigStrDescriptor) referenced 2 times from usbd_desc.o(.data)
 <LI><a href="#[e]">USBD_FS_DeviceDescriptor</a> from usbd_desc.o(i.USBD_FS_DeviceDescriptor) referenced 2 times from usbd_desc.o(.data)
 <LI><a href="#[14]">USBD_FS_InterfaceStrDescriptor</a> from usbd_desc.o(i.USBD_FS_InterfaceStrDescriptor) referenced 2 times from usbd_desc.o(.data)
 <LI><a href="#[f]">USBD_FS_LangIDStrDescriptor</a> from usbd_desc.o(i.USBD_FS_LangIDStrDescriptor) referenced 2 times from usbd_desc.o(.data)
 <LI><a href="#[10]">USBD_FS_ManufacturerStrDescriptor</a> from usbd_desc.o(i.USBD_FS_ManufacturerStrDescriptor) referenced 2 times from usbd_desc.o(.data)
 <LI><a href="#[11]">USBD_FS_ProductStrDescriptor</a> from usbd_desc.o(i.USBD_FS_ProductStrDescriptor) referenced 2 times from usbd_desc.o(.data)
 <LI><a href="#[12]">USBD_FS_SerialStrDescriptor</a> from usbd_desc.o(i.USBD_FS_SerialStrDescriptor) referenced 2 times from usbd_desc.o(.data)
 <LI><a href="#[5c]">USBWakeUp_IRQHandler</a> from startup_stm32f373xc.o(.text) referenced from startup_stm32f373xc.o(RESET)
 <LI><a href="#[5a]">USB_HP_IRQHandler</a> from startup_stm32f373xc.o(.text) referenced from startup_stm32f373xc.o(RESET)
 <LI><a href="#[5b]">USB_LP_IRQHandler</a> from stm32f3xx_it.o(i.USB_LP_IRQHandler) referenced from startup_stm32f373xc.o(RESET)
 <LI><a href="#[1a]">UsageFault_Handler</a> from stm32f3xx_it.o(i.UsageFault_Handler) referenced from startup_stm32f373xc.o(RESET)
 <LI><a href="#[1f]">WWDG_IRQHandler</a> from startup_stm32f373xc.o(.text) referenced from startup_stm32f373xc.o(RESET)
 <LI><a href="#[85]">WeldingRPEStart</a> from welding.o(i.WeldingRPEStart) referenced from serial_com.o(i.command_analyze)
 <LI><a href="#[85]">WeldingRPEStart</a> from welding.o(i.WeldingRPEStart) referenced from welding.o(i.init_weld)
 <LI><a href="#[86]">WeldingRPEStop</a> from welding.o(i.WeldingRPEStop) referenced from serial_com.o(i.command_analyze)
 <LI><a href="#[61]">__main</a> from entry.o(.ARM.Collect$$$$00000000) referenced from startup_stm32f373xc.o(.text)
 <LI><a href="#[63]">_sbackspace</a> from _sgetc.o(.text) referenced from strtod.o(.text)
 <LI><a href="#[62]">_sgetc</a> from _sgetc.o(.text) referenced from strtod.o(.text)
 <LI><a href="#[67]">_snputc</a> from printfa.o(i._snputc) referenced from printfa.o(i.__0snprintf)
 <LI><a href="#[68]">_sputc</a> from printfa.o(i._sputc) referenced from printfa.o(i.__0sprintf)
 <LI><a href="#[91]">calibMeasure</a> from calibration.o(i.calibMeasure) referenced from calibration.o(i.calibMeasure)
 <LI><a href="#[91]">calibMeasure</a> from calibration.o(i.calibMeasure) referenced from serial_com.o(i.command_analyze)
 <LI><a href="#[69]">command_do_events</a> from serial_com.o(i.command_do_events) referenced from serial_com.o(i.add_command_to_queue)
 <LI><a href="#[96]">compute_THD_with_FFT</a> from do_task.o(i.compute_THD_with_FFT) referenced from sdadc.o(i.measure_IL_Current)
 <LI><a href="#[96]">compute_THD_with_FFT</a> from do_task.o(i.compute_THD_with_FFT) referenced from sdadc.o(i.measure_ULN_Voltage)
 <LI><a href="#[98]">compute_rms</a> from sdadc.o(i.compute_rms) referenced from do_task.o(i.measuring_task_fft)
 <LI><a href="#[98]">compute_rms</a> from sdadc.o(i.compute_rms) referenced from do_task.o(i.measuring_task_no_THD)
 <LI><a href="#[71]">cord_RISO_onePhaseToPE</a> from cord.o(i.cord_RISO_onePhaseToPE) referenced from serial_com.o(i.command_analyze)
 <LI><a href="#[71]">cord_RISO_onePhaseToPE</a> from cord.o(i.cord_RISO_onePhaseToPE) referenced 2 times from cord.o(i.cord_RISO_onePhaseToPE)
 <LI><a href="#[72]">cord_RISO_phaseToPhase</a> from cord.o(i.cord_RISO_phaseToPhase) referenced from serial_com.o(i.command_analyze)
 <LI><a href="#[72]">cord_RISO_phaseToPhase</a> from cord.o(i.cord_RISO_phaseToPhase) referenced 2 times from cord.o(i.cord_RISO_phaseToPhase)
 <LI><a href="#[70]">cord_RISO_phasesToPE</a> from cord.o(i.cord_RISO_phasesToPE) referenced from serial_com.o(i.command_analyze)
 <LI><a href="#[70]">cord_RISO_phasesToPE</a> from cord.o(i.cord_RISO_phasesToPE) referenced 2 times from cord.o(i.cord_RISO_phasesToPE)
 <LI><a href="#[6f]">cord_continuity_test</a> from cord.o(i.cord_continuity_test) referenced from serial_com.o(i.command_analyze)
 <LI><a href="#[6f]">cord_continuity_test</a> from cord.o(i.cord_continuity_test) referenced from cord.o(i.cord_continuity_test)
 <LI><a href="#[6e]">cord_meas_correct_wiring</a> from cord.o(i.cord_meas_correct_wiring) referenced from serial_com.o(i.command_analyze)
 <LI><a href="#[6e]">cord_meas_correct_wiring</a> from cord.o(i.cord_meas_correct_wiring) referenced from cord.o(i.cord_meas_correct_wiring)
 <LI><a href="#[6e]">cord_meas_correct_wiring</a> from cord.o(i.cord_meas_correct_wiring) referenced from cord.o(i.init_cord)
 <LI><a href="#[6d]">deinitCord</a> from cord.o(i.deinitCord) referenced from serial_com.o(i.command_analyze)
 <LI><a href="#[75]">deinitMachines</a> from machines.o(i.deinitMachines) referenced from serial_com.o(i.command_analyze)
 <LI><a href="#[81]">deinitWelding</a> from welding.o(i.deinitWelding) referenced from serial_com.o(i.command_analyze)
 <LI><a href="#[6c]">init_cord</a> from cord.o(i.init_cord) referenced 2 times from serial_com.o(i.command_analyze)
 <LI><a href="#[6c]">init_cord</a> from cord.o(i.init_cord) referenced from cord.o(i.cord_meas_correct_wiring)
 <LI><a href="#[6c]">init_cord</a> from cord.o(i.init_cord) referenced 3 times from cord.o(i.init_cord)
 <LI><a href="#[74]">init_mach</a> from machines.o(i.init_mach) referenced from serial_com.o(i.command_analyze)
 <LI><a href="#[74]">init_mach</a> from machines.o(i.init_mach) referenced 3 times from machines.o(i.init_mach)
 <LI><a href="#[80]">init_weld</a> from welding.o(i.init_weld) referenced from serial_com.o(i.command_analyze)
 <LI><a href="#[80]">init_weld</a> from welding.o(i.init_weld) referenced 3 times from welding.o(i.init_weld)
 <LI><a href="#[64]">isspace</a> from isspace_o.o(.text) referenced from strtod.o(.text)
 <LI><a href="#[9a]">led_blinking_task</a> from do_task.o(i.led_blinking_task) referenced from do_task.o(i.led_blinking_task)
 <LI><a href="#[9a]">led_blinking_task</a> from do_task.o(i.led_blinking_task) referenced from do_task.o(i.power_on_test)
 <LI><a href="#[77]">mach_RISO_onePhaseToPE</a> from machines.o(i.mach_RISO_onePhaseToPE) referenced from serial_com.o(i.command_analyze)
 <LI><a href="#[77]">mach_RISO_onePhaseToPE</a> from machines.o(i.mach_RISO_onePhaseToPE) referenced 2 times from machines.o(i.mach_RISO_onePhaseToPE)
 <LI><a href="#[76]">mach_RISO_phasesToPE</a> from machines.o(i.mach_RISO_phasesToPE) referenced from serial_com.o(i.command_analyze)
 <LI><a href="#[76]">mach_RISO_phasesToPE</a> from machines.o(i.mach_RISO_phasesToPE) referenced 2 times from machines.o(i.mach_RISO_phasesToPE)
 <LI><a href="#[7b]">mach_URES</a> from machines.o(i.mach_URES) referenced from serial_com.o(i.command_analyze)
 <LI><a href="#[7b]">mach_URES</a> from machines.o(i.mach_URES) referenced 2 times from machines.o(i.mach_URES)
 <LI><a href="#[7c]">mach_URES_Stop</a> from machines.o(i.mach_URES_Stop) referenced from serial_com.o(i.command_analyze)
 <LI><a href="#[7c]">mach_URES_Stop</a> from machines.o(i.mach_URES_Stop) referenced from machines.o(i.mach_URES)
 <LI><a href="#[5f]">main</a> from main.o(i.main) referenced from entry9a.o(.ARM.Collect$$$$0000000B)
 <LI><a href="#[97]">measuring_task_fft</a> from do_task.o(i.measuring_task_fft) referenced from do_task.o(i.measuring_task_fft)
 <LI><a href="#[97]">measuring_task_fft</a> from do_task.o(i.measuring_task_fft) referenced from do_task.o(i.start_measure)
 <LI><a href="#[99]">measuring_task_no_THD</a> from do_task.o(i.measuring_task_no_THD) referenced from do_task.o(i.measuring_task_no_THD)
 <LI><a href="#[99]">measuring_task_no_THD</a> from do_task.o(i.measuring_task_no_THD) referenced from do_task.o(i.start_measure_no_THD)
 <LI><a href="#[93]">power_on_test</a> from do_task.o(i.power_on_test) referenced from cord.o(i.init_cord)
 <LI><a href="#[93]">power_on_test</a> from do_task.o(i.power_on_test) referenced from machines.o(i.init_mach)
 <LI><a href="#[93]">power_on_test</a> from do_task.o(i.power_on_test) referenced from welding.o(i.init_weld)
 <LI><a href="#[93]">power_on_test</a> from do_task.o(i.power_on_test) referenced from main.o(i.main)
 <LI><a href="#[93]">power_on_test</a> from do_task.o(i.power_on_test) referenced from do_task.o(i.power_on_test)
 <LI><a href="#[7f]">returnMeasuredTask</a> from com_meas_tasks.o(i.returnMeasuredTask) referenced 2 times from serial_com.o(i.command_analyze)
 <LI><a href="#[6b]">send_mains_status</a> from do_task.o(i.send_mains_status) referenced from serial_com.o(i.command_analyze)
 <LI><a href="#[6b]">send_mains_status</a> from do_task.o(i.send_mains_status) referenced from cord.o(i.init_cord)
 <LI><a href="#[6b]">send_mains_status</a> from do_task.o(i.send_mains_status) referenced from machines.o(i.init_mach)
 <LI><a href="#[6b]">send_mains_status</a> from do_task.o(i.send_mains_status) referenced from welding.o(i.init_weld)
 <LI><a href="#[6b]">send_mains_status</a> from do_task.o(i.send_mains_status) referenced from main.o(i.start_set_normal)
 <LI><a href="#[6a]">send_warning_MSG</a> from comunication.o(i.send_warning_MSG) referenced from serial_com.o(i.command_analyze)
 <LI><a href="#[6a]">send_warning_MSG</a> from comunication.o(i.send_warning_MSG) referenced from do_task.o(i.power_on_test)
 <LI><a href="#[7d]">startMainsMeasurement</a> from com_meas_tasks.o(i.startMainsMeasurement) referenced 2 times from serial_com.o(i.command_analyze)
 <LI><a href="#[95]">start_set_normal</a> from main.o(i.start_set_normal) referenced from main.o(i.main)
 <LI><a href="#[95]">start_set_normal</a> from main.o(i.start_set_normal) referenced from main.o(i.start_set_normal)
 <LI><a href="#[7e]">stopMainsMeasurement</a> from com_meas_tasks.o(i.stopMainsMeasurement) referenced 2 times from serial_com.o(i.command_analyze)
 <LI><a href="#[73]">stop_cord</a> from cord.o(i.stop_cord) referenced from serial_com.o(i.command_analyze)
 <LI><a href="#[78]">stop_mach</a> from machines.o(i.stop_mach) referenced from serial_com.o(i.command_analyze)
 <LI><a href="#[84]">stop_weld</a> from welding.o(i.stop_weld) referenced from serial_com.o(i.command_analyze)
 <LI><a href="#[9c]">transmit_command_handle</a> from serial_com.o(i.transmit_command_handle) referenced from serial_com.o(i.transmit_command_handle)
 <LI><a href="#[9c]">transmit_command_handle</a> from serial_com.o(i.transmit_command_handle) referenced from serial_com.o(i.transmit_func)
 <LI><a href="#[92]">transmittCalibConstants</a> from calibration.o(i.transmittCalibConstants) referenced from serial_com.o(i.command_analyze)
 <LI><a href="#[66]">usbCheckTask</a> from comunication.o(i.usbCheckTask) referenced from comunication.o(i.USBConnected_Handler)
 <LI><a href="#[66]">usbCheckTask</a> from comunication.o(i.usbCheckTask) referenced from comunication.o(i.usbCheckTask)
 <LI><a href="#[8b]">weld_RISO_MainsToClass2</a> from welding.o(i.weld_RISO_MainsToClass2) referenced from serial_com.o(i.command_analyze)
 <LI><a href="#[8b]">weld_RISO_MainsToClass2</a> from welding.o(i.weld_RISO_MainsToClass2) referenced 2 times from welding.o(i.weld_RISO_MainsToClass2)
 <LI><a href="#[8c]">weld_RISO_MainsToClass2_Stop</a> from welding.o(i.weld_RISO_MainsToClass2_Stop) referenced from serial_com.o(i.command_analyze)
 <LI><a href="#[87]">weld_RISO_MainsToWeld</a> from welding.o(i.weld_RISO_MainsToWeld) referenced from serial_com.o(i.command_analyze)
 <LI><a href="#[87]">weld_RISO_MainsToWeld</a> from welding.o(i.weld_RISO_MainsToWeld) referenced 2 times from welding.o(i.weld_RISO_MainsToWeld)
 <LI><a href="#[88]">weld_RISO_MainsToWeld_Stop</a> from welding.o(i.weld_RISO_MainsToWeld_Stop) referenced from serial_com.o(i.command_analyze)
 <LI><a href="#[89]">weld_RISO_WeldToPE</a> from welding.o(i.weld_RISO_WeldToPE) referenced from serial_com.o(i.command_analyze)
 <LI><a href="#[89]">weld_RISO_WeldToPE</a> from welding.o(i.weld_RISO_WeldToPE) referenced 2 times from welding.o(i.weld_RISO_WeldToPE)
 <LI><a href="#[8a]">weld_RISO_WeldToPE_Stop</a> from welding.o(i.weld_RISO_WeldToPE_Stop) referenced from serial_com.o(i.command_analyze)
 <LI><a href="#[83]">weld_RISO_onePhaseToPE</a> from welding.o(i.weld_RISO_onePhaseToPE) referenced from serial_com.o(i.command_analyze)
 <LI><a href="#[83]">weld_RISO_onePhaseToPE</a> from welding.o(i.weld_RISO_onePhaseToPE) referenced 2 times from welding.o(i.weld_RISO_onePhaseToPE)
 <LI><a href="#[82]">weld_RISO_phasesToPE</a> from welding.o(i.weld_RISO_phasesToPE) referenced from serial_com.o(i.command_analyze)
 <LI><a href="#[82]">weld_RISO_phasesToPE</a> from welding.o(i.weld_RISO_phasesToPE) referenced 2 times from welding.o(i.weld_RISO_phasesToPE)
 <LI><a href="#[8d]">weld_UnlStart_RMS</a> from welding.o(i.weld_UnlStart_RMS) referenced from serial_com.o(i.command_analyze)
 <LI><a href="#[8f]">weld_UnlStart_peak</a> from welding.o(i.weld_UnlStart_peak) referenced from serial_com.o(i.command_analyze)
 <LI><a href="#[8e]">weld_UnlStop_RMS</a> from welding.o(i.weld_UnlStop_RMS) referenced from serial_com.o(i.command_analyze)
 <LI><a href="#[90]">weld_UnlStop_peak</a> from welding.o(i.weld_UnlStop_peak) referenced from serial_com.o(i.command_analyze)
</UL>
<P>
<H3>
Global Symbols
</H3>
<P><STRONG><a name="[61]"></a>__main</STRONG> (Thumb, 0 bytes, Stack size unknown bytes, entry.o(.ARM.Collect$$$$00000000))
<BR>[Address Reference Count : 1]<UL><LI> startup_stm32f373xc.o(.text)
</UL>
<P><STRONG><a name="[225]"></a>_main_stk</STRONG> (Thumb, 0 bytes, Stack size unknown bytes, entry2.o(.ARM.Collect$$$$00000001))

<P><STRONG><a name="[9e]"></a>_main_scatterload</STRONG> (Thumb, 0 bytes, Stack size unknown bytes, entry5.o(.ARM.Collect$$$$00000004))
<BR><BR>[Calls]<UL><LI><a href="#[9f]">&gt;&gt;</a>&nbsp;&nbsp;&nbsp;__scatterload
</UL>

<P><STRONG><a name="[ba]"></a>__main_after_scatterload</STRONG> (Thumb, 0 bytes, Stack size unknown bytes, entry5.o(.ARM.Collect$$$$00000004))
<BR><BR>[Called By]<UL><LI><a href="#[9f]">&gt;&gt;</a>&nbsp;&nbsp;&nbsp;__scatterload
</UL>

<P><STRONG><a name="[226]"></a>_main_clock</STRONG> (Thumb, 0 bytes, Stack size unknown bytes, entry7b.o(.ARM.Collect$$$$00000008))

<P><STRONG><a name="[227]"></a>_main_cpp_init</STRONG> (Thumb, 0 bytes, Stack size unknown bytes, entry8b.o(.ARM.Collect$$$$0000000A))

<P><STRONG><a name="[228]"></a>_main_init</STRONG> (Thumb, 0 bytes, Stack size unknown bytes, entry9a.o(.ARM.Collect$$$$0000000B))

<P><STRONG><a name="[229]"></a>__rt_final_cpp</STRONG> (Thumb, 0 bytes, Stack size unknown bytes, entry10a.o(.ARM.Collect$$$$0000000D))

<P><STRONG><a name="[22a]"></a>__rt_final_exit</STRONG> (Thumb, 0 bytes, Stack size unknown bytes, entry11a.o(.ARM.Collect$$$$0000000F))

<P><STRONG><a name="[17]"></a>HardFault_Handler</STRONG> (Thumb, 8 bytes, Stack size 0 bytes, stm32f3xx_it.o(.emb_text))
<BR><BR>[Stack]<UL><LI>Max Depth = 72<LI>Call Chain = HardFault_Handler &rArr; Hard_Fault_Handler &rArr; stackDump &rArr; printErrorMsg &rArr; CDC_Transmit_FS &rArr; USBD_CDC_TransmitPacket &rArr; USBD_LL_Transmit &rArr; HAL_PCD_EP_Transmit &rArr; PCD_WritePMA
</UL>
<BR>[Calls]<UL><LI><a href="#[9d]">&gt;&gt;</a>&nbsp;&nbsp;&nbsp;Hard_Fault_Handler
</UL>
<BR>[Address Reference Count : 1]<UL><LI> startup_stm32f373xc.o(RESET)
</UL>
<P><STRONG><a name="[15]"></a>Reset_Handler</STRONG> (Thumb, 8 bytes, Stack size 0 bytes, startup_stm32f373xc.o(.text))
<BR>[Address Reference Count : 1]<UL><LI> startup_stm32f373xc.o(RESET)
</UL>
<P><STRONG><a name="[31]"></a>ADC1_IRQHandler</STRONG> (Thumb, 0 bytes, Stack size 0 bytes, startup_stm32f373xc.o(.text))
<BR><BR>[Calls]<UL><LI><a href="#[31]">&gt;&gt;</a>&nbsp;&nbsp;&nbsp;ADC1_IRQHandler
</UL>
<BR>[Called By]<UL><LI><a href="#[31]">&gt;&gt;</a>&nbsp;&nbsp;&nbsp;ADC1_IRQHandler
</UL>
<BR>[Address Reference Count : 1]<UL><LI> startup_stm32f373xc.o(RESET)
</UL>
<P><STRONG><a name="[33]"></a>CAN_RX0_IRQHandler</STRONG> (Thumb, 0 bytes, Stack size 0 bytes, startup_stm32f373xc.o(.text))
<BR>[Address Reference Count : 1]<UL><LI> startup_stm32f373xc.o(RESET)
</UL>
<P><STRONG><a name="[34]"></a>CAN_RX1_IRQHandler</STRONG> (Thumb, 0 bytes, Stack size 0 bytes, startup_stm32f373xc.o(.text))
<BR>[Address Reference Count : 1]<UL><LI> startup_stm32f373xc.o(RESET)
</UL>
<P><STRONG><a name="[35]"></a>CAN_SCE_IRQHandler</STRONG> (Thumb, 0 bytes, Stack size 0 bytes, startup_stm32f373xc.o(.text))
<BR>[Address Reference Count : 1]<UL><LI> startup_stm32f373xc.o(RESET)
</UL>
<P><STRONG><a name="[32]"></a>CAN_TX_IRQHandler</STRONG> (Thumb, 0 bytes, Stack size 0 bytes, startup_stm32f373xc.o(.text))
<BR>[Address Reference Count : 1]<UL><LI> startup_stm32f373xc.o(RESET)
</UL>
<P><STRONG><a name="[49]"></a>CEC_IRQHandler</STRONG> (Thumb, 0 bytes, Stack size 0 bytes, startup_stm32f373xc.o(.text))
<BR>[Address Reference Count : 1]<UL><LI> startup_stm32f373xc.o(RESET)
</UL>
<P><STRONG><a name="[59]"></a>COMP1_2_IRQHandler</STRONG> (Thumb, 0 bytes, Stack size 0 bytes, startup_stm32f373xc.o(.text))
<BR>[Address Reference Count : 1]<UL><LI> startup_stm32f373xc.o(RESET)
</UL>
<P><STRONG><a name="[2a]"></a>DMA1_Channel1_IRQHandler</STRONG> (Thumb, 0 bytes, Stack size 0 bytes, startup_stm32f373xc.o(.text))
<BR>[Address Reference Count : 1]<UL><LI> startup_stm32f373xc.o(RESET)
</UL>
<P><STRONG><a name="[2b]"></a>DMA1_Channel2_IRQHandler</STRONG> (Thumb, 0 bytes, Stack size 0 bytes, startup_stm32f373xc.o(.text))
<BR>[Address Reference Count : 1]<UL><LI> startup_stm32f373xc.o(RESET)
</UL>
<P><STRONG><a name="[2c]"></a>DMA1_Channel3_IRQHandler</STRONG> (Thumb, 0 bytes, Stack size 0 bytes, startup_stm32f373xc.o(.text))
<BR>[Address Reference Count : 1]<UL><LI> startup_stm32f373xc.o(RESET)
</UL>
<P><STRONG><a name="[2d]"></a>DMA1_Channel4_IRQHandler</STRONG> (Thumb, 0 bytes, Stack size 0 bytes, startup_stm32f373xc.o(.text))
<BR>[Address Reference Count : 1]<UL><LI> startup_stm32f373xc.o(RESET)
</UL>
<P><STRONG><a name="[2e]"></a>DMA1_Channel5_IRQHandler</STRONG> (Thumb, 0 bytes, Stack size 0 bytes, startup_stm32f373xc.o(.text))
<BR>[Address Reference Count : 1]<UL><LI> startup_stm32f373xc.o(RESET)
</UL>
<P><STRONG><a name="[2f]"></a>DMA1_Channel6_IRQHandler</STRONG> (Thumb, 0 bytes, Stack size 0 bytes, startup_stm32f373xc.o(.text))
<BR>[Address Reference Count : 1]<UL><LI> startup_stm32f373xc.o(RESET)
</UL>
<P><STRONG><a name="[30]"></a>DMA1_Channel7_IRQHandler</STRONG> (Thumb, 0 bytes, Stack size 0 bytes, startup_stm32f373xc.o(.text))
<BR>[Address Reference Count : 1]<UL><LI> startup_stm32f373xc.o(RESET)
</UL>
<P><STRONG><a name="[51]"></a>DMA2_Channel1_IRQHandler</STRONG> (Thumb, 0 bytes, Stack size 0 bytes, startup_stm32f373xc.o(.text))
<BR>[Address Reference Count : 1]<UL><LI> startup_stm32f373xc.o(RESET)
</UL>
<P><STRONG><a name="[52]"></a>DMA2_Channel2_IRQHandler</STRONG> (Thumb, 0 bytes, Stack size 0 bytes, startup_stm32f373xc.o(.text))
<BR>[Address Reference Count : 1]<UL><LI> startup_stm32f373xc.o(RESET)
</UL>
<P><STRONG><a name="[53]"></a>DMA2_Channel3_IRQHandler</STRONG> (Thumb, 0 bytes, Stack size 0 bytes, startup_stm32f373xc.o(.text))
<BR>[Address Reference Count : 1]<UL><LI> startup_stm32f373xc.o(RESET)
</UL>
<P><STRONG><a name="[54]"></a>DMA2_Channel4_IRQHandler</STRONG> (Thumb, 0 bytes, Stack size 0 bytes, startup_stm32f373xc.o(.text))
<BR>[Address Reference Count : 1]<UL><LI> startup_stm32f373xc.o(RESET)
</UL>
<P><STRONG><a name="[55]"></a>DMA2_Channel5_IRQHandler</STRONG> (Thumb, 0 bytes, Stack size 0 bytes, startup_stm32f373xc.o(.text))
<BR>[Address Reference Count : 1]<UL><LI> startup_stm32f373xc.o(RESET)
</UL>
<P><STRONG><a name="[25]"></a>EXTI0_IRQHandler</STRONG> (Thumb, 0 bytes, Stack size 0 bytes, startup_stm32f373xc.o(.text))
<BR>[Address Reference Count : 1]<UL><LI> startup_stm32f373xc.o(RESET)
</UL>
<P><STRONG><a name="[26]"></a>EXTI1_IRQHandler</STRONG> (Thumb, 0 bytes, Stack size 0 bytes, startup_stm32f373xc.o(.text))
<BR>[Address Reference Count : 1]<UL><LI> startup_stm32f373xc.o(RESET)
</UL>
<P><STRONG><a name="[27]"></a>EXTI2_TSC_IRQHandler</STRONG> (Thumb, 0 bytes, Stack size 0 bytes, startup_stm32f373xc.o(.text))
<BR>[Address Reference Count : 1]<UL><LI> startup_stm32f373xc.o(RESET)
</UL>
<P><STRONG><a name="[28]"></a>EXTI3_IRQHandler</STRONG> (Thumb, 0 bytes, Stack size 0 bytes, startup_stm32f373xc.o(.text))
<BR>[Address Reference Count : 1]<UL><LI> startup_stm32f373xc.o(RESET)
</UL>
<P><STRONG><a name="[29]"></a>EXTI4_IRQHandler</STRONG> (Thumb, 0 bytes, Stack size 0 bytes, startup_stm32f373xc.o(.text))
<BR>[Address Reference Count : 1]<UL><LI> startup_stm32f373xc.o(RESET)
</UL>
<P><STRONG><a name="[23]"></a>FLASH_IRQHandler</STRONG> (Thumb, 0 bytes, Stack size 0 bytes, startup_stm32f373xc.o(.text))
<BR>[Address Reference Count : 1]<UL><LI> startup_stm32f373xc.o(RESET)
</UL>
<P><STRONG><a name="[5e]"></a>FPU_IRQHandler</STRONG> (Thumb, 0 bytes, Stack size 0 bytes, startup_stm32f373xc.o(.text))
<BR>[Address Reference Count : 1]<UL><LI> startup_stm32f373xc.o(RESET)
</UL>
<P><STRONG><a name="[3f]"></a>I2C1_ER_IRQHandler</STRONG> (Thumb, 0 bytes, Stack size 0 bytes, startup_stm32f373xc.o(.text))
<BR>[Address Reference Count : 1]<UL><LI> startup_stm32f373xc.o(RESET)
</UL>
<P><STRONG><a name="[3e]"></a>I2C1_EV_IRQHandler</STRONG> (Thumb, 0 bytes, Stack size 0 bytes, startup_stm32f373xc.o(.text))
<BR>[Address Reference Count : 1]<UL><LI> startup_stm32f373xc.o(RESET)
</UL>
<P><STRONG><a name="[41]"></a>I2C2_ER_IRQHandler</STRONG> (Thumb, 0 bytes, Stack size 0 bytes, startup_stm32f373xc.o(.text))
<BR>[Address Reference Count : 1]<UL><LI> startup_stm32f373xc.o(RESET)
</UL>
<P><STRONG><a name="[40]"></a>I2C2_EV_IRQHandler</STRONG> (Thumb, 0 bytes, Stack size 0 bytes, startup_stm32f373xc.o(.text))
<BR>[Address Reference Count : 1]<UL><LI> startup_stm32f373xc.o(RESET)
</UL>
<P><STRONG><a name="[20]"></a>PVD_IRQHandler</STRONG> (Thumb, 0 bytes, Stack size 0 bytes, startup_stm32f373xc.o(.text))
<BR>[Address Reference Count : 1]<UL><LI> startup_stm32f373xc.o(RESET)
</UL>
<P><STRONG><a name="[24]"></a>RCC_IRQHandler</STRONG> (Thumb, 0 bytes, Stack size 0 bytes, startup_stm32f373xc.o(.text))
<BR>[Address Reference Count : 1]<UL><LI> startup_stm32f373xc.o(RESET)
</UL>
<P><STRONG><a name="[48]"></a>RTC_Alarm_IRQHandler</STRONG> (Thumb, 0 bytes, Stack size 0 bytes, startup_stm32f373xc.o(.text))
<BR>[Address Reference Count : 1]<UL><LI> startup_stm32f373xc.o(RESET)
</UL>
<P><STRONG><a name="[22]"></a>RTC_WKUP_IRQHandler</STRONG> (Thumb, 0 bytes, Stack size 0 bytes, startup_stm32f373xc.o(.text))
<BR>[Address Reference Count : 1]<UL><LI> startup_stm32f373xc.o(RESET)
</UL>
<P><STRONG><a name="[42]"></a>SPI1_IRQHandler</STRONG> (Thumb, 0 bytes, Stack size 0 bytes, startup_stm32f373xc.o(.text))
<BR>[Address Reference Count : 1]<UL><LI> startup_stm32f373xc.o(RESET)
</UL>
<P><STRONG><a name="[43]"></a>SPI2_IRQHandler</STRONG> (Thumb, 0 bytes, Stack size 0 bytes, startup_stm32f373xc.o(.text))
<BR>[Address Reference Count : 1]<UL><LI> startup_stm32f373xc.o(RESET)
</UL>
<P><STRONG><a name="[4e]"></a>SPI3_IRQHandler</STRONG> (Thumb, 0 bytes, Stack size 0 bytes, startup_stm32f373xc.o(.text))
<BR>[Address Reference Count : 1]<UL><LI> startup_stm32f373xc.o(RESET)
</UL>
<P><STRONG><a name="[21]"></a>TAMP_STAMP_IRQHandler</STRONG> (Thumb, 0 bytes, Stack size 0 bytes, startup_stm32f373xc.o(.text))
<BR>[Address Reference Count : 1]<UL><LI> startup_stm32f373xc.o(RESET)
</UL>
<P><STRONG><a name="[4a]"></a>TIM12_IRQHandler</STRONG> (Thumb, 0 bytes, Stack size 0 bytes, startup_stm32f373xc.o(.text))
<BR>[Address Reference Count : 1]<UL><LI> startup_stm32f373xc.o(RESET)
</UL>
<P><STRONG><a name="[4b]"></a>TIM13_IRQHandler</STRONG> (Thumb, 0 bytes, Stack size 0 bytes, startup_stm32f373xc.o(.text))
<BR>[Address Reference Count : 1]<UL><LI> startup_stm32f373xc.o(RESET)
</UL>
<P><STRONG><a name="[4c]"></a>TIM14_IRQHandler</STRONG> (Thumb, 0 bytes, Stack size 0 bytes, startup_stm32f373xc.o(.text))
<BR>[Address Reference Count : 1]<UL><LI> startup_stm32f373xc.o(RESET)
</UL>
<P><STRONG><a name="[37]"></a>TIM15_IRQHandler</STRONG> (Thumb, 0 bytes, Stack size 0 bytes, startup_stm32f373xc.o(.text))
<BR>[Address Reference Count : 1]<UL><LI> startup_stm32f373xc.o(RESET)
</UL>
<P><STRONG><a name="[38]"></a>TIM16_IRQHandler</STRONG> (Thumb, 0 bytes, Stack size 0 bytes, startup_stm32f373xc.o(.text))
<BR>[Address Reference Count : 1]<UL><LI> startup_stm32f373xc.o(RESET)
</UL>
<P><STRONG><a name="[39]"></a>TIM17_IRQHandler</STRONG> (Thumb, 0 bytes, Stack size 0 bytes, startup_stm32f373xc.o(.text))
<BR>[Address Reference Count : 1]<UL><LI> startup_stm32f373xc.o(RESET)
</UL>
<P><STRONG><a name="[3a]"></a>TIM18_DAC2_IRQHandler</STRONG> (Thumb, 0 bytes, Stack size 0 bytes, startup_stm32f373xc.o(.text))
<BR>[Address Reference Count : 1]<UL><LI> startup_stm32f373xc.o(RESET)
</UL>
<P><STRONG><a name="[5d]"></a>TIM19_IRQHandler</STRONG> (Thumb, 0 bytes, Stack size 0 bytes, startup_stm32f373xc.o(.text))
<BR>[Address Reference Count : 1]<UL><LI> startup_stm32f373xc.o(RESET)
</UL>
<P><STRONG><a name="[3d]"></a>TIM4_IRQHandler</STRONG> (Thumb, 0 bytes, Stack size 0 bytes, startup_stm32f373xc.o(.text))
<BR>[Address Reference Count : 1]<UL><LI> startup_stm32f373xc.o(RESET)
</UL>
<P><STRONG><a name="[4d]"></a>TIM5_IRQHandler</STRONG> (Thumb, 0 bytes, Stack size 0 bytes, startup_stm32f373xc.o(.text))
<BR>[Address Reference Count : 1]<UL><LI> startup_stm32f373xc.o(RESET)
</UL>
<P><STRONG><a name="[4f]"></a>TIM6_DAC1_IRQHandler</STRONG> (Thumb, 0 bytes, Stack size 0 bytes, startup_stm32f373xc.o(.text))
<BR>[Address Reference Count : 1]<UL><LI> startup_stm32f373xc.o(RESET)
</UL>
<P><STRONG><a name="[44]"></a>USART1_IRQHandler</STRONG> (Thumb, 0 bytes, Stack size 0 bytes, startup_stm32f373xc.o(.text))
<BR>[Address Reference Count : 1]<UL><LI> startup_stm32f373xc.o(RESET)
</UL>
<P><STRONG><a name="[45]"></a>USART2_IRQHandler</STRONG> (Thumb, 0 bytes, Stack size 0 bytes, startup_stm32f373xc.o(.text))
<BR>[Address Reference Count : 1]<UL><LI> startup_stm32f373xc.o(RESET)
</UL>
<P><STRONG><a name="[46]"></a>USART3_IRQHandler</STRONG> (Thumb, 0 bytes, Stack size 0 bytes, startup_stm32f373xc.o(.text))
<BR>[Address Reference Count : 1]<UL><LI> startup_stm32f373xc.o(RESET)
</UL>
<P><STRONG><a name="[5c]"></a>USBWakeUp_IRQHandler</STRONG> (Thumb, 0 bytes, Stack size 0 bytes, startup_stm32f373xc.o(.text))
<BR>[Address Reference Count : 1]<UL><LI> startup_stm32f373xc.o(RESET)
</UL>
<P><STRONG><a name="[5a]"></a>USB_HP_IRQHandler</STRONG> (Thumb, 0 bytes, Stack size 0 bytes, startup_stm32f373xc.o(.text))
<BR>[Address Reference Count : 1]<UL><LI> startup_stm32f373xc.o(RESET)
</UL>
<P><STRONG><a name="[1f]"></a>WWDG_IRQHandler</STRONG> (Thumb, 0 bytes, Stack size 0 bytes, startup_stm32f373xc.o(.text))
<BR>[Address Reference Count : 1]<UL><LI> startup_stm32f373xc.o(RESET)
</UL>
<P><STRONG><a name="[ab]"></a>__aeabi_llsr</STRONG> (Thumb, 32 bytes, Stack size 0 bytes, llushr.o(.text), UNUSED)
<BR><BR>[Called By]<UL><LI><a href="#[b3]">&gt;&gt;</a>&nbsp;&nbsp;&nbsp;_double_epilogue
<LI><a href="#[aa]">&gt;&gt;</a>&nbsp;&nbsp;&nbsp;__aeabi_uldivmod
<LI><a href="#[b9]">&gt;&gt;</a>&nbsp;&nbsp;&nbsp;__aeabi_d2ulz
</UL>

<P><STRONG><a name="[22b]"></a>_ll_ushift_r</STRONG> (Thumb, 0 bytes, Stack size 0 bytes, llushr.o(.text), UNUSED)

<P><STRONG><a name="[a0]"></a>__rt_ctype_table</STRONG> (Thumb, 4 bytes, Stack size 0 bytes, ctype_o.o(.text))
<BR><BR>[Called By]<UL><LI><a href="#[64]">&gt;&gt;</a>&nbsp;&nbsp;&nbsp;isspace
<LI><a href="#[a4]">&gt;&gt;</a>&nbsp;&nbsp;&nbsp;strtol
</UL>

<P><STRONG><a name="[64]"></a>isspace</STRONG> (Thumb, 18 bytes, Stack size 8 bytes, isspace_o.o(.text))
<BR><BR>[Stack]<UL><LI>Max Depth = 8<LI>Call Chain = isspace
</UL>
<BR>[Calls]<UL><LI><a href="#[a0]">&gt;&gt;</a>&nbsp;&nbsp;&nbsp;__rt_ctype_table
</UL>
<BR>[Address Reference Count : 1]<UL><LI> strtod.o(.text)
</UL>
<P><STRONG><a name="[22c]"></a>__aeabi_memcpy</STRONG> (Thumb, 36 bytes, Stack size 0 bytes, memcpya.o(.text), UNUSED)

<P><STRONG><a name="[ce]"></a>__aeabi_memcpy4</STRONG> (Thumb, 0 bytes, Stack size 0 bytes, memcpya.o(.text))
<BR><BR>[Called By]<UL><LI><a href="#[cd]">&gt;&gt;</a>&nbsp;&nbsp;&nbsp;CreateCommandInstance
</UL>

<P><STRONG><a name="[22d]"></a>__aeabi_memcpy8</STRONG> (Thumb, 0 bytes, Stack size 0 bytes, memcpya.o(.text), UNUSED)

<P><STRONG><a name="[a2]"></a>__aeabi_memset</STRONG> (Thumb, 14 bytes, Stack size 0 bytes, memseta.o(.text))
<BR><BR>[Called By]<UL><LI><a href="#[5f]">&gt;&gt;</a>&nbsp;&nbsp;&nbsp;main
<LI><a href="#[a3]">&gt;&gt;</a>&nbsp;&nbsp;&nbsp;_memset$wrapper
<LI><a href="#[a1]">&gt;&gt;</a>&nbsp;&nbsp;&nbsp;__aeabi_memclr
</UL>

<P><STRONG><a name="[22e]"></a>__aeabi_memset4</STRONG> (Thumb, 0 bytes, Stack size 0 bytes, memseta.o(.text), UNUSED)

<P><STRONG><a name="[22f]"></a>__aeabi_memset8</STRONG> (Thumb, 0 bytes, Stack size 0 bytes, memseta.o(.text), UNUSED)

<P><STRONG><a name="[a1]"></a>__aeabi_memclr</STRONG> (Thumb, 4 bytes, Stack size 0 bytes, memseta.o(.text))
<BR><BR>[Calls]<UL><LI><a href="#[a2]">&gt;&gt;</a>&nbsp;&nbsp;&nbsp;__aeabi_memset
</UL>
<BR>[Called By]<UL><LI><a href="#[15d]">&gt;&gt;</a>&nbsp;&nbsp;&nbsp;ParseMessage
</UL>

<P><STRONG><a name="[ca]"></a>__aeabi_memclr4</STRONG> (Thumb, 0 bytes, Stack size 0 bytes, memseta.o(.text))
<BR><BR>[Called By]<UL><LI><a href="#[c9]">&gt;&gt;</a>&nbsp;&nbsp;&nbsp;ConstructProtocolString
<LI><a href="#[15d]">&gt;&gt;</a>&nbsp;&nbsp;&nbsp;ParseMessage
</UL>

<P><STRONG><a name="[230]"></a>__aeabi_memclr8</STRONG> (Thumb, 0 bytes, Stack size 0 bytes, memseta.o(.text), UNUSED)

<P><STRONG><a name="[a3]"></a>_memset$wrapper</STRONG> (Thumb, 18 bytes, Stack size 8 bytes, memseta.o(.text), UNUSED)
<BR><BR>[Calls]<UL><LI><a href="#[a2]">&gt;&gt;</a>&nbsp;&nbsp;&nbsp;__aeabi_memset
</UL>

<P><STRONG><a name="[cc]"></a>strcat</STRONG> (Thumb, 24 bytes, Stack size 0 bytes, strcat.o(.text))
<BR><BR>[Called By]<UL><LI><a href="#[6b]">&gt;&gt;</a>&nbsp;&nbsp;&nbsp;send_mains_status
<LI><a href="#[223]">&gt;&gt;</a>&nbsp;&nbsp;&nbsp;weld_transmittOnePhaseToPE
<LI><a href="#[200]">&gt;&gt;</a>&nbsp;&nbsp;&nbsp;mach_transmittOnePhaseToPE
<LI><a href="#[1ed]">&gt;&gt;</a>&nbsp;&nbsp;&nbsp;tramsmitt_corect_wiring_state
<LI><a href="#[1e6]">&gt;&gt;</a>&nbsp;&nbsp;&nbsp;cord_transmittPhaseToPhase
<LI><a href="#[1e5]">&gt;&gt;</a>&nbsp;&nbsp;&nbsp;cord_transmittOnePhaseToPE
<LI><a href="#[c9]">&gt;&gt;</a>&nbsp;&nbsp;&nbsp;ConstructProtocolString
<LI><a href="#[1db]">&gt;&gt;</a>&nbsp;&nbsp;&nbsp;command_return
</UL>

<P><STRONG><a name="[c7]"></a>strlen</STRONG> (Thumb, 14 bytes, Stack size 0 bytes, strlen.o(.text))
<BR><BR>[Called By]<UL><LI><a href="#[15a]">&gt;&gt;</a>&nbsp;&nbsp;&nbsp;SendComMessage
<LI><a href="#[207]">&gt;&gt;</a>&nbsp;&nbsp;&nbsp;printErrorMsg
<LI><a href="#[1e8]">&gt;&gt;</a>&nbsp;&nbsp;&nbsp;cord_transmittContiunuity
<LI><a href="#[171]">&gt;&gt;</a>&nbsp;&nbsp;&nbsp;SendConstructedProtocolMessage
<LI><a href="#[1db]">&gt;&gt;</a>&nbsp;&nbsp;&nbsp;command_return
<LI><a href="#[15d]">&gt;&gt;</a>&nbsp;&nbsp;&nbsp;ParseMessage
<LI><a href="#[d3]">&gt;&gt;</a>&nbsp;&nbsp;&nbsp;FindAllAdditionalCmdParameters
<LI><a href="#[c6]">&gt;&gt;</a>&nbsp;&nbsp;&nbsp;CalculateCRC
</UL>

<P><STRONG><a name="[162]"></a>strcmp</STRONG> (Thumb, 28 bytes, Stack size 8 bytes, strcmp.o(.text))
<BR><BR>[Stack]<UL><LI>Max Depth = 8<LI>Call Chain = strcmp
</UL>
<BR>[Called By]<UL><LI><a href="#[1d9]">&gt;&gt;</a>&nbsp;&nbsp;&nbsp;setConstant
<LI><a href="#[1db]">&gt;&gt;</a>&nbsp;&nbsp;&nbsp;command_return
<LI><a href="#[1ce]">&gt;&gt;</a>&nbsp;&nbsp;&nbsp;command_analyze
<LI><a href="#[15d]">&gt;&gt;</a>&nbsp;&nbsp;&nbsp;ParseMessage
</UL>

<P><STRONG><a name="[15e]"></a>strcpy</STRONG> (Thumb, 18 bytes, Stack size 0 bytes, strcpy.o(.text))
<BR><BR>[Called By]<UL><LI><a href="#[172]">&gt;&gt;</a>&nbsp;&nbsp;&nbsp;transmit_func
<LI><a href="#[170]">&gt;&gt;</a>&nbsp;&nbsp;&nbsp;serial_send_handler
<LI><a href="#[15d]">&gt;&gt;</a>&nbsp;&nbsp;&nbsp;ParseMessage
</UL>

<P><STRONG><a name="[21b]"></a>strpbrk</STRONG> (Thumb, 32 bytes, Stack size 8 bytes, strpbrk.o(.text))
<BR><BR>[Stack]<UL><LI>Max Depth = 8<LI>Call Chain = strpbrk
</UL>
<BR>[Called By]<UL><LI><a href="#[15f]">&gt;&gt;</a>&nbsp;&nbsp;&nbsp;strtok_single
</UL>

<P><STRONG><a name="[a4]"></a>strtol</STRONG> (Thumb, 112 bytes, Stack size 32 bytes, strtol.o(.text))
<BR><BR>[Stack]<UL><LI>Max Depth = 72<LI>Call Chain = strtol &rArr; _strtoul
</UL>
<BR>[Calls]<UL><LI><a href="#[a0]">&gt;&gt;</a>&nbsp;&nbsp;&nbsp;__rt_ctype_table
<LI><a href="#[a5]">&gt;&gt;</a>&nbsp;&nbsp;&nbsp;_strtoul
<LI><a href="#[a6]">&gt;&gt;</a>&nbsp;&nbsp;&nbsp;__aeabi_errno_addr
</UL>
<BR>[Called By]<UL><LI><a href="#[a7]">&gt;&gt;</a>&nbsp;&nbsp;&nbsp;atoi
</UL>

<P><STRONG><a name="[a7]"></a>atoi</STRONG> (Thumb, 26 bytes, Stack size 16 bytes, atoi.o(.text))
<BR><BR>[Stack]<UL><LI>Max Depth = 88<LI>Call Chain = atoi &rArr; strtol &rArr; _strtoul
</UL>
<BR>[Calls]<UL><LI><a href="#[a4]">&gt;&gt;</a>&nbsp;&nbsp;&nbsp;strtol
<LI><a href="#[a6]">&gt;&gt;</a>&nbsp;&nbsp;&nbsp;__aeabi_errno_addr
</UL>
<BR>[Called By]<UL><LI><a href="#[15d]">&gt;&gt;</a>&nbsp;&nbsp;&nbsp;ParseMessage
</UL>

<P><STRONG><a name="[1ef]"></a>__aeabi_f2d</STRONG> (Thumb, 38 bytes, Stack size 0 bytes, f2d.o(.text))
<BR><BR>[Called By]<UL><LI><a href="#[92]">&gt;&gt;</a>&nbsp;&nbsp;&nbsp;transmittCalibConstants
<LI><a href="#[1c9]">&gt;&gt;</a>&nbsp;&nbsp;&nbsp;transmittRequestedResult
<LI><a href="#[210]">&gt;&gt;</a>&nbsp;&nbsp;&nbsp;returnMeasueredVoltage
<LI><a href="#[20f]">&gt;&gt;</a>&nbsp;&nbsp;&nbsp;returnMeasueredTHD_V
<LI><a href="#[20e]">&gt;&gt;</a>&nbsp;&nbsp;&nbsp;returnMeasueredTHD_C
<LI><a href="#[20d]">&gt;&gt;</a>&nbsp;&nbsp;&nbsp;returnMeasueredPowerS
<LI><a href="#[20c]">&gt;&gt;</a>&nbsp;&nbsp;&nbsp;returnMeasueredPowerR
<LI><a href="#[20b]">&gt;&gt;</a>&nbsp;&nbsp;&nbsp;returnMeasueredPF
<LI><a href="#[20a]">&gt;&gt;</a>&nbsp;&nbsp;&nbsp;returnMeasueredCurrent
<LI><a href="#[1e8]">&gt;&gt;</a>&nbsp;&nbsp;&nbsp;cord_transmittContiunuity
</UL>

<P><STRONG><a name="[a8]"></a>__aeabi_d2f</STRONG> (Thumb, 56 bytes, Stack size 8 bytes, d2f.o(.text))
<BR><BR>[Stack]<UL><LI>Max Depth = 8<LI>Call Chain = __aeabi_d2f
</UL>
<BR>[Calls]<UL><LI><a href="#[a9]">&gt;&gt;</a>&nbsp;&nbsp;&nbsp;_float_round
</UL>
<BR>[Called By]<UL><LI><a href="#[1d8]">&gt;&gt;</a>&nbsp;&nbsp;&nbsp;set_RISO_weld_resistance
<LI><a href="#[1d5]">&gt;&gt;</a>&nbsp;&nbsp;&nbsp;set_RISO_mach_resistance
<LI><a href="#[1d2]">&gt;&gt;</a>&nbsp;&nbsp;&nbsp;set_RPE_cord_resistance
<LI><a href="#[1d3]">&gt;&gt;</a>&nbsp;&nbsp;&nbsp;set_RISO_cord_resistance
<LI><a href="#[1d9]">&gt;&gt;</a>&nbsp;&nbsp;&nbsp;setConstant
<LI><a href="#[bd]">&gt;&gt;</a>&nbsp;&nbsp;&nbsp;_scanf_really_real
</UL>

<P><STRONG><a name="[231]"></a>__aeabi_uidiv</STRONG> (Thumb, 0 bytes, Stack size 12 bytes, uidiv.o(.text), UNUSED)

<P><STRONG><a name="[1bd]"></a>__aeabi_uidivmod</STRONG> (Thumb, 44 bytes, Stack size 12 bytes, uidiv.o(.text), UNUSED)
<BR><BR>[Called By]<UL><LI><a href="#[1b4]">&gt;&gt;</a>&nbsp;&nbsp;&nbsp;_printf_core
</UL>

<P><STRONG><a name="[aa]"></a>__aeabi_uldivmod</STRONG> (Thumb, 98 bytes, Stack size 40 bytes, uldiv.o(.text), UNUSED)
<BR><BR>[Calls]<UL><LI><a href="#[ab]">&gt;&gt;</a>&nbsp;&nbsp;&nbsp;__aeabi_llsr
<LI><a href="#[ac]">&gt;&gt;</a>&nbsp;&nbsp;&nbsp;__aeabi_llsl
</UL>
<BR>[Called By]<UL><LI><a href="#[1b4]">&gt;&gt;</a>&nbsp;&nbsp;&nbsp;_printf_core
<LI><a href="#[1b9]">&gt;&gt;</a>&nbsp;&nbsp;&nbsp;_fp_digits
</UL>

<P><STRONG><a name="[a5]"></a>_strtoul</STRONG> (Thumb, 158 bytes, Stack size 40 bytes, _strtoul.o(.text))
<BR><BR>[Stack]<UL><LI>Max Depth = 40<LI>Call Chain = _strtoul
</UL>
<BR>[Calls]<UL><LI><a href="#[ad]">&gt;&gt;</a>&nbsp;&nbsp;&nbsp;_chval
<LI><a href="#[a6]">&gt;&gt;</a>&nbsp;&nbsp;&nbsp;__aeabi_errno_addr
</UL>
<BR>[Called By]<UL><LI><a href="#[a4]">&gt;&gt;</a>&nbsp;&nbsp;&nbsp;strtol
</UL>

<P><STRONG><a name="[b0]"></a>__strtod_int</STRONG> (Thumb, 90 bytes, Stack size 40 bytes, strtod.o(.text))
<BR><BR>[Stack]<UL><LI>Max Depth = 200<LI>Call Chain = __strtod_int &rArr; _local_sscanf &rArr; _scanf_real
</UL>
<BR>[Calls]<UL><LI><a href="#[ae]">&gt;&gt;</a>&nbsp;&nbsp;&nbsp;_local_sscanf
</UL>
<BR>[Called By]<UL><LI><a href="#[1b6]">&gt;&gt;</a>&nbsp;&nbsp;&nbsp;__hardfp_atof
</UL>

<P><STRONG><a name="[232]"></a>__I$use$fp</STRONG> (Thumb, 0 bytes, Stack size 0 bytes, iusefp.o(.text), UNUSED)

<P><STRONG><a name="[a9]"></a>_float_round</STRONG> (Thumb, 18 bytes, Stack size 0 bytes, fepilogue.o(.text))
<BR><BR>[Called By]<UL><LI><a href="#[a8]">&gt;&gt;</a>&nbsp;&nbsp;&nbsp;__aeabi_d2f
</UL>

<P><STRONG><a name="[233]"></a>_float_epilogue</STRONG> (Thumb, 92 bytes, Stack size 4 bytes, fepilogue.o(.text), UNUSED)

<P><STRONG><a name="[b1]"></a>__aeabi_dadd</STRONG> (Thumb, 322 bytes, Stack size 48 bytes, dadd.o(.text), UNUSED)
<BR><BR>[Calls]<UL><LI><a href="#[b2]">&gt;&gt;</a>&nbsp;&nbsp;&nbsp;__aeabi_lasr
<LI><a href="#[ac]">&gt;&gt;</a>&nbsp;&nbsp;&nbsp;__aeabi_llsl
<LI><a href="#[b4]">&gt;&gt;</a>&nbsp;&nbsp;&nbsp;_double_round
<LI><a href="#[b3]">&gt;&gt;</a>&nbsp;&nbsp;&nbsp;_double_epilogue
</UL>
<BR>[Called By]<UL><LI><a href="#[b6]">&gt;&gt;</a>&nbsp;&nbsp;&nbsp;__aeabi_drsub
<LI><a href="#[b5]">&gt;&gt;</a>&nbsp;&nbsp;&nbsp;__aeabi_dsub
<LI><a href="#[1b9]">&gt;&gt;</a>&nbsp;&nbsp;&nbsp;_fp_digits
</UL>

<P><STRONG><a name="[b5]"></a>__aeabi_dsub</STRONG> (Thumb, 6 bytes, Stack size 0 bytes, dadd.o(.text), UNUSED)
<BR><BR>[Calls]<UL><LI><a href="#[b1]">&gt;&gt;</a>&nbsp;&nbsp;&nbsp;__aeabi_dadd
</UL>

<P><STRONG><a name="[b6]"></a>__aeabi_drsub</STRONG> (Thumb, 6 bytes, Stack size 0 bytes, dadd.o(.text), UNUSED)
<BR><BR>[Calls]<UL><LI><a href="#[b1]">&gt;&gt;</a>&nbsp;&nbsp;&nbsp;__aeabi_dadd
</UL>

<P><STRONG><a name="[b7]"></a>__aeabi_dmul</STRONG> (Thumb, 228 bytes, Stack size 48 bytes, dmul.o(.text), UNUSED)
<BR><BR>[Calls]<UL><LI><a href="#[b3]">&gt;&gt;</a>&nbsp;&nbsp;&nbsp;_double_epilogue
</UL>
<BR>[Called By]<UL><LI><a href="#[bb]">&gt;&gt;</a>&nbsp;&nbsp;&nbsp;_fp_value
<LI><a href="#[1b9]">&gt;&gt;</a>&nbsp;&nbsp;&nbsp;_fp_digits
</UL>

<P><STRONG><a name="[b8]"></a>__aeabi_ddiv</STRONG> (Thumb, 222 bytes, Stack size 32 bytes, ddiv.o(.text), UNUSED)
<BR><BR>[Calls]<UL><LI><a href="#[b4]">&gt;&gt;</a>&nbsp;&nbsp;&nbsp;_double_round
</UL>
<BR>[Called By]<UL><LI><a href="#[bb]">&gt;&gt;</a>&nbsp;&nbsp;&nbsp;_fp_value
<LI><a href="#[1b9]">&gt;&gt;</a>&nbsp;&nbsp;&nbsp;_fp_digits
</UL>

<P><STRONG><a name="[b9]"></a>__aeabi_d2ulz</STRONG> (Thumb, 48 bytes, Stack size 0 bytes, dfixul.o(.text), UNUSED)
<BR><BR>[Calls]<UL><LI><a href="#[ab]">&gt;&gt;</a>&nbsp;&nbsp;&nbsp;__aeabi_llsr
<LI><a href="#[ac]">&gt;&gt;</a>&nbsp;&nbsp;&nbsp;__aeabi_llsl
</UL>
<BR>[Called By]<UL><LI><a href="#[1b9]">&gt;&gt;</a>&nbsp;&nbsp;&nbsp;_fp_digits
</UL>

<P><STRONG><a name="[1ba]"></a>__aeabi_cdrcmple</STRONG> (Thumb, 48 bytes, Stack size 0 bytes, cdrcmple.o(.text), UNUSED)
<BR><BR>[Called By]<UL><LI><a href="#[1b9]">&gt;&gt;</a>&nbsp;&nbsp;&nbsp;_fp_digits
</UL>

<P><STRONG><a name="[9f]"></a>__scatterload</STRONG> (Thumb, 28 bytes, Stack size 0 bytes, init.o(.text))
<BR><BR>[Calls]<UL><LI><a href="#[ba]">&gt;&gt;</a>&nbsp;&nbsp;&nbsp;__main_after_scatterload
</UL>
<BR>[Called By]<UL><LI><a href="#[9e]">&gt;&gt;</a>&nbsp;&nbsp;&nbsp;_main_scatterload
</UL>

<P><STRONG><a name="[234]"></a>__scatterload_rt2</STRONG> (Thumb, 0 bytes, Stack size 0 bytes, init.o(.text), UNUSED)

<P><STRONG><a name="[ac]"></a>__aeabi_llsl</STRONG> (Thumb, 30 bytes, Stack size 0 bytes, llshl.o(.text), UNUSED)
<BR><BR>[Called By]<UL><LI><a href="#[b3]">&gt;&gt;</a>&nbsp;&nbsp;&nbsp;_double_epilogue
<LI><a href="#[aa]">&gt;&gt;</a>&nbsp;&nbsp;&nbsp;__aeabi_uldivmod
<LI><a href="#[b1]">&gt;&gt;</a>&nbsp;&nbsp;&nbsp;__aeabi_dadd
<LI><a href="#[b9]">&gt;&gt;</a>&nbsp;&nbsp;&nbsp;__aeabi_d2ulz
</UL>

<P><STRONG><a name="[235]"></a>_ll_shift_l</STRONG> (Thumb, 0 bytes, Stack size 0 bytes, llshl.o(.text), UNUSED)

<P><STRONG><a name="[b2]"></a>__aeabi_lasr</STRONG> (Thumb, 36 bytes, Stack size 0 bytes, llsshr.o(.text), UNUSED)
<BR><BR>[Called By]<UL><LI><a href="#[b1]">&gt;&gt;</a>&nbsp;&nbsp;&nbsp;__aeabi_dadd
</UL>

<P><STRONG><a name="[236]"></a>_ll_sshift_r</STRONG> (Thumb, 0 bytes, Stack size 0 bytes, llsshr.o(.text), UNUSED)

<P><STRONG><a name="[ad]"></a>_chval</STRONG> (Thumb, 28 bytes, Stack size 0 bytes, _chval.o(.text))
<BR><BR>[Called By]<UL><LI><a href="#[a5]">&gt;&gt;</a>&nbsp;&nbsp;&nbsp;_strtoul
</UL>

<P><STRONG><a name="[af]"></a>_scanf_real</STRONG> (Thumb, 0 bytes, Stack size 104 bytes, scanf_fp.o(.text))
<BR><BR>[Stack]<UL><LI>Max Depth = 104<LI>Call Chain = _scanf_real
</UL>
<BR>[Called By]<UL><LI><a href="#[ae]">&gt;&gt;</a>&nbsp;&nbsp;&nbsp;_local_sscanf
</UL>

<P><STRONG><a name="[bd]"></a>_scanf_really_real</STRONG> (Thumb, 556 bytes, Stack size 104 bytes, scanf_fp.o(.text), UNUSED)
<BR><BR>[Calls]<UL><LI><a href="#[a8]">&gt;&gt;</a>&nbsp;&nbsp;&nbsp;__aeabi_d2f
<LI><a href="#[be]">&gt;&gt;</a>&nbsp;&nbsp;&nbsp;_is_digit
<LI><a href="#[bb]">&gt;&gt;</a>&nbsp;&nbsp;&nbsp;_fp_value
</UL>

<P><STRONG><a name="[62]"></a>_sgetc</STRONG> (Thumb, 30 bytes, Stack size 0 bytes, _sgetc.o(.text))
<BR>[Address Reference Count : 1]<UL><LI> strtod.o(.text)
</UL>
<P><STRONG><a name="[63]"></a>_sbackspace</STRONG> (Thumb, 34 bytes, Stack size 0 bytes, _sgetc.o(.text))
<BR>[Address Reference Count : 1]<UL><LI> strtod.o(.text)
</UL>
<P><STRONG><a name="[b4]"></a>_double_round</STRONG> (Thumb, 30 bytes, Stack size 8 bytes, depilogue.o(.text), UNUSED)
<BR><BR>[Called By]<UL><LI><a href="#[b3]">&gt;&gt;</a>&nbsp;&nbsp;&nbsp;_double_epilogue
<LI><a href="#[b8]">&gt;&gt;</a>&nbsp;&nbsp;&nbsp;__aeabi_ddiv
<LI><a href="#[b1]">&gt;&gt;</a>&nbsp;&nbsp;&nbsp;__aeabi_dadd
</UL>

<P><STRONG><a name="[b3]"></a>_double_epilogue</STRONG> (Thumb, 156 bytes, Stack size 32 bytes, depilogue.o(.text), UNUSED)
<BR><BR>[Calls]<UL><LI><a href="#[ab]">&gt;&gt;</a>&nbsp;&nbsp;&nbsp;__aeabi_llsr
<LI><a href="#[ac]">&gt;&gt;</a>&nbsp;&nbsp;&nbsp;__aeabi_llsl
<LI><a href="#[b4]">&gt;&gt;</a>&nbsp;&nbsp;&nbsp;_double_round
</UL>
<BR>[Called By]<UL><LI><a href="#[bc]">&gt;&gt;</a>&nbsp;&nbsp;&nbsp;__aeabi_ul2d
<LI><a href="#[b7]">&gt;&gt;</a>&nbsp;&nbsp;&nbsp;__aeabi_dmul
<LI><a href="#[b1]">&gt;&gt;</a>&nbsp;&nbsp;&nbsp;__aeabi_dadd
</UL>

<P><STRONG><a name="[bc]"></a>__aeabi_ul2d</STRONG> (Thumb, 24 bytes, Stack size 16 bytes, dfltul.o(.text), UNUSED)
<BR><BR>[Calls]<UL><LI><a href="#[b3]">&gt;&gt;</a>&nbsp;&nbsp;&nbsp;_double_epilogue
</UL>
<BR>[Called By]<UL><LI><a href="#[bb]">&gt;&gt;</a>&nbsp;&nbsp;&nbsp;_fp_value
</UL>

<P><STRONG><a name="[237]"></a>__decompress</STRONG> (Thumb, 0 bytes, Stack size unknown bytes, __dczerorl2.o(.text), UNUSED)

<P><STRONG><a name="[238]"></a>__decompress1</STRONG> (Thumb, 86 bytes, Stack size unknown bytes, __dczerorl2.o(.text), UNUSED)

<P><STRONG><a name="[19]"></a>BusFault_Handler</STRONG> (Thumb, 14 bytes, Stack size 0 bytes, stm32f3xx_it.o(i.BusFault_Handler))
<BR><BR>[Calls]<UL><LI><a href="#[bf]">&gt;&gt;</a>&nbsp;&nbsp;&nbsp;HAL_GPIO_WritePin
</UL>
<BR>[Address Reference Count : 1]<UL><LI> startup_stm32f373xc.o(RESET)
</UL>
<P><STRONG><a name="[c4]"></a>CDC_Transmit_FS</STRONG> (Thumb, 74 bytes, Stack size 8 bytes, usbd_cdc_if.o(i.CDC_Transmit_FS))
<BR><BR>[Stack]<UL><LI>Max Depth = 56<LI>Call Chain = CDC_Transmit_FS &rArr; USBD_CDC_TransmitPacket &rArr; USBD_LL_Transmit &rArr; HAL_PCD_EP_Transmit &rArr; PCD_WritePMA
</UL>
<BR>[Calls]<UL><LI><a href="#[c5]">&gt;&gt;</a>&nbsp;&nbsp;&nbsp;USBD_CDC_TransmitPacket
<LI><a href="#[c0]">&gt;&gt;</a>&nbsp;&nbsp;&nbsp;USBD_CDC_SetTxBuffer
</UL>
<BR>[Called By]<UL><LI><a href="#[207]">&gt;&gt;</a>&nbsp;&nbsp;&nbsp;printErrorMsg
<LI><a href="#[175]">&gt;&gt;</a>&nbsp;&nbsp;&nbsp;SerialSend
</UL>

<P><STRONG><a name="[c9]"></a>ConstructProtocolString</STRONG> (Thumb, 134 bytes, Stack size 40 bytes, serial_com.o(i.ConstructProtocolString))
<BR><BR>[Stack]<UL><LI>Max Depth = 72<LI>Call Chain = ConstructProtocolString &rArr; CalculateCRC
</UL>
<BR>[Calls]<UL><LI><a href="#[cc]">&gt;&gt;</a>&nbsp;&nbsp;&nbsp;strcat
<LI><a href="#[ca]">&gt;&gt;</a>&nbsp;&nbsp;&nbsp;__aeabi_memclr4
<LI><a href="#[c6]">&gt;&gt;</a>&nbsp;&nbsp;&nbsp;CalculateCRC
<LI><a href="#[cb]">&gt;&gt;</a>&nbsp;&nbsp;&nbsp;__2snprintf
</UL>
<BR>[Called By]<UL><LI><a href="#[15a]">&gt;&gt;</a>&nbsp;&nbsp;&nbsp;SendComMessage
</UL>

<P><STRONG><a name="[cd]"></a>CreateCommandInstance</STRONG> (Thumb, 56 bytes, Stack size 40 bytes, serial_com.o(i.CreateCommandInstance))
<BR><BR>[Stack]<UL><LI>Max Depth = 40<LI>Call Chain = CreateCommandInstance
</UL>
<BR>[Calls]<UL><LI><a href="#[ce]">&gt;&gt;</a>&nbsp;&nbsp;&nbsp;__aeabi_memcpy4
</UL>
<BR>[Called By]<UL><LI><a href="#[15a]">&gt;&gt;</a>&nbsp;&nbsp;&nbsp;SendComMessage
</UL>

<P><STRONG><a name="[1c]"></a>DebugMon_Handler</STRONG> (Thumb, 2 bytes, Stack size 0 bytes, stm32f3xx_it.o(i.DebugMon_Handler))
<BR>[Address Reference Count : 1]<UL><LI> startup_stm32f373xc.o(RESET)
</UL>
<P><STRONG><a name="[47]"></a>EXTI15_10_IRQHandler</STRONG> (Thumb, 18 bytes, Stack size 8 bytes, stm32f3xx_it.o(i.EXTI15_10_IRQHandler))
<BR><BR>[Stack]<UL><LI>Max Depth = 44<LI>Call Chain = EXTI15_10_IRQHandler &rArr; USBConnected_Handler &rArr; restart_timer
</UL>
<BR>[Calls]<UL><LI><a href="#[d0]">&gt;&gt;</a>&nbsp;&nbsp;&nbsp;USBConnected_Handler
<LI><a href="#[cf]">&gt;&gt;</a>&nbsp;&nbsp;&nbsp;HAL_GPIO_EXTI_IRQHandler
</UL>
<BR>[Address Reference Count : 1]<UL><LI> startup_stm32f373xc.o(RESET)
</UL>
<P><STRONG><a name="[36]"></a>EXTI9_5_IRQHandler</STRONG> (Thumb, 954 bytes, Stack size 40 bytes, stm32f3xx_it.o(i.EXTI9_5_IRQHandler))
<BR><BR>[Stack]<UL><LI>Max Depth = 48<LI>Call Chain = EXTI9_5_IRQHandler &rArr; HAL_GPIO_EXTI_IRQHandler
</UL>
<BR>[Calls]<UL><LI><a href="#[d2]">&gt;&gt;</a>&nbsp;&nbsp;&nbsp;get_inst_value
<LI><a href="#[d1]">&gt;&gt;</a>&nbsp;&nbsp;&nbsp;HAL_TIM_Base_Start_IT
<LI><a href="#[cf]">&gt;&gt;</a>&nbsp;&nbsp;&nbsp;HAL_GPIO_EXTI_IRQHandler
</UL>
<BR>[Address Reference Count : 1]<UL><LI> startup_stm32f373xc.o(RESET)
</UL>
<P><STRONG><a name="[d4]"></a>HAL_Delay</STRONG> (Thumb, 22 bytes, Stack size 16 bytes, stm32f3xx_hal.o(i.HAL_Delay))
<BR><BR>[Stack]<UL><LI>Max Depth = 16<LI>Call Chain = HAL_Delay
</UL>
<BR>[Calls]<UL><LI><a href="#[d5]">&gt;&gt;</a>&nbsp;&nbsp;&nbsp;HAL_GetTick
</UL>
<BR>[Called By]<UL><LI><a href="#[151]">&gt;&gt;</a>&nbsp;&nbsp;&nbsp;MX_USB_DEVICE_Init
<LI><a href="#[5f]">&gt;&gt;</a>&nbsp;&nbsp;&nbsp;main
<LI><a href="#[10d]">&gt;&gt;</a>&nbsp;&nbsp;&nbsp;HAL_SDADC_Init
<LI><a href="#[174]">&gt;&gt;</a>&nbsp;&nbsp;&nbsp;SendTimerInit
<LI><a href="#[1ce]">&gt;&gt;</a>&nbsp;&nbsp;&nbsp;command_analyze
</UL>

<P><STRONG><a name="[125]"></a>HAL_GPIO_DeInit</STRONG> (Thumb, 228 bytes, Stack size 36 bytes, stm32f3xx_hal_gpio.o(i.HAL_GPIO_DeInit))
<BR><BR>[Stack]<UL><LI>Max Depth = 36<LI>Call Chain = HAL_GPIO_DeInit
</UL>
<BR>[Called By]<UL><LI><a href="#[121]">&gt;&gt;</a>&nbsp;&nbsp;&nbsp;HAL_TIM_Base_MspDeInit
</UL>

<P><STRONG><a name="[d6]"></a>HAL_GPIO_EXTI_Callback</STRONG> (Thumb, 2 bytes, Stack size 0 bytes, stm32f3xx_hal_gpio.o(i.HAL_GPIO_EXTI_Callback))
<BR><BR>[Called By]<UL><LI><a href="#[cf]">&gt;&gt;</a>&nbsp;&nbsp;&nbsp;HAL_GPIO_EXTI_IRQHandler
</UL>

<P><STRONG><a name="[cf]"></a>HAL_GPIO_EXTI_IRQHandler</STRONG> (Thumb, 18 bytes, Stack size 8 bytes, stm32f3xx_hal_gpio.o(i.HAL_GPIO_EXTI_IRQHandler))
<BR><BR>[Stack]<UL><LI>Max Depth = 8<LI>Call Chain = HAL_GPIO_EXTI_IRQHandler
</UL>
<BR>[Calls]<UL><LI><a href="#[d6]">&gt;&gt;</a>&nbsp;&nbsp;&nbsp;HAL_GPIO_EXTI_Callback
</UL>
<BR>[Called By]<UL><LI><a href="#[36]">&gt;&gt;</a>&nbsp;&nbsp;&nbsp;EXTI9_5_IRQHandler
<LI><a href="#[47]">&gt;&gt;</a>&nbsp;&nbsp;&nbsp;EXTI15_10_IRQHandler
</UL>

<P><STRONG><a name="[ed]"></a>HAL_GPIO_Init</STRONG> (Thumb, 376 bytes, Stack size 40 bytes, stm32f3xx_hal_gpio.o(i.HAL_GPIO_Init))
<BR><BR>[Stack]<UL><LI>Max Depth = 40<LI>Call Chain = HAL_GPIO_Init
</UL>
<BR>[Called By]<UL><LI><a href="#[141]">&gt;&gt;</a>&nbsp;&nbsp;&nbsp;MX_GPIO_Init
<LI><a href="#[100]">&gt;&gt;</a>&nbsp;&nbsp;&nbsp;HAL_UART_MspInit
<LI><a href="#[11b]">&gt;&gt;</a>&nbsp;&nbsp;&nbsp;HAL_SPI_MspInit
<LI><a href="#[10e]">&gt;&gt;</a>&nbsp;&nbsp;&nbsp;HAL_SDADC_MspInit
<LI><a href="#[ec]">&gt;&gt;</a>&nbsp;&nbsp;&nbsp;HAL_PCD_MspInit
</UL>

<P><STRONG><a name="[184]"></a>HAL_GPIO_ReadPin</STRONG> (Thumb, 14 bytes, Stack size 0 bytes, stm32f3xx_hal_gpio.o(i.HAL_GPIO_ReadPin))
<BR><BR>[Called By]<UL><LI><a href="#[d0]">&gt;&gt;</a>&nbsp;&nbsp;&nbsp;USBConnected_Handler
</UL>

<P><STRONG><a name="[1fc]"></a>HAL_GPIO_TogglePin</STRONG> (Thumb, 8 bytes, Stack size 0 bytes, stm32f3xx_hal_gpio.o(i.HAL_GPIO_TogglePin))
<BR><BR>[Called By]<UL><LI><a href="#[9a]">&gt;&gt;</a>&nbsp;&nbsp;&nbsp;led_blinking_task
</UL>

<P><STRONG><a name="[bf]"></a>HAL_GPIO_WritePin</STRONG> (Thumb, 12 bytes, Stack size 0 bytes, stm32f3xx_hal_gpio.o(i.HAL_GPIO_WritePin))
<BR><BR>[Called By]<UL><LI><a href="#[158]">&gt;&gt;</a>&nbsp;&nbsp;&nbsp;set_REL
<LI><a href="#[157]">&gt;&gt;</a>&nbsp;&nbsp;&nbsp;rst_REL
<LI><a href="#[13f]">&gt;&gt;</a>&nbsp;&nbsp;&nbsp;IL_setGain
<LI><a href="#[93]">&gt;&gt;</a>&nbsp;&nbsp;&nbsp;power_on_test
<LI><a href="#[1fa]">&gt;&gt;</a>&nbsp;&nbsp;&nbsp;init_REL
<LI><a href="#[141]">&gt;&gt;</a>&nbsp;&nbsp;&nbsp;MX_GPIO_Init
<LI><a href="#[5f]">&gt;&gt;</a>&nbsp;&nbsp;&nbsp;main
<LI><a href="#[144]">&gt;&gt;</a>&nbsp;&nbsp;&nbsp;_Error_Handler
<LI><a href="#[d0]">&gt;&gt;</a>&nbsp;&nbsp;&nbsp;USBConnected_Handler
<LI><a href="#[1a]">&gt;&gt;</a>&nbsp;&nbsp;&nbsp;UsageFault_Handler
<LI><a href="#[19]">&gt;&gt;</a>&nbsp;&nbsp;&nbsp;BusFault_Handler
<LI><a href="#[166]">&gt;&gt;</a>&nbsp;&nbsp;&nbsp;measure_ULN_Voltage
<LI><a href="#[1ce]">&gt;&gt;</a>&nbsp;&nbsp;&nbsp;command_analyze
<LI><a href="#[1d0]">&gt;&gt;</a>&nbsp;&nbsp;&nbsp;reset_all_REL
<LI><a href="#[211]">&gt;&gt;</a>&nbsp;&nbsp;&nbsp;sel_REL_DRIVER
</UL>

<P><STRONG><a name="[d5]"></a>HAL_GetTick</STRONG> (Thumb, 6 bytes, Stack size 0 bytes, stm32f3xx_hal.o(i.HAL_GetTick))
<BR><BR>[Called By]<UL><LI><a href="#[16f]">&gt;&gt;</a>&nbsp;&nbsp;&nbsp;SPI_WaitFlagStateUntilTimeout
<LI><a href="#[16e]">&gt;&gt;</a>&nbsp;&nbsp;&nbsp;SPI_WaitFifoStateUntilTimeout
<LI><a href="#[fe]">&gt;&gt;</a>&nbsp;&nbsp;&nbsp;HAL_RCC_OscConfig
<LI><a href="#[f9]">&gt;&gt;</a>&nbsp;&nbsp;&nbsp;HAL_RCC_ClockConfig
<LI><a href="#[11c]">&gt;&gt;</a>&nbsp;&nbsp;&nbsp;HAL_SPI_Transmit
<LI><a href="#[d4]">&gt;&gt;</a>&nbsp;&nbsp;&nbsp;HAL_Delay
<LI><a href="#[f8]">&gt;&gt;</a>&nbsp;&nbsp;&nbsp;HAL_RCCEx_PeriphCLKConfig
<LI><a href="#[183]">&gt;&gt;</a>&nbsp;&nbsp;&nbsp;UART_WaitOnFlagUntilTimeout
<LI><a href="#[103]">&gt;&gt;</a>&nbsp;&nbsp;&nbsp;UART_CheckIdleState
<LI><a href="#[117]">&gt;&gt;</a>&nbsp;&nbsp;&nbsp;HAL_SDADC_PollForCalibEvent
<LI><a href="#[115]">&gt;&gt;</a>&nbsp;&nbsp;&nbsp;SDADC_InjConvStop
<LI><a href="#[105]">&gt;&gt;</a>&nbsp;&nbsp;&nbsp;SDADC_EnterInitMode
</UL>

<P><STRONG><a name="[17a]"></a>HAL_IncTick</STRONG> (Thumb, 10 bytes, Stack size 0 bytes, stm32f3xx_hal.o(i.HAL_IncTick))
<BR><BR>[Called By]<UL><LI><a href="#[1e]">&gt;&gt;</a>&nbsp;&nbsp;&nbsp;SysTick_Handler
</UL>

<P><STRONG><a name="[d7]"></a>HAL_Init</STRONG> (Thumb, 32 bytes, Stack size 8 bytes, stm32f3xx_hal.o(i.HAL_Init))
<BR><BR>[Stack]<UL><LI>Max Depth = 32<LI>Call Chain = HAL_Init &rArr; HAL_InitTick &rArr; HAL_NVIC_SetPriority
</UL>
<BR>[Calls]<UL><LI><a href="#[d9]">&gt;&gt;</a>&nbsp;&nbsp;&nbsp;HAL_InitTick
<LI><a href="#[d8]">&gt;&gt;</a>&nbsp;&nbsp;&nbsp;HAL_NVIC_SetPriorityGrouping
<LI><a href="#[da]">&gt;&gt;</a>&nbsp;&nbsp;&nbsp;HAL_MspInit
</UL>
<BR>[Called By]<UL><LI><a href="#[5f]">&gt;&gt;</a>&nbsp;&nbsp;&nbsp;main
</UL>

<P><STRONG><a name="[d9]"></a>HAL_InitTick</STRONG> (Thumb, 34 bytes, Stack size 8 bytes, stm32f3xx_hal.o(i.HAL_InitTick))
<BR><BR>[Stack]<UL><LI>Max Depth = 24<LI>Call Chain = HAL_InitTick &rArr; HAL_NVIC_SetPriority
</UL>
<BR>[Calls]<UL><LI><a href="#[db]">&gt;&gt;</a>&nbsp;&nbsp;&nbsp;HAL_SYSTICK_Config
<LI><a href="#[dc]">&gt;&gt;</a>&nbsp;&nbsp;&nbsp;HAL_NVIC_SetPriority
</UL>
<BR>[Called By]<UL><LI><a href="#[f9]">&gt;&gt;</a>&nbsp;&nbsp;&nbsp;HAL_RCC_ClockConfig
<LI><a href="#[d7]">&gt;&gt;</a>&nbsp;&nbsp;&nbsp;HAL_Init
</UL>

<P><STRONG><a name="[da]"></a>HAL_MspInit</STRONG> (Thumb, 106 bytes, Stack size 8 bytes, stm32f3xx_hal_msp.o(i.HAL_MspInit))
<BR><BR>[Stack]<UL><LI>Max Depth = 24<LI>Call Chain = HAL_MspInit &rArr; HAL_NVIC_SetPriority
</UL>
<BR>[Calls]<UL><LI><a href="#[d8]">&gt;&gt;</a>&nbsp;&nbsp;&nbsp;HAL_NVIC_SetPriorityGrouping
<LI><a href="#[dc]">&gt;&gt;</a>&nbsp;&nbsp;&nbsp;HAL_NVIC_SetPriority
</UL>
<BR>[Called By]<UL><LI><a href="#[d7]">&gt;&gt;</a>&nbsp;&nbsp;&nbsp;HAL_Init
</UL>

<P><STRONG><a name="[126]"></a>HAL_NVIC_DisableIRQ</STRONG> (Thumb, 22 bytes, Stack size 0 bytes, stm32f3xx_hal_cortex.o(i.HAL_NVIC_DisableIRQ))
<BR><BR>[Called By]<UL><LI><a href="#[182]">&gt;&gt;</a>&nbsp;&nbsp;&nbsp;disable_sinchro_interrupt
<LI><a href="#[142]">&gt;&gt;</a>&nbsp;&nbsp;&nbsp;MX_NVIC_Init
<LI><a href="#[121]">&gt;&gt;</a>&nbsp;&nbsp;&nbsp;HAL_TIM_Base_MspDeInit
</UL>

<P><STRONG><a name="[ee]"></a>HAL_NVIC_EnableIRQ</STRONG> (Thumb, 22 bytes, Stack size 0 bytes, stm32f3xx_hal_cortex.o(i.HAL_NVIC_EnableIRQ))
<BR><BR>[Called By]<UL><LI><a href="#[1f2]">&gt;&gt;</a>&nbsp;&nbsp;&nbsp;enable_sinchro_interrupt
<LI><a href="#[142]">&gt;&gt;</a>&nbsp;&nbsp;&nbsp;MX_NVIC_Init
<LI><a href="#[123]">&gt;&gt;</a>&nbsp;&nbsp;&nbsp;HAL_TIM_Base_MspInit
<LI><a href="#[10e]">&gt;&gt;</a>&nbsp;&nbsp;&nbsp;HAL_SDADC_MspInit
<LI><a href="#[ec]">&gt;&gt;</a>&nbsp;&nbsp;&nbsp;HAL_PCD_MspInit
</UL>

<P><STRONG><a name="[dc]"></a>HAL_NVIC_SetPriority</STRONG> (Thumb, 60 bytes, Stack size 16 bytes, stm32f3xx_hal_cortex.o(i.HAL_NVIC_SetPriority))
<BR><BR>[Stack]<UL><LI>Max Depth = 16<LI>Call Chain = HAL_NVIC_SetPriority
</UL>
<BR>[Calls]<UL><LI><a href="#[dd]">&gt;&gt;</a>&nbsp;&nbsp;&nbsp;NVIC_SetPriority
</UL>
<BR>[Called By]<UL><LI><a href="#[d9]">&gt;&gt;</a>&nbsp;&nbsp;&nbsp;HAL_InitTick
<LI><a href="#[17b]">&gt;&gt;</a>&nbsp;&nbsp;&nbsp;SystemClock_Config
<LI><a href="#[142]">&gt;&gt;</a>&nbsp;&nbsp;&nbsp;MX_NVIC_Init
<LI><a href="#[10e]">&gt;&gt;</a>&nbsp;&nbsp;&nbsp;HAL_SDADC_MspInit
<LI><a href="#[da]">&gt;&gt;</a>&nbsp;&nbsp;&nbsp;HAL_MspInit
<LI><a href="#[ec]">&gt;&gt;</a>&nbsp;&nbsp;&nbsp;HAL_PCD_MspInit
</UL>

<P><STRONG><a name="[d8]"></a>HAL_NVIC_SetPriorityGrouping</STRONG> (Thumb, 26 bytes, Stack size 0 bytes, stm32f3xx_hal_cortex.o(i.HAL_NVIC_SetPriorityGrouping))
<BR><BR>[Called By]<UL><LI><a href="#[d7]">&gt;&gt;</a>&nbsp;&nbsp;&nbsp;HAL_Init
<LI><a href="#[da]">&gt;&gt;</a>&nbsp;&nbsp;&nbsp;HAL_MspInit
</UL>

<P><STRONG><a name="[1a0]"></a>HAL_PCDEx_PMAConfig</STRONG> (Thumb, 60 bytes, Stack size 8 bytes, stm32f3xx_hal_pcd_ex.o(i.HAL_PCDEx_PMAConfig))
<BR><BR>[Stack]<UL><LI>Max Depth = 8<LI>Call Chain = HAL_PCDEx_PMAConfig
</UL>
<BR>[Called By]<UL><LI><a href="#[19a]">&gt;&gt;</a>&nbsp;&nbsp;&nbsp;USBD_LL_Init
</UL>

<P><STRONG><a name="[f6]"></a>HAL_PCDEx_SetConnectionState</STRONG> (Thumb, 2 bytes, Stack size 0 bytes, usbd_conf.o(i.HAL_PCDEx_SetConnectionState))
<BR><BR>[Called By]<UL><LI><a href="#[f5]">&gt;&gt;</a>&nbsp;&nbsp;&nbsp;HAL_PCD_Start
</UL>

<P><STRONG><a name="[de]"></a>HAL_PCD_DataInStageCallback</STRONG> (Thumb, 18 bytes, Stack size 0 bytes, usbd_conf.o(i.HAL_PCD_DataInStageCallback))
<BR><BR>[Stack]<UL><LI>Max Depth = 64<LI>Call Chain = HAL_PCD_DataInStageCallback &rArr; USBD_LL_DataInStage &rArr; USBD_CtlContinueSendData &rArr; USBD_LL_Transmit &rArr; HAL_PCD_EP_Transmit &rArr; PCD_WritePMA
</UL>
<BR>[Calls]<UL><LI><a href="#[df]">&gt;&gt;</a>&nbsp;&nbsp;&nbsp;USBD_LL_DataInStage
</UL>
<BR>[Called By]<UL><LI><a href="#[e5]">&gt;&gt;</a>&nbsp;&nbsp;&nbsp;PCD_EP_ISR_Handler
</UL>

<P><STRONG><a name="[e0]"></a>HAL_PCD_DataOutStageCallback</STRONG> (Thumb, 20 bytes, Stack size 0 bytes, usbd_conf.o(i.HAL_PCD_DataOutStageCallback))
<BR><BR>[Stack]<UL><LI>Max Depth = 64<LI>Call Chain = HAL_PCD_DataOutStageCallback &rArr; USBD_LL_DataOutStage &rArr; USBD_CtlSendStatus &rArr; USBD_LL_Transmit &rArr; HAL_PCD_EP_Transmit &rArr; PCD_WritePMA
</UL>
<BR>[Calls]<UL><LI><a href="#[e1]">&gt;&gt;</a>&nbsp;&nbsp;&nbsp;USBD_LL_DataOutStage
</UL>
<BR>[Called By]<UL><LI><a href="#[e5]">&gt;&gt;</a>&nbsp;&nbsp;&nbsp;PCD_EP_ISR_Handler
</UL>

<P><STRONG><a name="[19d]"></a>HAL_PCD_EP_Close</STRONG> (Thumb, 382 bytes, Stack size 32 bytes, stm32f3xx_hal_pcd.o(i.HAL_PCD_EP_Close))
<BR><BR>[Stack]<UL><LI>Max Depth = 32<LI>Call Chain = HAL_PCD_EP_Close
</UL>
<BR>[Called By]<UL><LI><a href="#[186]">&gt;&gt;</a>&nbsp;&nbsp;&nbsp;USBD_LL_CloseEP
</UL>

<P><STRONG><a name="[19c]"></a>HAL_PCD_EP_ClrStall</STRONG> (Thumb, 192 bytes, Stack size 20 bytes, stm32f3xx_hal_pcd.o(i.HAL_PCD_EP_ClrStall))
<BR><BR>[Stack]<UL><LI>Max Depth = 20<LI>Call Chain = HAL_PCD_EP_ClrStall
</UL>
<BR>[Called By]<UL><LI><a href="#[19b]">&gt;&gt;</a>&nbsp;&nbsp;&nbsp;USBD_LL_ClearStallEP
</UL>

<P><STRONG><a name="[19f]"></a>HAL_PCD_EP_GetRxCount</STRONG> (Thumb, 20 bytes, Stack size 0 bytes, stm32f3xx_hal_pcd.o(i.HAL_PCD_EP_GetRxCount))
<BR><BR>[Called By]<UL><LI><a href="#[185]">&gt;&gt;</a>&nbsp;&nbsp;&nbsp;USBD_LL_GetRxDataSize
</UL>

<P><STRONG><a name="[1a1]"></a>HAL_PCD_EP_Open</STRONG> (Thumb, 772 bytes, Stack size 36 bytes, stm32f3xx_hal_pcd.o(i.HAL_PCD_EP_Open))
<BR><BR>[Stack]<UL><LI>Max Depth = 36<LI>Call Chain = HAL_PCD_EP_Open
</UL>
<BR>[Called By]<UL><LI><a href="#[188]">&gt;&gt;</a>&nbsp;&nbsp;&nbsp;USBD_LL_OpenEP
</UL>

<P><STRONG><a name="[15c]"></a>HAL_PCD_EP_Receive</STRONG> (Thumb, 296 bytes, Stack size 24 bytes, stm32f3xx_hal_pcd.o(i.HAL_PCD_EP_Receive))
<BR><BR>[Stack]<UL><LI>Max Depth = 24<LI>Call Chain = HAL_PCD_EP_Receive
</UL>
<BR>[Called By]<UL><LI><a href="#[e5]">&gt;&gt;</a>&nbsp;&nbsp;&nbsp;PCD_EP_ISR_Handler
<LI><a href="#[18a]">&gt;&gt;</a>&nbsp;&nbsp;&nbsp;USBD_LL_PrepareReceive
</UL>

<P><STRONG><a name="[1a7]"></a>HAL_PCD_EP_SetStall</STRONG> (Thumb, 148 bytes, Stack size 12 bytes, stm32f3xx_hal_pcd.o(i.HAL_PCD_EP_SetStall))
<BR><BR>[Stack]<UL><LI>Max Depth = 12<LI>Call Chain = HAL_PCD_EP_SetStall
</UL>
<BR>[Called By]<UL><LI><a href="#[193]">&gt;&gt;</a>&nbsp;&nbsp;&nbsp;USBD_LL_StallEP
</UL>

<P><STRONG><a name="[e2]"></a>HAL_PCD_EP_Transmit</STRONG> (Thumb, 234 bytes, Stack size 24 bytes, stm32f3xx_hal_pcd.o(i.HAL_PCD_EP_Transmit))
<BR><BR>[Stack]<UL><LI>Max Depth = 32<LI>Call Chain = HAL_PCD_EP_Transmit &rArr; PCD_WritePMA
</UL>
<BR>[Calls]<UL><LI><a href="#[e3]">&gt;&gt;</a>&nbsp;&nbsp;&nbsp;PCD_WritePMA
</UL>
<BR>[Called By]<UL><LI><a href="#[e5]">&gt;&gt;</a>&nbsp;&nbsp;&nbsp;PCD_EP_ISR_Handler
<LI><a href="#[18d]">&gt;&gt;</a>&nbsp;&nbsp;&nbsp;USBD_LL_Transmit
</UL>

<P><STRONG><a name="[e4]"></a>HAL_PCD_IRQHandler</STRONG> (Thumb, 252 bytes, Stack size 8 bytes, stm32f3xx_hal_pcd.o(i.HAL_PCD_IRQHandler))
<BR><BR>[Stack]<UL><LI>Max Depth = 152<LI>Call Chain = HAL_PCD_IRQHandler &rArr; PCD_EP_ISR_Handler &rArr; HAL_PCD_SetupStageCallback &rArr; USBD_LL_SetupStage &rArr; USBD_StdDevReq &rArr; USBD_GetDescriptor &rArr; USBD_CtlSendData &rArr; USBD_LL_Transmit &rArr; HAL_PCD_EP_Transmit &rArr; PCD_WritePMA
</UL>
<BR>[Calls]<UL><LI><a href="#[e7]">&gt;&gt;</a>&nbsp;&nbsp;&nbsp;HAL_PCD_SetAddress
<LI><a href="#[e5]">&gt;&gt;</a>&nbsp;&nbsp;&nbsp;PCD_EP_ISR_Handler
<LI><a href="#[e9]">&gt;&gt;</a>&nbsp;&nbsp;&nbsp;HAL_PCD_SuspendCallback
<LI><a href="#[ea]">&gt;&gt;</a>&nbsp;&nbsp;&nbsp;HAL_PCD_SOFCallback
<LI><a href="#[e8]">&gt;&gt;</a>&nbsp;&nbsp;&nbsp;HAL_PCD_ResumeCallback
<LI><a href="#[e6]">&gt;&gt;</a>&nbsp;&nbsp;&nbsp;HAL_PCD_ResetCallback
</UL>
<BR>[Called By]<UL><LI><a href="#[5b]">&gt;&gt;</a>&nbsp;&nbsp;&nbsp;USB_LP_IRQHandler
</UL>

<P><STRONG><a name="[eb]"></a>HAL_PCD_Init</STRONG> (Thumb, 156 bytes, Stack size 16 bytes, stm32f3xx_hal_pcd.o(i.HAL_PCD_Init))
<BR><BR>[Stack]<UL><LI>Max Depth = 88<LI>Call Chain = HAL_PCD_Init &rArr; HAL_PCD_MspInit &rArr; HAL_GPIO_Init
</UL>
<BR>[Calls]<UL><LI><a href="#[ec]">&gt;&gt;</a>&nbsp;&nbsp;&nbsp;HAL_PCD_MspInit
</UL>
<BR>[Called By]<UL><LI><a href="#[19a]">&gt;&gt;</a>&nbsp;&nbsp;&nbsp;USBD_LL_Init
</UL>

<P><STRONG><a name="[ec]"></a>HAL_PCD_MspInit</STRONG> (Thumb, 82 bytes, Stack size 32 bytes, usbd_conf.o(i.HAL_PCD_MspInit))
<BR><BR>[Stack]<UL><LI>Max Depth = 72<LI>Call Chain = HAL_PCD_MspInit &rArr; HAL_GPIO_Init
</UL>
<BR>[Calls]<UL><LI><a href="#[ed]">&gt;&gt;</a>&nbsp;&nbsp;&nbsp;HAL_GPIO_Init
<LI><a href="#[dc]">&gt;&gt;</a>&nbsp;&nbsp;&nbsp;HAL_NVIC_SetPriority
<LI><a href="#[ee]">&gt;&gt;</a>&nbsp;&nbsp;&nbsp;HAL_NVIC_EnableIRQ
</UL>
<BR>[Called By]<UL><LI><a href="#[eb]">&gt;&gt;</a>&nbsp;&nbsp;&nbsp;HAL_PCD_Init
</UL>

<P><STRONG><a name="[e6]"></a>HAL_PCD_ResetCallback</STRONG> (Thumb, 26 bytes, Stack size 8 bytes, usbd_conf.o(i.HAL_PCD_ResetCallback))
<BR><BR>[Stack]<UL><LI>Max Depth = 76<LI>Call Chain = HAL_PCD_ResetCallback &rArr; USBD_LL_Reset &rArr; USBD_LL_OpenEP &rArr; HAL_PCD_EP_Open
</UL>
<BR>[Calls]<UL><LI><a href="#[ef]">&gt;&gt;</a>&nbsp;&nbsp;&nbsp;USBD_LL_SetSpeed
<LI><a href="#[f0]">&gt;&gt;</a>&nbsp;&nbsp;&nbsp;USBD_LL_Reset
</UL>
<BR>[Called By]<UL><LI><a href="#[e4]">&gt;&gt;</a>&nbsp;&nbsp;&nbsp;HAL_PCD_IRQHandler
</UL>

<P><STRONG><a name="[e8]"></a>HAL_PCD_ResumeCallback</STRONG> (Thumb, 8 bytes, Stack size 0 bytes, usbd_conf.o(i.HAL_PCD_ResumeCallback))
<BR><BR>[Calls]<UL><LI><a href="#[f1]">&gt;&gt;</a>&nbsp;&nbsp;&nbsp;USBD_LL_Resume
</UL>
<BR>[Called By]<UL><LI><a href="#[e4]">&gt;&gt;</a>&nbsp;&nbsp;&nbsp;HAL_PCD_IRQHandler
</UL>

<P><STRONG><a name="[ea]"></a>HAL_PCD_SOFCallback</STRONG> (Thumb, 8 bytes, Stack size 0 bytes, usbd_conf.o(i.HAL_PCD_SOFCallback))
<BR><BR>[Stack]<UL><LI>Max Depth = 8<LI>Call Chain = HAL_PCD_SOFCallback &rArr; USBD_LL_SOF
</UL>
<BR>[Calls]<UL><LI><a href="#[f2]">&gt;&gt;</a>&nbsp;&nbsp;&nbsp;USBD_LL_SOF
</UL>
<BR>[Called By]<UL><LI><a href="#[e4]">&gt;&gt;</a>&nbsp;&nbsp;&nbsp;HAL_PCD_IRQHandler
</UL>

<P><STRONG><a name="[e7]"></a>HAL_PCD_SetAddress</STRONG> (Thumb, 44 bytes, Stack size 0 bytes, stm32f3xx_hal_pcd.o(i.HAL_PCD_SetAddress))
<BR><BR>[Called By]<UL><LI><a href="#[e4]">&gt;&gt;</a>&nbsp;&nbsp;&nbsp;HAL_PCD_IRQHandler
<LI><a href="#[1a2]">&gt;&gt;</a>&nbsp;&nbsp;&nbsp;USBD_LL_SetUSBAddress
</UL>

<P><STRONG><a name="[f3]"></a>HAL_PCD_SetupStageCallback</STRONG> (Thumb, 14 bytes, Stack size 0 bytes, usbd_conf.o(i.HAL_PCD_SetupStageCallback))
<BR><BR>[Stack]<UL><LI>Max Depth = 96<LI>Call Chain = HAL_PCD_SetupStageCallback &rArr; USBD_LL_SetupStage &rArr; USBD_StdDevReq &rArr; USBD_GetDescriptor &rArr; USBD_CtlSendData &rArr; USBD_LL_Transmit &rArr; HAL_PCD_EP_Transmit &rArr; PCD_WritePMA
</UL>
<BR>[Calls]<UL><LI><a href="#[f4]">&gt;&gt;</a>&nbsp;&nbsp;&nbsp;USBD_LL_SetupStage
</UL>
<BR>[Called By]<UL><LI><a href="#[e5]">&gt;&gt;</a>&nbsp;&nbsp;&nbsp;PCD_EP_ISR_Handler
</UL>

<P><STRONG><a name="[f5]"></a>HAL_PCD_Start</STRONG> (Thumb, 12 bytes, Stack size 8 bytes, stm32f3xx_hal_pcd.o(i.HAL_PCD_Start))
<BR><BR>[Stack]<UL><LI>Max Depth = 8<LI>Call Chain = HAL_PCD_Start
</UL>
<BR>[Calls]<UL><LI><a href="#[f6]">&gt;&gt;</a>&nbsp;&nbsp;&nbsp;HAL_PCDEx_SetConnectionState
</UL>
<BR>[Called By]<UL><LI><a href="#[1a8]">&gt;&gt;</a>&nbsp;&nbsp;&nbsp;USBD_LL_Start
</UL>

<P><STRONG><a name="[e9]"></a>HAL_PCD_SuspendCallback</STRONG> (Thumb, 30 bytes, Stack size 8 bytes, usbd_conf.o(i.HAL_PCD_SuspendCallback))
<BR><BR>[Stack]<UL><LI>Max Depth = 8<LI>Call Chain = HAL_PCD_SuspendCallback
</UL>
<BR>[Calls]<UL><LI><a href="#[f7]">&gt;&gt;</a>&nbsp;&nbsp;&nbsp;USBD_LL_Suspend
</UL>
<BR>[Called By]<UL><LI><a href="#[e4]">&gt;&gt;</a>&nbsp;&nbsp;&nbsp;HAL_PCD_IRQHandler
</UL>

<P><STRONG><a name="[17c]"></a>HAL_PWREx_EnableSDADC</STRONG> (Thumb, 30 bytes, Stack size 8 bytes, stm32f3xx_hal_pwr_ex.o(i.HAL_PWREx_EnableSDADC))
<BR><BR>[Stack]<UL><LI>Max Depth = 8<LI>Call Chain = HAL_PWREx_EnableSDADC
</UL>
<BR>[Called By]<UL><LI><a href="#[17b]">&gt;&gt;</a>&nbsp;&nbsp;&nbsp;SystemClock_Config
</UL>

<P><STRONG><a name="[f8]"></a>HAL_RCCEx_PeriphCLKConfig</STRONG> (Thumb, 452 bytes, Stack size 40 bytes, stm32f3xx_hal_rcc_ex.o(i.HAL_RCCEx_PeriphCLKConfig))
<BR><BR>[Stack]<UL><LI>Max Depth = 40<LI>Call Chain = HAL_RCCEx_PeriphCLKConfig
</UL>
<BR>[Calls]<UL><LI><a href="#[d5]">&gt;&gt;</a>&nbsp;&nbsp;&nbsp;HAL_GetTick
</UL>
<BR>[Called By]<UL><LI><a href="#[17b]">&gt;&gt;</a>&nbsp;&nbsp;&nbsp;SystemClock_Config
</UL>

<P><STRONG><a name="[f9]"></a>HAL_RCC_ClockConfig</STRONG> (Thumb, 464 bytes, Stack size 32 bytes, stm32f3xx_hal_rcc.o(i.HAL_RCC_ClockConfig))
<BR><BR>[Stack]<UL><LI>Max Depth = 56<LI>Call Chain = HAL_RCC_ClockConfig &rArr; HAL_InitTick &rArr; HAL_NVIC_SetPriority
</UL>
<BR>[Calls]<UL><LI><a href="#[d9]">&gt;&gt;</a>&nbsp;&nbsp;&nbsp;HAL_InitTick
<LI><a href="#[d5]">&gt;&gt;</a>&nbsp;&nbsp;&nbsp;HAL_GetTick
<LI><a href="#[fa]">&gt;&gt;</a>&nbsp;&nbsp;&nbsp;HAL_RCC_GetSysClockFreq
</UL>
<BR>[Called By]<UL><LI><a href="#[17b]">&gt;&gt;</a>&nbsp;&nbsp;&nbsp;SystemClock_Config
</UL>

<P><STRONG><a name="[fc]"></a>HAL_RCC_GetHCLKFreq</STRONG> (Thumb, 6 bytes, Stack size 0 bytes, stm32f3xx_hal_rcc.o(i.HAL_RCC_GetHCLKFreq))
<BR><BR>[Called By]<UL><LI><a href="#[fd]">&gt;&gt;</a>&nbsp;&nbsp;&nbsp;HAL_RCC_GetPCLK2Freq
<LI><a href="#[fb]">&gt;&gt;</a>&nbsp;&nbsp;&nbsp;HAL_RCC_GetPCLK1Freq
<LI><a href="#[17b]">&gt;&gt;</a>&nbsp;&nbsp;&nbsp;SystemClock_Config
</UL>

<P><STRONG><a name="[fb]"></a>HAL_RCC_GetPCLK1Freq</STRONG> (Thumb, 36 bytes, Stack size 4 bytes, stm32f3xx_hal_rcc.o(i.HAL_RCC_GetPCLK1Freq))
<BR><BR>[Stack]<UL><LI>Max Depth = 4<LI>Call Chain = HAL_RCC_GetPCLK1Freq
</UL>
<BR>[Calls]<UL><LI><a href="#[fc]">&gt;&gt;</a>&nbsp;&nbsp;&nbsp;HAL_RCC_GetHCLKFreq
</UL>
<BR>[Called By]<UL><LI><a href="#[101]">&gt;&gt;</a>&nbsp;&nbsp;&nbsp;UART_SetConfig
</UL>

<P><STRONG><a name="[fd]"></a>HAL_RCC_GetPCLK2Freq</STRONG> (Thumb, 36 bytes, Stack size 4 bytes, stm32f3xx_hal_rcc.o(i.HAL_RCC_GetPCLK2Freq))
<BR><BR>[Stack]<UL><LI>Max Depth = 4<LI>Call Chain = HAL_RCC_GetPCLK2Freq
</UL>
<BR>[Calls]<UL><LI><a href="#[fc]">&gt;&gt;</a>&nbsp;&nbsp;&nbsp;HAL_RCC_GetHCLKFreq
</UL>
[...]
<LI><a href="#[c2]">&gt;&gt;</a>&nbsp;&nbsp;&nbsp;USB_Receive_FS
</UL>
<BR>[Address Reference Count : 1]<UL><LI> usbd_cdc_if.o(.data)
</UL>
<P><STRONG><a name="[13e]"></a>IL_auto_gain</STRONG> (Thumb, 362 bytes, Stack size 32 bytes, sdadc.o(i.IL_auto_gain))
<BR><BR>[Stack]<UL><LI>Max Depth = 48<LI>Call Chain = IL_auto_gain &rArr; IL_setGain
</UL>
<BR>[Calls]<UL><LI><a href="#[13f]">&gt;&gt;</a>&nbsp;&nbsp;&nbsp;IL_setGain
</UL>
<BR>[Called By]<UL><LI><a href="#[167]">&gt;&gt;</a>&nbsp;&nbsp;&nbsp;measure_IL_Current
</UL>

<P><STRONG><a name="[1de]"></a>arm_sqrt_f32</STRONG> (Thumb, 36 bytes, Stack size 0 bytes, sdadc.o(i.arm_sqrt_f32))
<BR><BR>[Called By]<UL><LI><a href="#[98]">&gt;&gt;</a>&nbsp;&nbsp;&nbsp;compute_rms
</UL>

<P><STRONG><a name="[16b]"></a>measure_IDIFF</STRONG> (Thumb, 234 bytes, Stack size 24 bytes, sdadc.o(i.measure_IDIFF))
<BR><BR>[Stack]<UL><LI>Max Depth = 48<LI>Call Chain = measure_IDIFF &rArr; arm_biquad_cascade_df1_f32
</UL>
<BR>[Calls]<UL><LI><a href="#[204]">&gt;&gt;</a>&nbsp;&nbsp;&nbsp;arm_biquad_cascade_df1_f32
</UL>
<BR>[Called By]<UL><LI><a href="#[169]">&gt;&gt;</a>&nbsp;&nbsp;&nbsp;SDADC3_Handler
</UL>

<P><STRONG><a name="[167]"></a>measure_IL_Current</STRONG> (Thumb, 1902 bytes, Stack size 88 bytes, sdadc.o(i.measure_IL_Current))
<BR><BR>[Stack]<UL><LI>Max Depth = 136<LI>Call Chain = measure_IL_Current &rArr; IL_auto_gain &rArr; IL_setGain
</UL>
<BR>[Calls]<UL><LI><a href="#[1be]">&gt;&gt;</a>&nbsp;&nbsp;&nbsp;set_event
<LI><a href="#[205]">&gt;&gt;</a>&nbsp;&nbsp;&nbsp;arm_cos_f32
<LI><a href="#[204]">&gt;&gt;</a>&nbsp;&nbsp;&nbsp;arm_biquad_cascade_df1_f32
<LI><a href="#[13e]">&gt;&gt;</a>&nbsp;&nbsp;&nbsp;IL_auto_gain
</UL>
<BR>[Called By]<UL><LI><a href="#[163]">&gt;&gt;</a>&nbsp;&nbsp;&nbsp;SDADC1_Handler
</UL>

<P><STRONG><a name="[16c]"></a>measure_UL1PE</STRONG> (Thumb, 156 bytes, Stack size 16 bytes, sdadc.o(i.measure_UL1PE))
<BR><BR>[Stack]<UL><LI>Max Depth = 40<LI>Call Chain = measure_UL1PE &rArr; arm_biquad_cascade_df1_f32
</UL>
<BR>[Calls]<UL><LI><a href="#[204]">&gt;&gt;</a>&nbsp;&nbsp;&nbsp;arm_biquad_cascade_df1_f32
</UL>
<BR>[Called By]<UL><LI><a href="#[169]">&gt;&gt;</a>&nbsp;&nbsp;&nbsp;SDADC3_Handler
</UL>

<P><STRONG><a name="[166]"></a>measure_ULN_Voltage</STRONG> (Thumb, 1962 bytes, Stack size 88 bytes, sdadc.o(i.measure_ULN_Voltage))
<BR><BR>[Stack]<UL><LI>Max Depth = 112<LI>Call Chain = measure_ULN_Voltage &rArr; arm_biquad_cascade_df1_f32
</UL>
<BR>[Calls]<UL><LI><a href="#[1be]">&gt;&gt;</a>&nbsp;&nbsp;&nbsp;set_event
<LI><a href="#[bf]">&gt;&gt;</a>&nbsp;&nbsp;&nbsp;HAL_GPIO_WritePin
<LI><a href="#[205]">&gt;&gt;</a>&nbsp;&nbsp;&nbsp;arm_cos_f32
<LI><a href="#[204]">&gt;&gt;</a>&nbsp;&nbsp;&nbsp;arm_biquad_cascade_df1_f32
</UL>
<BR>[Called By]<UL><LI><a href="#[163]">&gt;&gt;</a>&nbsp;&nbsp;&nbsp;SDADC1_Handler
</UL>

<P><STRONG><a name="[16a]"></a>measure_UNPE</STRONG> (Thumb, 156 bytes, Stack size 16 bytes, sdadc.o(i.measure_UNPE))
<BR><BR>[Stack]<UL><LI>Max Depth = 40<LI>Call Chain = measure_UNPE &rArr; arm_biquad_cascade_df1_f32
</UL>
<BR>[Calls]<UL><LI><a href="#[204]">&gt;&gt;</a>&nbsp;&nbsp;&nbsp;arm_biquad_cascade_df1_f32
</UL>
<BR>[Called By]<UL><LI><a href="#[169]">&gt;&gt;</a>&nbsp;&nbsp;&nbsp;SDADC3_Handler
</UL>

<P><STRONG><a name="[211]"></a>sel_REL_DRIVER</STRONG> (Thumb, 142 bytes, Stack size 16 bytes, rel_driver.o(i.sel_REL_DRIVER))
<BR><BR>[Stack]<UL><LI>Max Depth = 16<LI>Call Chain = sel_REL_DRIVER
</UL>
<BR>[Calls]<UL><LI><a href="#[bf]">&gt;&gt;</a>&nbsp;&nbsp;&nbsp;HAL_GPIO_WritePin
</UL>
<BR>[Called By]<UL><LI><a href="#[158]">&gt;&gt;</a>&nbsp;&nbsp;&nbsp;set_REL
<LI><a href="#[157]">&gt;&gt;</a>&nbsp;&nbsp;&nbsp;rst_REL
</UL>

<P><STRONG><a name="[c6]"></a>CalculateCRC</STRONG> (Thumb, 126 bytes, Stack size 32 bytes, serial_com.o(i.CalculateCRC))
<BR><BR>[Stack]<UL><LI>Max Depth = 32<LI>Call Chain = CalculateCRC
</UL>
<BR>[Calls]<UL><LI><a href="#[c7]">&gt;&gt;</a>&nbsp;&nbsp;&nbsp;strlen
</UL>
<BR>[Called By]<UL><LI><a href="#[c9]">&gt;&gt;</a>&nbsp;&nbsp;&nbsp;ConstructProtocolString
<LI><a href="#[1db]">&gt;&gt;</a>&nbsp;&nbsp;&nbsp;command_return
<LI><a href="#[c8]">&gt;&gt;</a>&nbsp;&nbsp;&nbsp;CheckCRC
</UL>

<P><STRONG><a name="[c8]"></a>CheckCRC</STRONG> (Thumb, 30 bytes, Stack size 8 bytes, serial_com.o(i.CheckCRC))
<BR><BR>[Stack]<UL><LI>Max Depth = 40<LI>Call Chain = CheckCRC &rArr; CalculateCRC
</UL>
<BR>[Calls]<UL><LI><a href="#[c6]">&gt;&gt;</a>&nbsp;&nbsp;&nbsp;CalculateCRC
</UL>
<BR>[Called By]<UL><LI><a href="#[15d]">&gt;&gt;</a>&nbsp;&nbsp;&nbsp;ParseMessage
</UL>

<P><STRONG><a name="[d3]"></a>FindAllAdditionalCmdParameters</STRONG> (Thumb, 166 bytes, Stack size 40 bytes, serial_com.o(i.FindAllAdditionalCmdParameters))
<BR><BR>[Stack]<UL><LI>Max Depth = 40<LI>Call Chain = FindAllAdditionalCmdParameters
</UL>
<BR>[Calls]<UL><LI><a href="#[c7]">&gt;&gt;</a>&nbsp;&nbsp;&nbsp;strlen
</UL>
<BR>[Called By]<UL><LI><a href="#[15d]">&gt;&gt;</a>&nbsp;&nbsp;&nbsp;ParseMessage
</UL>

<P><STRONG><a name="[161]"></a>GetID</STRONG> (Thumb, 6 bytes, Stack size 0 bytes, serial_com.o(i.GetID))
<BR><BR>[Called By]<UL><LI><a href="#[15d]">&gt;&gt;</a>&nbsp;&nbsp;&nbsp;ParseMessage
</UL>

<P><STRONG><a name="[15d]"></a>ParseMessage</STRONG> (Thumb, 378 bytes, Stack size 224 bytes, serial_com.o(i.ParseMessage))
<BR><BR>[Stack]<UL><LI>Max Depth = 312<LI>Call Chain = ParseMessage &rArr; atoi &rArr; strtol &rArr; _strtoul
</UL>
<BR>[Calls]<UL><LI><a href="#[15e]">&gt;&gt;</a>&nbsp;&nbsp;&nbsp;strcpy
<LI><a href="#[162]">&gt;&gt;</a>&nbsp;&nbsp;&nbsp;strcmp
<LI><a href="#[c7]">&gt;&gt;</a>&nbsp;&nbsp;&nbsp;strlen
<LI><a href="#[ca]">&gt;&gt;</a>&nbsp;&nbsp;&nbsp;__aeabi_memclr4
<LI><a href="#[a1]">&gt;&gt;</a>&nbsp;&nbsp;&nbsp;__aeabi_memclr
<LI><a href="#[15f]">&gt;&gt;</a>&nbsp;&nbsp;&nbsp;strtok_single
<LI><a href="#[160]">&gt;&gt;</a>&nbsp;&nbsp;&nbsp;SetID
<LI><a href="#[161]">&gt;&gt;</a>&nbsp;&nbsp;&nbsp;GetID
<LI><a href="#[d3]">&gt;&gt;</a>&nbsp;&nbsp;&nbsp;FindAllAdditionalCmdParameters
<LI><a href="#[c8]">&gt;&gt;</a>&nbsp;&nbsp;&nbsp;CheckCRC
<LI><a href="#[a7]">&gt;&gt;</a>&nbsp;&nbsp;&nbsp;atoi
</UL>
<BR>[Called By]<UL><LI><a href="#[1da]">&gt;&gt;</a>&nbsp;&nbsp;&nbsp;recieved_command_analyze
</UL>

<P><STRONG><a name="[175]"></a>SerialSend</STRONG> (Thumb, 80 bytes, Stack size 16 bytes, serial_com.o(i.SerialSend))
<BR><BR>[Stack]<UL><LI>Max Depth = 72<LI>Call Chain = SerialSend &rArr; CDC_Transmit_FS &rArr; USBD_CDC_TransmitPacket &rArr; USBD_LL_Transmit &rArr; HAL_PCD_EP_Transmit &rArr; PCD_WritePMA
</UL>
<BR>[Calls]<UL><LI><a href="#[c4]">&gt;&gt;</a>&nbsp;&nbsp;&nbsp;CDC_Transmit_FS
</UL>
<BR>[Called By]<UL><LI><a href="#[178]">&gt;&gt;</a>&nbsp;&nbsp;&nbsp;transmittEmptyStr
<LI><a href="#[65]">&gt;&gt;</a>&nbsp;&nbsp;&nbsp;SinchronusTransmittFunc
</UL>

<P><STRONG><a name="[160]"></a>SetID</STRONG> (Thumb, 6 bytes, Stack size 0 bytes, serial_com.o(i.SetID))
<BR><BR>[Called By]<UL><LI><a href="#[15d]">&gt;&gt;</a>&nbsp;&nbsp;&nbsp;ParseMessage
</UL>

<P><STRONG><a name="[65]"></a>SinchronusTransmittFunc</STRONG> (Thumb, 118 bytes, Stack size 16 bytes, serial_com.o(i.SinchronusTransmittFunc))
<BR><BR>[Stack]<UL><LI>Max Depth = 128<LI>Call Chain = SinchronusTransmittFunc &rArr; transmittEmptyStr &rArr; SerialSend &rArr; CDC_Transmit_FS &rArr; USBD_CDC_TransmitPacket &rArr; USBD_LL_Transmit &rArr; HAL_PCD_EP_Transmit &rArr; PCD_WritePMA
</UL>
<BR>[Calls]<UL><LI><a href="#[177]">&gt;&gt;</a>&nbsp;&nbsp;&nbsp;restart_timer
<LI><a href="#[178]">&gt;&gt;</a>&nbsp;&nbsp;&nbsp;transmittEmptyStr
<LI><a href="#[175]">&gt;&gt;</a>&nbsp;&nbsp;&nbsp;SerialSend
<LI><a href="#[176]">&gt;&gt;</a>&nbsp;&nbsp;&nbsp;free
</UL>
<BR>[Address Reference Count : 2]<UL><LI> serial_com.o(i.SinchronusTransmittFunc)
<LI> serial_com.o(i.TIM2_IRQHandler)
</UL>
<P><STRONG><a name="[216]"></a>SynchronusSendInit</STRONG> (Thumb, 42 bytes, Stack size 12 bytes, serial_com.o(i.SynchronusSendInit))
<BR><BR>[Stack]<UL><LI>Max Depth = 12<LI>Call Chain = SynchronusSendInit
</UL>
<BR>[Called By]<UL><LI><a href="#[1cd]">&gt;&gt;</a>&nbsp;&nbsp;&nbsp;serial_com_init
</UL>

<P><STRONG><a name="[1ce]"></a>command_analyze</STRONG> (Thumb, 8588 bytes, Stack size 56 bytes, serial_com.o(i.command_analyze))
<BR><BR>[Stack]<UL><LI>Max Depth = 472<LI>Call Chain = command_analyze &rArr; set_phase_num &rArr; SendComMessage &rArr; ConstructProtocolString &rArr; CalculateCRC
</UL>
<BR>[Calls]<UL><LI><a href="#[158]">&gt;&gt;</a>&nbsp;&nbsp;&nbsp;set_REL
<LI><a href="#[157]">&gt;&gt;</a>&nbsp;&nbsp;&nbsp;rst_REL
<LI><a href="#[15a]">&gt;&gt;</a>&nbsp;&nbsp;&nbsp;SendComMessage
<LI><a href="#[1ca]">&gt;&gt;</a>&nbsp;&nbsp;&nbsp;stop_measure
<LI><a href="#[1c8]">&gt;&gt;</a>&nbsp;&nbsp;&nbsp;start_measure_no_THD
<LI><a href="#[1cf]">&gt;&gt;</a>&nbsp;&nbsp;&nbsp;start_measure
<LI><a href="#[177]">&gt;&gt;</a>&nbsp;&nbsp;&nbsp;restart_timer
<LI><a href="#[1be]">&gt;&gt;</a>&nbsp;&nbsp;&nbsp;set_event
<LI><a href="#[d4]">&gt;&gt;</a>&nbsp;&nbsp;&nbsp;HAL_Delay
<LI><a href="#[bf]">&gt;&gt;</a>&nbsp;&nbsp;&nbsp;HAL_GPIO_WritePin
<LI><a href="#[1d7]">&gt;&gt;</a>&nbsp;&nbsp;&nbsp;set_phase_num_weld
<LI><a href="#[1d8]">&gt;&gt;</a>&nbsp;&nbsp;&nbsp;set_RISO_weld_resistance
<LI><a href="#[1b0]">&gt;&gt;</a>&nbsp;&nbsp;&nbsp;WeldMachMt310_RelInit
<LI><a href="#[1d4]">&gt;&gt;</a>&nbsp;&nbsp;&nbsp;set_phase_num_mach
<LI><a href="#[1d5]">&gt;&gt;</a>&nbsp;&nbsp;&nbsp;set_RISO_mach_resistance
<LI><a href="#[1d6]">&gt;&gt;</a>&nbsp;&nbsp;&nbsp;machOPENcontactors
<LI><a href="#[1d1]">&gt;&gt;</a>&nbsp;&nbsp;&nbsp;set_phase_num
<LI><a href="#[1d2]">&gt;&gt;</a>&nbsp;&nbsp;&nbsp;set_RPE_cord_resistance
<LI><a href="#[1d3]">&gt;&gt;</a>&nbsp;&nbsp;&nbsp;set_RISO_cord_resistance
<LI><a href="#[1d9]">&gt;&gt;</a>&nbsp;&nbsp;&nbsp;setConstant
<LI><a href="#[179]">&gt;&gt;</a>&nbsp;&nbsp;&nbsp;disconnect_function
<LI><a href="#[162]">&gt;&gt;</a>&nbsp;&nbsp;&nbsp;strcmp
<LI><a href="#[1d0]">&gt;&gt;</a>&nbsp;&nbsp;&nbsp;reset_all_REL
</UL>
<BR>[Called By]<UL><LI><a href="#[1da]">&gt;&gt;</a>&nbsp;&nbsp;&nbsp;recieved_command_analyze
</UL>

<P><STRONG><a name="[69]"></a>command_do_events</STRONG> (Thumb, 96 bytes, Stack size 24 bytes, serial_com.o(i.command_do_events))
<BR><BR>[Stack]<UL><LI>Max Depth = 504<LI>Call Chain = command_do_events &rArr; recieved_command_analyze &rArr; command_analyze &rArr; set_phase_num &rArr; SendComMessage &rArr; ConstructProtocolString &rArr; CalculateCRC
</UL>
<BR>[Calls]<UL><LI><a href="#[1da]">&gt;&gt;</a>&nbsp;&nbsp;&nbsp;recieved_command_analyze
</UL>
<BR>[Address Reference Count : 1]<UL><LI> serial_com.o(i.add_command_to_queue)
</UL>
<P><STRONG><a name="[1db]"></a>command_return</STRONG> (Thumb, 270 bytes, Stack size 288 bytes, serial_com.o(i.command_return))
<BR><BR>[Stack]<UL><LI>Max Depth = 324<LI>Call Chain = command_return &rArr; serial_send_handler &rArr; malloc
</UL>
<BR>[Calls]<UL><LI><a href="#[162]">&gt;&gt;</a>&nbsp;&nbsp;&nbsp;strcmp
<LI><a href="#[c7]">&gt;&gt;</a>&nbsp;&nbsp;&nbsp;strlen
<LI><a href="#[cc]">&gt;&gt;</a>&nbsp;&nbsp;&nbsp;strcat
<LI><a href="#[170]">&gt;&gt;</a>&nbsp;&nbsp;&nbsp;serial_send_handler
<LI><a href="#[c6]">&gt;&gt;</a>&nbsp;&nbsp;&nbsp;CalculateCRC
</UL>
<BR>[Called By]<UL><LI><a href="#[1da]">&gt;&gt;</a>&nbsp;&nbsp;&nbsp;recieved_command_analyze
</UL>

<P><STRONG><a name="[215]"></a>communication_init</STRONG> (Thumb, 26 bytes, Stack size 0 bytes, serial_com.o(i.communication_init))
<BR><BR>[Called By]<UL><LI><a href="#[1cd]">&gt;&gt;</a>&nbsp;&nbsp;&nbsp;serial_com_init
</UL>

<P><STRONG><a name="[218]"></a>increaseWritePtr</STRONG> (Thumb, 38 bytes, Stack size 0 bytes, serial_com.o(i.increaseWritePtr))
<BR><BR>[Called By]<UL><LI><a href="#[170]">&gt;&gt;</a>&nbsp;&nbsp;&nbsp;serial_send_handler
</UL>

<P><STRONG><a name="[209]"></a>recieve_ack_func</STRONG> (Thumb, 84 bytes, Stack size 12 bytes, serial_com.o(i.recieve_ack_func))
<BR><BR>[Stack]<UL><LI>Max Depth = 12<LI>Call Chain = recieve_ack_func
</UL>
<BR>[Called By]<UL><LI><a href="#[1da]">&gt;&gt;</a>&nbsp;&nbsp;&nbsp;recieved_command_analyze
</UL>

<P><STRONG><a name="[208]"></a>recieve_nack_func</STRONG> (Thumb, 86 bytes, Stack size 12 bytes, serial_com.o(i.recieve_nack_func))
<BR><BR>[Stack]<UL><LI>Max Depth = 12<LI>Call Chain = recieve_nack_func
</UL>
<BR>[Called By]<UL><LI><a href="#[1da]">&gt;&gt;</a>&nbsp;&nbsp;&nbsp;recieved_command_analyze
</UL>

<P><STRONG><a name="[1da]"></a>recieved_command_analyze</STRONG> (Thumb, 70 bytes, Stack size 8 bytes, serial_com.o(i.recieved_command_analyze))
<BR><BR>[Stack]<UL><LI>Max Depth = 480<LI>Call Chain = recieved_command_analyze &rArr; command_analyze &rArr; set_phase_num &rArr; SendComMessage &rArr; ConstructProtocolString &rArr; CalculateCRC
</UL>
<BR>[Calls]<UL><LI><a href="#[208]">&gt;&gt;</a>&nbsp;&nbsp;&nbsp;recieve_nack_func
<LI><a href="#[209]">&gt;&gt;</a>&nbsp;&nbsp;&nbsp;recieve_ack_func
<LI><a href="#[1db]">&gt;&gt;</a>&nbsp;&nbsp;&nbsp;command_return
<LI><a href="#[1ce]">&gt;&gt;</a>&nbsp;&nbsp;&nbsp;command_analyze
<LI><a href="#[15d]">&gt;&gt;</a>&nbsp;&nbsp;&nbsp;ParseMessage
</UL>
<BR>[Called By]<UL><LI><a href="#[69]">&gt;&gt;</a>&nbsp;&nbsp;&nbsp;command_do_events
</UL>

<P><STRONG><a name="[1bf]"></a>resetSendTimer</STRONG> (Thumb, 14 bytes, Stack size 0 bytes, serial_com.o(i.resetSendTimer))
<BR><BR>[Calls]<UL><LI><a href="#[d1]">&gt;&gt;</a>&nbsp;&nbsp;&nbsp;HAL_TIM_Base_Start_IT
</UL>
<BR>[Called By]<UL><LI><a href="#[1af]">&gt;&gt;</a>&nbsp;&nbsp;&nbsp;add_command_to_queue
</UL>

<P><STRONG><a name="[170]"></a>serial_send_handler</STRONG> (Thumb, 82 bytes, Stack size 16 bytes, serial_com.o(i.serial_send_handler))
<BR><BR>[Stack]<UL><LI>Max Depth = 36<LI>Call Chain = serial_send_handler &rArr; malloc
</UL>
<BR>[Calls]<UL><LI><a href="#[15e]">&gt;&gt;</a>&nbsp;&nbsp;&nbsp;strcpy
<LI><a href="#[218]">&gt;&gt;</a>&nbsp;&nbsp;&nbsp;increaseWritePtr
<LI><a href="#[217]">&gt;&gt;</a>&nbsp;&nbsp;&nbsp;malloc
</UL>
<BR>[Called By]<UL><LI><a href="#[15a]">&gt;&gt;</a>&nbsp;&nbsp;&nbsp;SendComMessage
<LI><a href="#[171]">&gt;&gt;</a>&nbsp;&nbsp;&nbsp;SendConstructedProtocolMessage
<LI><a href="#[9c]">&gt;&gt;</a>&nbsp;&nbsp;&nbsp;transmit_command_handle
<LI><a href="#[1db]">&gt;&gt;</a>&nbsp;&nbsp;&nbsp;command_return
</UL>

<P><STRONG><a name="[15f]"></a>strtok_single</STRONG> (Thumb, 52 bytes, Stack size 16 bytes, serial_com.o(i.strtok_single))
<BR><BR>[Stack]<UL><LI>Max Depth = 24<LI>Call Chain = strtok_single &rArr; strpbrk
</UL>
<BR>[Calls]<UL><LI><a href="#[21b]">&gt;&gt;</a>&nbsp;&nbsp;&nbsp;strpbrk
</UL>
<BR>[Called By]<UL><LI><a href="#[15d]">&gt;&gt;</a>&nbsp;&nbsp;&nbsp;ParseMessage
</UL>

<P><STRONG><a name="[9c]"></a>transmit_command_handle</STRONG> (Thumb, 432 bytes, Stack size 48 bytes, serial_com.o(i.transmit_command_handle))
<BR><BR>[Stack]<UL><LI>Max Depth = 440<LI>Call Chain = transmit_command_handle &rArr; SendComMessage &rArr; ConstructProtocolString &rArr; CalculateCRC
</UL>
<BR>[Calls]<UL><LI><a href="#[15a]">&gt;&gt;</a>&nbsp;&nbsp;&nbsp;SendComMessage
<LI><a href="#[177]">&gt;&gt;</a>&nbsp;&nbsp;&nbsp;restart_timer
<LI><a href="#[170]">&gt;&gt;</a>&nbsp;&nbsp;&nbsp;serial_send_handler
<LI><a href="#[176]">&gt;&gt;</a>&nbsp;&nbsp;&nbsp;free
<LI><a href="#[1ee]">&gt;&gt;</a>&nbsp;&nbsp;&nbsp;__2sprintf
</UL>
<BR>[Address Reference Count : 2]<UL><LI> serial_com.o(i.transmit_command_handle)
<LI> serial_com.o(i.transmit_func)
</UL>
<P><STRONG><a name="[172]"></a>transmit_func</STRONG> (Thumb, 112 bytes, Stack size 24 bytes, serial_com.o(i.transmit_func))
<BR><BR>[Stack]<UL><LI>Max Depth = 44<LI>Call Chain = transmit_func &rArr; restart_timer
</UL>
<BR>[Calls]<UL><LI><a href="#[177]">&gt;&gt;</a>&nbsp;&nbsp;&nbsp;restart_timer
<LI><a href="#[15e]">&gt;&gt;</a>&nbsp;&nbsp;&nbsp;strcpy
<LI><a href="#[217]">&gt;&gt;</a>&nbsp;&nbsp;&nbsp;malloc
</UL>
<BR>[Called By]<UL><LI><a href="#[171]">&gt;&gt;</a>&nbsp;&nbsp;&nbsp;SendConstructedProtocolMessage
</UL>

<P><STRONG><a name="[178]"></a>transmittEmptyStr</STRONG> (Thumb, 44 bytes, Stack size 40 bytes, serial_com.o(i.transmittEmptyStr))
<BR><BR>[Stack]<UL><LI>Max Depth = 112<LI>Call Chain = transmittEmptyStr &rArr; SerialSend &rArr; CDC_Transmit_FS &rArr; USBD_CDC_TransmitPacket &rArr; USBD_LL_Transmit &rArr; HAL_PCD_EP_Transmit &rArr; PCD_WritePMA
</UL>
<BR>[Calls]<UL><LI><a href="#[175]">&gt;&gt;</a>&nbsp;&nbsp;&nbsp;SerialSend
<LI><a href="#[cb]">&gt;&gt;</a>&nbsp;&nbsp;&nbsp;__2snprintf
</UL>
<BR>[Called By]<UL><LI><a href="#[9b]">&gt;&gt;</a>&nbsp;&nbsp;&nbsp;SynchronusProcess
<LI><a href="#[65]">&gt;&gt;</a>&nbsp;&nbsp;&nbsp;SinchronusTransmittFunc
</UL>

<P><STRONG><a name="[1b9]"></a>_fp_digits</STRONG> (Thumb, 366 bytes, Stack size 64 bytes, printfa.o(i._fp_digits), UNUSED)
<BR><BR>[Calls]<UL><LI><a href="#[aa]">&gt;&gt;</a>&nbsp;&nbsp;&nbsp;__aeabi_uldivmod
<LI><a href="#[b7]">&gt;&gt;</a>&nbsp;&nbsp;&nbsp;__aeabi_dmul
<LI><a href="#[b8]">&gt;&gt;</a>&nbsp;&nbsp;&nbsp;__aeabi_ddiv
<LI><a href="#[b1]">&gt;&gt;</a>&nbsp;&nbsp;&nbsp;__aeabi_dadd
<LI><a href="#[b9]">&gt;&gt;</a>&nbsp;&nbsp;&nbsp;__aeabi_d2ulz
<LI><a href="#[1ba]">&gt;&gt;</a>&nbsp;&nbsp;&nbsp;__aeabi_cdrcmple
</UL>
<BR>[Called By]<UL><LI><a href="#[1b4]">&gt;&gt;</a>&nbsp;&nbsp;&nbsp;_printf_core
</UL>

<P><STRONG><a name="[1b4]"></a>_printf_core</STRONG> (Thumb, 1744 bytes, Stack size 136 bytes, printfa.o(i._printf_core), UNUSED)
<BR><BR>[Calls]<UL><LI><a href="#[aa]">&gt;&gt;</a>&nbsp;&nbsp;&nbsp;__aeabi_uldivmod
<LI><a href="#[1bd]">&gt;&gt;</a>&nbsp;&nbsp;&nbsp;__aeabi_uidivmod
<LI><a href="#[1bb]">&gt;&gt;</a>&nbsp;&nbsp;&nbsp;_printf_pre_padding
<LI><a href="#[1bc]">&gt;&gt;</a>&nbsp;&nbsp;&nbsp;_printf_post_padding
<LI><a href="#[1b9]">&gt;&gt;</a>&nbsp;&nbsp;&nbsp;_fp_digits
</UL>
<BR>[Called By]<UL><LI><a href="#[1b5]">&gt;&gt;</a>&nbsp;&nbsp;&nbsp;__0sprintf
<LI><a href="#[1b3]">&gt;&gt;</a>&nbsp;&nbsp;&nbsp;__0snprintf
</UL>

<P><STRONG><a name="[1bc]"></a>_printf_post_padding</STRONG> (Thumb, 36 bytes, Stack size 24 bytes, printfa.o(i._printf_post_padding), UNUSED)
<BR><BR>[Called By]<UL><LI><a href="#[1b4]">&gt;&gt;</a>&nbsp;&nbsp;&nbsp;_printf_core
</UL>

<P><STRONG><a name="[1bb]"></a>_printf_pre_padding</STRONG> (Thumb, 46 bytes, Stack size 24 bytes, printfa.o(i._printf_pre_padding), UNUSED)
<BR><BR>[Called By]<UL><LI><a href="#[1b4]">&gt;&gt;</a>&nbsp;&nbsp;&nbsp;_printf_core
</UL>

<P><STRONG><a name="[67]"></a>_snputc</STRONG> (Thumb, 22 bytes, Stack size 0 bytes, printfa.o(i._snputc))
<BR>[Address Reference Count : 1]<UL><LI> printfa.o(i.__0snprintf)
</UL>
<P><STRONG><a name="[68]"></a>_sputc</STRONG> (Thumb, 10 bytes, Stack size 0 bytes, printfa.o(i._sputc))
<BR><BR>[Called By]<UL><LI><a href="#[1b5]">&gt;&gt;</a>&nbsp;&nbsp;&nbsp;__0sprintf
</UL>
<BR>[Address Reference Count : 1]<UL><LI> printfa.o(i.__0sprintf)
</UL>
<P><STRONG><a name="[ae]"></a>_local_sscanf</STRONG> (Thumb, 54 bytes, Stack size 56 bytes, strtod.o(.text))
<BR><BR>[Stack]<UL><LI>Max Depth = 160<LI>Call Chain = _local_sscanf &rArr; _scanf_real
</UL>
<BR>[Calls]<UL><LI><a href="#[af]">&gt;&gt;</a>&nbsp;&nbsp;&nbsp;_scanf_real
</UL>
<BR>[Called By]<UL><LI><a href="#[b0]">&gt;&gt;</a>&nbsp;&nbsp;&nbsp;__strtod_int
</UL>

<P><STRONG><a name="[bb]"></a>_fp_value</STRONG> (Thumb, 296 bytes, Stack size 64 bytes, scanf_fp.o(.text), UNUSED)
<BR><BR>[Calls]<UL><LI><a href="#[bc]">&gt;&gt;</a>&nbsp;&nbsp;&nbsp;__aeabi_ul2d
<LI><a href="#[b7]">&gt;&gt;</a>&nbsp;&nbsp;&nbsp;__aeabi_dmul
<LI><a href="#[b8]">&gt;&gt;</a>&nbsp;&nbsp;&nbsp;__aeabi_ddiv
</UL>
<BR>[Called By]<UL><LI><a href="#[bd]">&gt;&gt;</a>&nbsp;&nbsp;&nbsp;_scanf_really_real
</UL>
<P>
<H3>
Undefined Global Symbols
</H3><HR></body></html>
