Component: ARM Compiler 5.06 update 5 (build 528) Tool: armlink [4d35e2]

==============================================================================

Section Cross References

    stm32f3xx_it.o(i.EXTI15_10_IRQHandler) refers to stm32f3xx_hal_gpio.o(i.HAL_GPIO_EXTI_IRQHandler) for HAL_GPIO_EXTI_IRQHandler
    stm32f3xx_it.o(i.EXTI15_10_IRQHandler) refers to comunication.o(i.USBConnected_Handler) for USBConnected_Handler
    stm32f3xx_it.o(i.EXTI9_5_IRQHandler) refers to stm32f3xx_hal_gpio.o(i.HAL_GPIO_TogglePin) for HAL_GPIO_TogglePin
    stm32f3xx_it.o(i.EXTI9_5_IRQHandler) refers to stm32f3xx_hal_tim.o(i.HAL_TIM_Base_Start_IT) for HAL_TIM_Base_Start_IT
    stm32f3xx_it.o(i.EXTI9_5_IRQHandler) refers to sdadc.o(i.get_inst_value) for get_inst_value
    stm32f3xx_it.o(i.EXTI9_5_IRQHandler) refers to stm32f3xx_hal_gpio.o(i.HAL_GPIO_EXTI_IRQHandler) for HAL_GPIO_EXTI_IRQHandler
    stm32f3xx_it.o(i.EXTI9_5_IRQHandler) refers to comunication.o(.data) for meas_control
    stm32f3xx_it.o(i.EXTI9_5_IRQHandler) refers to timer.o(.bss) for htim7
    stm32f3xx_it.o(i.EXTI9_5_IRQHandler) refers to stm32f3xx_it.o(.data) for .data
    stm32f3xx_it.o(i.EXTI9_5_IRQHandler) refers to sdadc.o(.data) for compute_control
    stm32f3xx_it.o(i.EXTI9_5_IRQHandler) refers to main.o(.data) for global_control
    stm32f3xx_it.o(i.SDADC1_IRQHandler) refers to stm32f3xx_hal_sdadc.o(i.HAL_SDADC_IRQHandler) for HAL_SDADC_IRQHandler
    stm32f3xx_it.o(i.SDADC1_IRQHandler) refers to sdadc.o(i.SDADC1_Handler) for SDADC1_Handler
    stm32f3xx_it.o(i.SDADC1_IRQHandler) refers to sdadc.o(.bss) for hsdadc1
    stm32f3xx_it.o(i.SDADC2_IRQHandler) refers to sdadc.o(i.SDADC2_Handler) for SDADC2_Handler
    stm32f3xx_it.o(i.SDADC2_IRQHandler) refers to stm32f3xx_hal_sdadc.o(i.HAL_SDADC_IRQHandler) for HAL_SDADC_IRQHandler
    stm32f3xx_it.o(i.SDADC2_IRQHandler) refers to sdadc.o(.bss) for hsdadc2
    stm32f3xx_it.o(i.SDADC3_IRQHandler) refers to stm32f3xx_hal_sdadc.o(i.HAL_SDADC_IRQHandler) for HAL_SDADC_IRQHandler
    stm32f3xx_it.o(i.SDADC3_IRQHandler) refers to sdadc.o(i.SDADC3_Handler) for SDADC3_Handler
    stm32f3xx_it.o(i.SDADC3_IRQHandler) refers to sdadc.o(.bss) for hsdadc3
    stm32f3xx_it.o(i.SysTick_Handler) refers to stm32f3xx_hal.o(i.HAL_IncTick) for HAL_IncTick
    stm32f3xx_it.o(i.SysTick_Handler) refers to stm32f3xx_hal_cortex.o(i.HAL_SYSTICK_IRQHandler) for HAL_SYSTICK_IRQHandler
    stm32f3xx_it.o(i.SysTick_Handler) refers to os.o(.data) for TimerTick
    stm32f3xx_it.o(i.TIM3_IRQHandler) refers to timer.o(i.TIMER3_IRQHandler) for TIMER3_IRQHandler
    stm32f3xx_it.o(i.TIM7_IRQHandler) refers to stm32f3xx_hal_tim.o(i.HAL_TIM_IRQHandler) for HAL_TIM_IRQHandler
    stm32f3xx_it.o(i.TIM7_IRQHandler) refers to timer.o(i.TIMER7_IRQHandler) for TIMER7_IRQHandler
    stm32f3xx_it.o(i.TIM7_IRQHandler) refers to stm32f3xx_hal_tim.o(i.HAL_TIM_Base_Stop_IT) for HAL_TIM_Base_Stop_IT
    stm32f3xx_it.o(i.TIM7_IRQHandler) refers to timer.o(.bss) for htim7
    stm32f3xx_it.o(i.USB_LP_IRQHandler) refers to stm32f3xx_hal_pcd.o(i.HAL_PCD_IRQHandler) for HAL_PCD_IRQHandler
    stm32f3xx_it.o(i.USB_LP_IRQHandler) refers to usbd_conf.o(.bss) for hpcd_USB_FS
    main.o(i.MX_NVIC_Init) refers to stm32f3xx_hal_cortex.o(i.HAL_NVIC_SetPriority) for HAL_NVIC_SetPriority
    main.o(i.MX_NVIC_Init) refers to stm32f3xx_hal_cortex.o(i.HAL_NVIC_EnableIRQ) for HAL_NVIC_EnableIRQ
    main.o(i.MX_NVIC_Init) refers to stm32f3xx_hal_cortex.o(i.HAL_NVIC_DisableIRQ) for HAL_NVIC_DisableIRQ
    main.o(i._Error_Handler) refers to stm32f3xx_hal_gpio.o(i.HAL_GPIO_WritePin) for HAL_GPIO_WritePin
    main.o(i._Error_Handler) refers to test.o(.data) for led_blink_time
    main.o(i.main) refers to stm32f3xx_hal.o(i.HAL_Init) for HAL_Init
    main.o(i.main) refers to clock.o(i.SystemClock_Config) for SystemClock_Config
    main.o(i.main) refers to gpio.o(i.MX_GPIO_Init) for MX_GPIO_Init
    main.o(i.main) refers to sdadc.o(i.MX_SDADC1_Init) for MX_SDADC1_Init
    main.o(i.main) refers to sdadc.o(i.MX_SDADC2_Init) for MX_SDADC2_Init
    main.o(i.main) refers to sdadc.o(i.MX_SDADC3_Init) for MX_SDADC3_Init
    main.o(i.main) refers to comunication.o(i.MX_SPI1_Init) for MX_SPI1_Init
    main.o(i.main) refers to timer.o(i.MX_TIM3_Init) for MX_TIM3_Init
    main.o(i.main) refers to timer.o(i.MX_TIM7_Init) for MX_TIM7_Init
    main.o(i.main) refers to timer.o(i.MX_TIM6_Init) for MX_TIM6_Init
    main.o(i.main) refers to comunication.o(i.MX_USART3_UART_Init) for MX_USART3_UART_Init
    main.o(i.main) refers to usb_device.o(i.MX_USB_DEVICE_Init) for MX_USB_DEVICE_Init
    main.o(i.main) refers to main.o(i.MX_NVIC_Init) for MX_NVIC_Init
    main.o(i.main) refers to comunication.o(i.USBConnected_Handler) for USBConnected_Handler
    main.o(i.main) refers to rel_driver.o(i.init_REL) for init_REL
    main.o(i.main) refers to os.o(i.init_OS) for init_OS
[...]
    HAL_PCD_SetAddress                       0x08002007   Thumb Code    44  stm32f3xx_hal_pcd.o(i.HAL_PCD_SetAddress)
    HAL_PCD_SetupStageCallback               0x08002033   Thumb Code    14  usbd_conf.o(i.HAL_PCD_SetupStageCallback)
    HAL_PCD_Start                            0x08002041   Thumb Code    12  stm32f3xx_hal_pcd.o(i.HAL_PCD_Start)
    HAL_PCD_SuspendCallback                  0x0800204d   Thumb Code    30  usbd_conf.o(i.HAL_PCD_SuspendCallback)
    HAL_PWREx_EnableSDADC                    0x08002071   Thumb Code    30  stm32f3xx_hal_pwr_ex.o(i.HAL_PWREx_EnableSDADC)
    HAL_RCCEx_PeriphCLKConfig                0x08002099   Thumb Code   450  stm32f3xx_hal_rcc_ex.o(i.HAL_RCCEx_PeriphCLKConfig)
    HAL_RCC_ClockConfig                      0x08002269   Thumb Code   374  stm32f3xx_hal_rcc.o(i.HAL_RCC_ClockConfig)
    HAL_RCC_GetHCLKFreq                      0x080023f1   Thumb Code     6  stm32f3xx_hal_rcc.o(i.HAL_RCC_GetHCLKFreq)
    HAL_RCC_GetPCLK1Freq                     0x080023fd   Thumb Code    34  stm32f3xx_hal_rcc.o(i.HAL_RCC_GetPCLK1Freq)
    HAL_RCC_GetPCLK2Freq                     0x0800242d   Thumb Code    34  stm32f3xx_hal_rcc.o(i.HAL_RCC_GetPCLK2Freq)
    HAL_RCC_GetSysClockFreq                  0x0800245d   Thumb Code    88  stm32f3xx_hal_rcc.o(i.HAL_RCC_GetSysClockFreq)
    HAL_RCC_OscConfig                        0x080024c9   Thumb Code  1452  stm32f3xx_hal_rcc.o(i.HAL_RCC_OscConfig)
    HAL_RS485Ex_Init                         0x08002a75   Thumb Code   136  stm32f3xx_hal_uart_ex.o(i.HAL_RS485Ex_Init)
    HAL_SDADC_AssociateChannelConfig         0x08002b01   Thumb Code    92  stm32f3xx_hal_sdadc.o(i.HAL_SDADC_AssociateChannelConfig)
    HAL_SDADC_CalibrationCpltCallback        0x08002b61   Thumb Code     2  stm32f3xx_hal_sdadc.o(i.HAL_SDADC_CalibrationCpltCallback)
    HAL_SDADC_CalibrationStart               0x08002b63   Thumb Code    82  stm32f3xx_hal_sdadc.o(i.HAL_SDADC_CalibrationStart)
    HAL_SDADC_ConvCpltCallback               0x08002bb5   Thumb Code     2  stm32f3xx_hal_sdadc.o(i.HAL_SDADC_ConvCpltCallback)
    HAL_SDADC_ErrorCallback                  0x08002bb7   Thumb Code     2  stm32f3xx_hal_sdadc.o(i.HAL_SDADC_ErrorCallback)
    HAL_SDADC_IRQHandler                     0x08002bb9   Thumb Code   240  stm32f3xx_hal_sdadc.o(i.HAL_SDADC_IRQHandler)
    HAL_SDADC_Init                           0x08002ca9   Thumb Code   148  stm32f3xx_hal_sdadc.o(i.HAL_SDADC_Init)
    HAL_SDADC_InjectedConfigChannel          0x08002d41   Thumb Code    72  stm32f3xx_hal_sdadc.o(i.HAL_SDADC_InjectedConfigChannel)
    HAL_SDADC_InjectedConvCpltCallback       0x08002d89   Thumb Code     2  stm32f3xx_hal_sdadc.o(i.HAL_SDADC_InjectedConvCpltCallback)
    HAL_SDADC_InjectedGetValue               0x08002d8b   Thumb Code    14  stm32f3xx_hal_sdadc.o(i.HAL_SDADC_InjectedGetValue)
    HAL_SDADC_InjectedMultiModeConfigChannel 0x08002d99   Thumb Code    38  stm32f3xx_hal_sdadc.o(i.HAL_SDADC_InjectedMultiModeConfigChannel)
    HAL_SDADC_InjectedMultiModeGetValue      0x08002dc5   Thumb Code    14  stm32f3xx_hal_sdadc.o(i.HAL_SDADC_InjectedMultiModeGetValue)
    HAL_SDADC_InjectedStart                  0x08002dd3   Thumb Code    20  stm32f3xx_hal_sdadc.o(i.HAL_SDADC_InjectedStart)
    HAL_SDADC_InjectedStart_IT               0x08002de7   Thumb Code    30  stm32f3xx_hal_sdadc.o(i.HAL_SDADC_InjectedStart_IT)
    HAL_SDADC_InjectedStop                   0x08002e05   Thumb Code    20  stm32f3xx_hal_sdadc.o(i.HAL_SDADC_InjectedStop)
    HAL_SDADC_InjectedStop_IT                0x08002e19   Thumb Code    30  stm32f3xx_hal_sdadc.o(i.HAL_SDADC_InjectedStop_IT)
    HAL_SDADC_MspInit                        0x08002e39   Thumb Code   208  stm32f3xx_hal_msp.o(i.HAL_SDADC_MspInit)
    HAL_SDADC_MultiModeConfigChannel         0x08002f25   Thumb Code    38  stm32f3xx_hal_sdadc.o(i.HAL_SDADC_MultiModeConfigChannel)
    HAL_SDADC_PollForCalibEvent              0x08002f51   Thumb Code    74  stm32f3xx_hal_sdadc.o(i.HAL_SDADC_PollForCalibEvent)
    HAL_SDADC_PrepareChannelConfig           0x08002f9b   Thumb Code    80  stm32f3xx_hal_sdadc.o(i.HAL_SDADC_PrepareChannelConfig)
    HAL_SDADC_SelectInjectedDelay            0x08002feb   Thumb Code    66  stm32f3xx_hal_sdadc.o(i.HAL_SDADC_SelectInjectedDelay)
    HAL_SDADC_SelectInjectedTrigger          0x0800302d   Thumb Code    42  stm32f3xx_hal_sdadc.o(i.HAL_SDADC_SelectInjectedTrigger)
    HAL_SDADC_SelectRegularTrigger           0x0800305d   Thumb Code    42  stm32f3xx_hal_sdadc.o(i.HAL_SDADC_SelectRegularTrigger)
    HAL_SPI_GetState                         0x0800308d   Thumb Code     6  stm32f3xx_hal_spi.o(i.HAL_SPI_GetState)
    HAL_SPI_Init                             0x08003093   Thumb Code   182  stm32f3xx_hal_spi.o(i.HAL_SPI_Init)
    HAL_SPI_MspInit                          0x08003149   Thumb Code    64  stm32f3xx_hal_msp.o(i.HAL_SPI_MspInit)
    HAL_SPI_Transmit                         0x08003195   Thumb Code   374  stm32f3xx_hal_spi.o(i.HAL_SPI_Transmit)
    HAL_SYSTICK_CLKSourceConfig              0x0800330b   Thumb Code    24  stm32f3xx_hal_cortex.o(i.HAL_SYSTICK_CLKSourceConfig)
    HAL_SYSTICK_Callback                     0x08003323   Thumb Code     2  stm32f3xx_hal_cortex.o(i.HAL_SYSTICK_Callback)
    HAL_SYSTICK_Config                       0x08003325   Thumb Code    40  stm32f3xx_hal_cortex.o(i.HAL_SYSTICK_Config)
    HAL_SYSTICK_IRQHandler                   0x0800334d   Thumb Code     8  stm32f3xx_hal_cortex.o(i.HAL_SYSTICK_IRQHandler)
    HAL_TIMEx_BreakCallback                  0x08003355   Thumb Code     2  stm32f3xx_hal_tim_ex.o(i.HAL_TIMEx_BreakCallback)
    HAL_TIMEx_CommutationCallback            0x08003357   Thumb Code     2  stm32f3xx_hal_tim_ex.o(i.HAL_TIMEx_CommutationCallback)
    HAL_TIMEx_MasterConfigSynchronization    0x08003359   Thumb Code    80  stm32f3xx_hal_tim_ex.o(i.HAL_TIMEx_MasterConfigSynchronization)
    HAL_TIM_Base_Init                        0x080033a9   Thumb Code    54  stm32f3xx_hal_tim.o(i.HAL_TIM_Base_Init)
    HAL_TIM_Base_MspInit                     0x080033e1   Thumb Code    74  stm32f3xx_hal_msp.o(i.HAL_TIM_Base_MspInit)
    HAL_TIM_Base_Start                       0x0800343d   Thumb Code    26  stm32f3xx_hal_tim.o(i.HAL_TIM_Base_Start)
    HAL_TIM_Base_Start_IT                    0x08003457   Thumb Code    24  stm32f3xx_hal_tim.o(i.HAL_TIM_Base_Start_IT)
    HAL_TIM_Base_Stop                        0x0800346f   Thumb Code    44  stm32f3xx_hal_tim.o(i.HAL_TIM_Base_Stop)
    HAL_TIM_Base_Stop_IT                     0x0800349b   Thumb Code    42  stm32f3xx_hal_tim.o(i.HAL_TIM_Base_Stop_IT)
    HAL_TIM_ConfigClockSource                0x080034c5   Thumb Code   242  stm32f3xx_hal_tim.o(i.HAL_TIM_ConfigClockSource)
    HAL_TIM_IC_CaptureCallback               0x080035b7   Thumb Code     2  stm32f3xx_hal_tim.o(i.HAL_TIM_IC_CaptureCallback)
    HAL_TIM_IC_ConfigChannel                 0x080035b9   Thumb Code   286  stm32f3xx_hal_tim.o(i.HAL_TIM_IC_ConfigChannel)
    HAL_TIM_IC_Init                          0x080036d7   Thumb Code    54  stm32f3xx_hal_tim.o(i.HAL_TIM_IC_Init)
    HAL_TIM_IC_MspInit                       0x0800370d   Thumb Code     2  stm32f3xx_hal_tim.o(i.HAL_TIM_IC_MspInit)
    HAL_TIM_IC_Start_IT                      0x0800370f   Thumb Code    76  stm32f3xx_hal_tim.o(i.HAL_TIM_IC_Start_IT)
    HAL_TIM_IRQHandler                       0x0800375b   Thumb Code   358  stm32f3xx_hal_tim.o(i.HAL_TIM_IRQHandler)
    HAL_TIM_OC_DelayElapsedCallback          0x080038c1   Thumb Code     2  stm32f3xx_hal_tim.o(i.HAL_TIM_OC_DelayElapsedCallback)
    HAL_TIM_PWM_PulseFinishedCallback        0x080038c3   Thumb Code     2  stm32f3xx_hal_tim.o(i.HAL_TIM_PWM_PulseFinishedCallback)
    HAL_TIM_PeriodElapsedCallback            0x080038c5   Thumb Code     2  stm32f3xx_hal_tim.o(i.HAL_TIM_PeriodElapsedCallback)
    HAL_TIM_TriggerCallback                  0x080038c7   Thumb Code     2  stm32f3xx_hal_tim.o(i.HAL_TIM_TriggerCallback)
    HAL_UART_MspInit                         0x080038c9   Thumb Code    84  stm32f3xx_hal_msp.o(i.HAL_UART_MspInit)
    HardFault_Handler                        0x0800392d   Thumb Code     2  stm32f3xx_it.o(i.HardFault_Handler)
    IL_setGain                               0x08003ab1   Thumb Code    88  sdadc.o(i.IL_setGain)
    Led_flash_task                           0x08003b11   Thumb Code    38  test.o(i.Led_flash_task)
    MX_GPIO_Init                             0x08003b41   Thumb Code   294  gpio.o(i.MX_GPIO_Init)
    MX_SDADC1_Init                           0x08003ce5   Thumb Code   282  sdadc.o(i.MX_SDADC1_Init)
    MX_SDADC2_Init                           0x08003e29   Thumb Code   218  sdadc.o(i.MX_SDADC2_Init)
    MX_SDADC3_Init                           0x08003f29   Thumb Code   216  sdadc.o(i.MX_SDADC3_Init)
    MX_SPI1_Init                             0x08004025   Thumb Code    74  comunication.o(i.MX_SPI1_Init)
    MX_TIM3_Init                             0x08004091   Thumb Code   162  timer.o(i.MX_TIM3_Init)
    MX_TIM6_Init                             0x0800414d   Thumb Code    66  timer.o(i.MX_TIM6_Init)
    MX_TIM7_Init                             0x080041a9   Thumb Code    74  timer.o(i.MX_TIM7_Init)
    MX_USART3_UART_Init                      0x0800420d   Thumb Code    60  comunication.o(i.MX_USART3_UART_Init)
    MX_USB_DEVICE_Init                       0x08004269   Thumb Code    38  usb_device.o(i.MX_USB_DEVICE_Init)
    MemManage_Handler                        0x080042a1   Thumb Code     2  stm32f3xx_it.o(i.MemManage_Handler)
    NMI_Handler                              0x080042a3   Thumb Code     2  stm32f3xx_it.o(i.NMI_Handler)
    PCD_ReadPMA                              0x0800462d   Thumb Code    46  stm32f3xx_hal_pcd_ex.o(i.PCD_ReadPMA)
    PCD_WritePMA                             0x0800465b   Thumb Code    38  stm32f3xx_hal_pcd_ex.o(i.PCD_WritePMA)
    PendSV_Handler                           0x080047d5   Thumb Code     2  stm32f3xx_it.o(i.PendSV_Handler)
    SDADC1_Handler                           0x080047d9   Thumb Code    62  sdadc.o(i.SDADC1_Handler)
    SDADC1_IRQHandler                        0x08004825   Thumb Code    16  stm32f3xx_it.o(i.SDADC1_IRQHandler)
    SDADC2_Handler                           0x08004839   Thumb Code     2  sdadc.o(i.SDADC2_Handler)
    SDADC2_IRQHandler                        0x0800483d   Thumb Code    16  stm32f3xx_it.o(i.SDADC2_IRQHandler)
    SDADC3_Handler                           0x08004851   Thumb Code    42  sdadc.o(i.SDADC3_Handler)
    SDADC3_IRQHandler                        0x08004881   Thumb Code    16  stm32f3xx_it.o(i.SDADC3_IRQHandler)
    SPI1_Send_data                           0x080049d5   Thumb Code    12  comunication.o(i.SPI1_Send_data)
    SVC_Handler                              0x08004b4d   Thumb Code     2  stm32f3xx_it.o(i.SVC_Handler)
    SendComMessage                           0x08004b51   Thumb Code    80  serial_com.o(i.SendComMessage)
    SendConstructedProtocolMessage           0x08004ba5   Thumb Code    46  serial_com.o(i.SendConstructedProtocolMessage)
    SysTick_Handler                          0x08004bd5   Thumb Code    20  stm32f3xx_it.o(i.SysTick_Handler)
    SystemClock_Config                       0x08004bed   Thumb Code   166  clock.o(i.SystemClock_Config)
    SystemInit                               0x08004ca9   Thumb Code    82  system_stm32f3xx.o(i.SystemInit)
    TIM3_IRQHandler                          0x08004d11   Thumb Code     4  stm32f3xx_it.o(i.TIM3_IRQHandler)
    TIM7_IRQHandler                          0x08004d15   Thumb Code    22  stm32f3xx_it.o(i.TIM7_IRQHandler)
    TIMER3_IRQHandler                        0x08004d31   Thumb Code     6  timer.o(i.TIMER3_IRQHandler)
    TIMER7_IRQHandler                        0x08004d3d   Thumb Code   236  timer.o(i.TIMER7_IRQHandler)
    TIM_Base_SetConfig                       0x08004e45   Thumb Code   158  stm32f3xx_hal_tim.o(i.TIM_Base_SetConfig)
    TIM_CCxChannelCmd                        0x08004f0d   Thumb Code    22  stm32f3xx_hal_tim.o(i.TIM_CCxChannelCmd)
    TIM_ETR_SetConfig                        0x08004f23   Thumb Code    20  stm32f3xx_hal_tim.o(i.TIM_ETR_SetConfig)
    TIM_TI1_SetConfig                        0x08004f69   Thumb Code    94  stm32f3xx_hal_tim.o(i.TIM_TI1_SetConfig)
    Transmit_results_task                    0x0800503d   Thumb Code   860  comunication.o(i.Transmit_results_task)
    UART_AdvFeatureConfig                    0x080053fd   Thumb Code   200  stm32f3xx_hal_uart.o(i.UART_AdvFeatureConfig)
    UART_CheckIdleState                      0x080054c5   Thumb Code    92  stm32f3xx_hal_uart.o(i.UART_CheckIdleState)
    UART_SetConfig                           0x08005521   Thumb Code   366  stm32f3xx_hal_uart.o(i.UART_SetConfig)
    UART_WaitOnFlagUntilTimeout              0x080056a9   Thumb Code   100  stm32f3xx_hal_uart.o(i.UART_WaitOnFlagUntilTimeout)
    USBConnected_Handler                     0x0800570d   Thumb Code    72  comunication.o(i.USBConnected_Handler)
    USBD_CDC_GetDeviceQualifierDescriptor    0x080057fd   Thumb Code     8  usbd_cdc.o(i.USBD_CDC_GetDeviceQualifierDescriptor)
    USBD_CDC_ReceivePacket                   0x080058b5   Thumb Code    40  usbd_cdc.o(i.USBD_CDC_ReceivePacket)
    USBD_CDC_RegisterInterface               0x080058dd   Thumb Code    16  usbd_cdc.o(i.USBD_CDC_RegisterInterface)
    USBD_CDC_SetRxBuffer                     0x080058ed   Thumb Code    12  usbd_cdc.o(i.USBD_CDC_SetRxBuffer)
    USBD_CDC_SetTxBuffer                     0x080058f9   Thumb Code    16  usbd_cdc.o(i.USBD_CDC_SetTxBuffer)
    USBD_CDC_TransmitPacket                  0x08005979   Thumb Code    48  usbd_cdc.o(i.USBD_CDC_TransmitPacket)
    USBD_ClrClassConfig                      0x080059a9   Thumb Code    14  usbd_core.o(i.USBD_ClrClassConfig)
    USBD_CtlContinueRx                       0x080059b7   Thumb Code    16  usbd_ioreq.o(i.USBD_CtlContinueRx)
    USBD_CtlContinueSendData                 0x080059c7   Thumb Code    16  usbd_ioreq.o(i.USBD_CtlContinueSendData)
    USBD_CtlError                            0x080059d7   Thumb Code    22  usbd_ctlreq.o(i.USBD_CtlError)
    USBD_CtlPrepareRx                        0x080059ed   Thumb Code    30  usbd_ioreq.o(i.USBD_CtlPrepareRx)
    USBD_CtlReceiveStatus                    0x08005a0b   Thumb Code    22  usbd_ioreq.o(i.USBD_CtlReceiveStatus)
    USBD_CtlSendData                         0x08005a21   Thumb Code    26  usbd_ioreq.o(i.USBD_CtlSendData)
    USBD_CtlSendStatus                       0x08005a3b   Thumb Code    22  usbd_ioreq.o(i.USBD_CtlSendStatus)
    USBD_FS_ConfigStrDescriptor              0x08005a51   Thumb Code    16  usbd_desc.o(i.USBD_FS_ConfigStrDescriptor)
    USBD_FS_DeviceDescriptor                 0x08005a71   Thumb Code     8  usbd_desc.o(i.USBD_FS_DeviceDescriptor)
    USBD_FS_InterfaceStrDescriptor           0x08005a7d   Thumb Code    16  usbd_desc.o(i.USBD_FS_InterfaceStrDescriptor)
    USBD_FS_LangIDStrDescriptor              0x08005aa1   Thumb Code     8  usbd_desc.o(i.USBD_FS_LangIDStrDescriptor)
    USBD_FS_ManufacturerStrDescriptor        0x08005aad   Thumb Code    16  usbd_desc.o(i.USBD_FS_ManufacturerStrDescriptor)
    USBD_FS_ProductStrDescriptor             0x08005ad5   Thumb Code    16  usbd_desc.o(i.USBD_FS_ProductStrDescriptor)
    USBD_FS_SerialStrDescriptor              0x08005b01   Thumb Code    16  usbd_desc.o(i.USBD_FS_SerialStrDescriptor)
    USBD_GetString                           0x08005c05   Thumb Code    70  usbd_ctlreq.o(i.USBD_GetString)
    USBD_Init                                0x08005c4b   Thumb Code    42  usbd_core.o(i.USBD_Init)
    USBD_LL_ClearStallEP                     0x08005c75   Thumb Code    32  usbd_conf.o(i.USBD_LL_ClearStallEP)
    USBD_LL_CloseEP                          0x08005c95   Thumb Code    32  usbd_conf.o(i.USBD_LL_CloseEP)
    USBD_LL_DataInStage                      0x08005cb5   Thumb Code   170  usbd_core.o(i.USBD_LL_DataInStage)
    USBD_LL_DataOutStage                     0x08005d5f   Thumb Code   106  usbd_core.o(i.USBD_LL_DataOutStage)
    USBD_LL_GetRxDataSize                    0x08005dc9   Thumb Code     8  usbd_conf.o(i.USBD_LL_GetRxDataSize)
    USBD_LL_Init                             0x08005dd1   Thumb Code   128  usbd_conf.o(i.USBD_LL_Init)
    USBD_LL_IsStallEP                        0x08005e6d   Thumb Code    32  usbd_conf.o(i.USBD_LL_IsStallEP)
    USBD_LL_OpenEP                           0x08005e8d   Thumb Code    38  usbd_conf.o(i.USBD_LL_OpenEP)
    USBD_LL_PrepareReceive                   0x08005eb3   Thumb Code    32  usbd_conf.o(i.USBD_LL_PrepareReceive)
    USBD_LL_Reset                            0x08005ed3   Thumb Code    62  usbd_core.o(i.USBD_LL_Reset)
    USBD_LL_Resume                           0x08005f11   Thumb Code    12  usbd_core.o(i.USBD_LL_Resume)
    USBD_LL_SOF                              0x08005f1d   Thumb Code    24  usbd_core.o(i.USBD_LL_SOF)
    USBD_LL_SetSpeed                         0x08005f35   Thumb Code     6  usbd_core.o(i.USBD_LL_SetSpeed)
    USBD_LL_SetUSBAddress                    0x08005f3b   Thumb Code    32  usbd_conf.o(i.USBD_LL_SetUSBAddress)
    USBD_LL_SetupStage                       0x08005f5b   Thumb Code    90  usbd_core.o(i.USBD_LL_SetupStage)
    USBD_LL_StallEP                          0x08005fb5   Thumb Code    32  usbd_conf.o(i.USBD_LL_StallEP)
    USBD_LL_Start                            0x08005fd5   Thumb Code    32  usbd_conf.o(i.USBD_LL_Start)
    USBD_LL_Suspend                          0x08005ff5   Thumb Code    18  usbd_core.o(i.USBD_LL_Suspend)
    USBD_LL_Transmit                         0x08006007   Thumb Code    32  usbd_conf.o(i.USBD_LL_Transmit)
    USBD_ParseSetupRequest                   0x08006027   Thumb Code    40  usbd_ctlreq.o(i.USBD_ParseSetupRequest)
    USBD_RegisterClass                       0x0800604f   Thumb Code    16  usbd_core.o(i.USBD_RegisterClass)
    USBD_SetClassConfig                      0x0800605f   Thumb Code    22  usbd_core.o(i.USBD_SetClassConfig)
    USBD_Start                               0x080060e9   Thumb Code    10  usbd_core.o(i.USBD_Start)
    USBD_StdDevReq                           0x080060f3   Thumb Code   242  usbd_ctlreq.o(i.USBD_StdDevReq)
    USBD_StdEPReq                            0x080061e5   Thumb Code   220  usbd_ctlreq.o(i.USBD_StdEPReq)
    USBD_StdItfReq                           0x080062c1   Thumb Code    52  usbd_ctlreq.o(i.USBD_StdItfReq)
    USBD_static_free                         0x080062f5   Thumb Code     2  usbd_conf.o(i.USBD_static_free)
    USBD_static_malloc                       0x080062f9   Thumb Code     4  usbd_conf.o(i.USBD_static_malloc)
    USB_LP_IRQHandler                        0x08006301   Thumb Code     6  stm32f3xx_it.o(i.USB_LP_IRQHandler)
    USB_Receive_FS                           0x0800630d   Thumb Code    12  usb.o(i.USB_Receive_FS)
    UsageFault_Handler                       0x08006319   Thumb Code     2  stm32f3xx_it.o(i.UsageFault_Handler)
    _Error_Handler                           0x0800631d   Thumb Code    20  main.o(i._Error_Handler)
    __0sprintf                               0x08006339   Thumb Code    34  printfa.o(i.__0sprintf)
    __1sprintf                               0x08006339   Thumb Code     0  printfa.o(i.__0sprintf)
    __2sprintf                               0x08006339   Thumb Code     0  printfa.o(i.__0sprintf)
    __c89sprintf                             0x08006339   Thumb Code     0  printfa.o(i.__0sprintf)
    sprintf                                  0x08006339   Thumb Code     0  printfa.o(i.__0sprintf)
    __aeabi_errno_addr                       0x08006361   Thumb Code     4  errno.o(i.__aeabi_errno_addr)
    __rt_errno_addr                          0x08006361   Thumb Code     0  errno.o(i.__aeabi_errno_addr)
    __hardfp_atof                            0x08006369   Thumb Code    44  atof.o(i.__hardfp_atof)
    __read_errno                             0x080063a1   Thumb Code     6  errno.o(i.__read_errno)
    __scatterload_copy                       0x080063ad   Thumb Code    14  handlers.o(i.__scatterload_copy)
    __scatterload_null                       0x080063bb   Thumb Code     2  handlers.o(i.__scatterload_null)
    __scatterload_zeroinit                   0x080063bd   Thumb Code    14  handlers.o(i.__scatterload_zeroinit)
    __set_errno                              0x080063cd   Thumb Code     6  errno.o(i.__set_errno)
    _is_digit                                0x0800655d   Thumb Code    14  scanf_fp.o(i._is_digit)
    add_command_to_queue                     0x08006ca5   Thumb Code   290  serial_com.o(i.add_command_to_queue)
    arm_biquad_cascade_df1_f32               0x08006dd9   Thumb Code   266  arm_biquad_cascade_df1_f32.o(i.arm_biquad_cascade_df1_f32)
    arm_bitreversal_32                       0x08006ee3   Thumb Code   112  arm_cfft_f32.o(i.arm_bitreversal_32)
    arm_cfft_f32                             0x08006f53   Thumb Code   204  arm_cfft_f32.o(i.arm_cfft_f32)
    arm_cfft_radix8by2_f32                   0x0800701f   Thumb Code   392  arm_cfft_f32.o(i.arm_cfft_radix8by2_f32)
    arm_cfft_radix8by4_f32                   0x080071a7   Thumb Code  1068  arm_cfft_f32.o(i.arm_cfft_radix8by4_f32)
    arm_cmplx_mag_f32                        0x080075d5   Thumb Code   168  arm_cmplx_mag_f32.o(i.arm_cmplx_mag_f32)
    arm_cos_f32                              0x0800767d   Thumb Code   108  arm_cos_f32.o(i.arm_cos_f32)
    arm_radix8_butterfly_f32                 0x080076f5   Thumb Code  1220  arm_cfft_radix8_f32.o(i.arm_radix8_butterfly_f32)
    compute_THD_with_FFT                     0x08008a0d   Thumb Code   598  do_task.o(i.compute_THD_with_FFT)
    compute_rms                              0x08008c89   Thumb Code   768  sdadc.o(i.compute_rms)
    cord_check_resistance                    0x08008fa5   Thumb Code    18  meas_task.o(i.cord_check_resistance)
    cord_meas_normal                         0x08008fbd   Thumb Code  8418  meas_task.o(i.cord_meas_normal)
    disconnect_function                      0x0800b0a9   Thumb Code    50  comunication.o(i.disconnect_function)
    do_events                                0x0800b0e1   Thumb Code    42  os.o(i.do_events)
    free                                     0x0800b115   Thumb Code    76  malloc.o(i.free)
    free_timer                               0x0800b165   Thumb Code    38  os.o(i.free_timer)
    get_connected_device                     0x0800b191   Thumb Code    50  do_task.o(i.get_connected_device)
    get_inst_value                           0x0800b1c9   Thumb Code    66  sdadc.o(i.get_inst_value)
    get_phase_seq                            0x0800b215   Thumb Code    28  do_task.o(i.get_phase_seq)
    get_value                                0x0800b239   Thumb Code    80  sdadc.o(i.get_value)
    init_OS                                  0x0800b291   Thumb Code    58  os.o(i.init_OS)
    init_REL                                 0x0800b2d9   Thumb Code    74  rel_driver.o(i.init_REL)
    init_event_Q                             0x0800b32d   Thumb Code    20  os.o(i.init_event_Q)
    init_timers                              0x0800b345   Thumb Code    24  os.o(i.init_timers)
    input_START_measure                      0x0800b361   Thumb Code    22  sdadc.o(i.input_START_measure)
    input_STOP_measure                       0x0800b37d   Thumb Code    38  sdadc.o(i.input_STOP_measure)
    led_blinking_task                        0x0800b3ad   Thumb Code    80  do_task.o(i.led_blinking_task)
    main                                     0x0800b409   Thumb Code   146  main.o(i.main)
    malloc                                   0x0800b4b1   Thumb Code    92  malloc.o(i.malloc)
    power_on_test                            0x0800c4a1   Thumb Code   664  do_task.o(i.power_on_test)
    reset_all_REL                            0x0800c83d   Thumb Code    52  rel_driver.o(i.reset_all_REL)
    restart_timer                            0x0800c879   Thumb Code    78  os.o(i.restart_timer)
    rst_REL                                  0x0800c8cd   Thumb Code   844  rel_driver.o(i.rst_REL)
    run_OS                                   0x0800cc29   Thumb Code    10  os.o(i.run_OS)
    send_mains_status                        0x0800cca9   Thumb Code   322  do_task.o(i.send_mains_status)
    send_warning_MSG                         0x0800ced9   Thumb Code    86  comunication.o(i.send_warning_MSG)
    serial_com_init                          0x0800cf85   Thumb Code    66  serial_com.o(i.serial_com_init)
    service_timers                           0x0800d02d   Thumb Code    62  os.o(i.service_timers)
    set_REL                                  0x0800d075   Thumb Code   842  rel_driver.o(i.set_REL)
    set_SDADC_zero                           0x0800d3d1   Thumb Code   102  sdadc.o(i.set_SDADC_zero)
    set_cord_init                            0x0800d441   Thumb Code    82  meas_task.o(i.set_cord_init)
    set_cord_resistance                      0x0800d49d   Thumb Code    28  meas_task.o(i.set_cord_resistance)
    set_event                                0x0800d4bd   Thumb Code    50  os.o(i.set_event)
    set_timer                                0x0800d4f9   Thumb Code    48  os.o(i.set_timer)
    start_cord_normal                        0x0800d52d   Thumb Code   108  meas_task.o(i.start_cord_normal)
    start_measure                            0x0800d5ad   Thumb Code   156  do_task.o(i.start_measure)
    start_measure_no_THD                     0x0800d669   Thumb Code   114  do_task.o(i.start_measure_no_THD)
    stop_cord                                0x0800d6ed   Thumb Code    16  meas_task.o(i.stop_cord)
    stop_measure                             0x0800d701   Thumb Code    62  do_task.o(i.stop_measure)
    write_THD                                0x0800d9a5   Thumb Code    56  sdadc.o(i.write_THD)
    aPLLMULFactorTable                       0x0800d9e0   Data          16  stm32f3xx_hal_rcc.o(.constdata)
    aPredivFactorTable                       0x0800d9f0   Data          16  stm32f3xx_hal_rcc.o(.constdata)
    AHBPrescTable                            0x0800da00   Data          16  system_stm32f3xx.o(.constdata)
    APBPrescTable                            0x0800da10   Data           8  system_stm32f3xx.o(.constdata)
    twiddleCoef_1024                         0x0800da18   Data        8192  arm_common_tables.o(.constdata)
    armBitRevIndexTable1024                  0x0800fa18   Data        3600  arm_common_tables.o(.constdata)
    sinTable_f32                             0x08010828   Data        2052  arm_common_tables.o(.constdata)
    arm_cfft_sR_f32_len1024                  0x0801102c   Data          16  arm_const_structs.o(.constdata)
    __ctype_table                            0x08011114   Data         129  ctype_o.o(.constdata)
    Region$$Table$$Base                      0x0801119c   Number         0  anon$$obj.o(Region$$Table)
    Region$$Table$$Limit                     0x080111bc   Number         0  anon$$obj.o(Region$$Table)
    stevec3                                  0x20000018   Data           4  stm32f3xx_it.o(.data)
    global_control                           0x2000001c   Data           4  main.o(.data)
    connection_control                       0x20000020   Data           4  main.o(.data)
    led_blink_time                           0x20000028   Data           4  test.o(.data)
    calculated_THD                           0x20000038   Data           4  do_task.o(.data)
    set_next_cord_task_case                  0x2000003c   Data           1  meas_task.o(.data)
    manual_set_phase_num                     0x2000003d   Data           1  meas_task.o(.data)
    CORD_PHASE_NUM_SETTING                   0x2000003e   Data           1  meas_task.o(.data)
    meas_task_control                        0x20000040   Data           4  meas_task.o(.data)
    cord_rpe_resistance                      0x20000058   Data           4  meas_task.o(.data)
    USBD_CDC_CfgHSDesc                       0x20000078   Data          67  usbd_cdc.o(.data)
    USBD_CDC_CfgFSDesc                       0x200000bc   Data          67  usbd_cdc.o(.data)
    USBD_CDC_OtherSpeedCfgDesc               0x20000100   Data          67  usbd_cdc.o(.data)
    USBD_CDC                                 0x20000144   Data          56  usbd_cdc.o(.data)
    uwTick                                   0x2000017c   Data           4  stm32f3xx_hal.o(.data)
    SystemCoreClock                          0x20000180   Data           4  system_stm32f3xx.o(.data)
    CurrentWorkingOSEvent                    0x20000184   Data           4  os.o(.data)
    TimerTick                                0x20000188   Data           4  os.o(.data)
    USBD_Interface_fops_FS                   0x2000018c   Data          16  usbd_cdc_if.o(.data)
    UserRxBufferFS                           0x2000019c   Data           4  usbd_cdc_if.o(.data)
    UserTxBufferFS                           0x200001a0   Data           4  usbd_cdc_if.o(.data)
    FS_Desc                                  0x200001a4   Data          28  usbd_desc.o(.data)
    USBD_LangIDDesc                          0x200001c0   Data           4  usbd_desc.o(.data)
    USBD_FS_DeviceDesc                       0x200001c4   Data          18  usbd_desc.o(.data)
    meas_control                             0x200001dc   Data           4  comunication.o(.data)
    IL1_GAIN                                 0x200001e4   Data           1  sdadc.o(.data)
    IL2_GAIN                                 0x200001e5   Data           1  sdadc.o(.data)
    IL3_GAIN                                 0x200001e6   Data           1  sdadc.o(.data)
    reskrneki                                0x200001e8   Data           2  sdadc.o(.data)
    reskrneki2                               0x200001ea   Data           2  sdadc.o(.data)
    reskrneki3                               0x200001ec   Data           2  sdadc.o(.data)
    compute_control                          0x200001f0   Data           4  sdadc.o(.data)
    compute_control2                         0x200001f4   Data           4  sdadc.o(.data)
    il_thd_channel                           0x20000208   Data           4  sdadc.o(.data)
    uln_thd_channel                          0x2000020c   Data           4  sdadc.o(.data)
    last_THD_MEASURED                        0x20000210   Data           4  sdadc.o(.data)
    last_IL_MEASURED                         0x20000214   Data           4  sdadc.o(.data)
    reskrneki4                               0x20000218   Data           4  sdadc.o(.data)
    reskrneki5                               0x2000021c   Data           4  sdadc.o(.data)
    reskrneki6                               0x20000220   Data           4  sdadc.o(.data)
    channel_global                           0x20000224   Data           4  sdadc.o(.data)
    current_THD_sampling                     0x20000228   Data           4  sdadc.o(.data)
    SDADC1_ch_cnt                            0x2000022c   Data           4  sdadc.o(.data)
    SDADC2_ch_cnt                            0x20000230   Data           4  sdadc.o(.data)
    stevec4                                  0x2000025c   Data           4  timer.o(.data)
    testiranje                               0x20000265   Data           1  rel_driver.o(.data)
    event_status                             0x20000269   Data           1  serial_com.o(.data)
    transmitter_ID                           0x2000026a   Data           1  serial_com.o(.data)
    reciever_ID                              0x2000026b   Data           1  serial_com.o(.data)
    write_count                              0x2000026c   Data           4  serial_com.o(.data)
    read_count                               0x20000270   Data           4  serial_com.o(.data)
    ID                                       0x20000288   Data           4  serial_com.o(.data)
    __microlib_freelist                      0x200002a4   Data           4  mvars.o(.data)
    __microlib_freelist_initialised          0x200002a8   Data           4  mvars.o(.data)
    FFT_output                               0x200002ac   Data        4096  do_task.o(.bss)
    THD_temp_buffer                          0x200012ac   Data         160  do_task.o(.bss)
    event_Q                                  0x2000134c   Data         240  os.o(.bss)
    ms100_timer                              0x2000143c   Data         360  os.o(.bss)
    hpcd_USB_FS                              0x200017c4   Data         936  usbd_conf.o(.bss)
    hUsbDeviceFS                             0x20001b6c   Data         548  usb_device.o(.bss)
    USBD_StrDesc                             0x20001d90   Data         512  usbd_desc.o(.bss)
    hspi1                                    0x20001f90   Data         100  comunication.o(.bss)
    huart3                                   0x20001ff4   Data         112  comunication.o(.bss)
    hsdadc1                                  0x20002064   Data          68  sdadc.o(.bss)
    hsdadc2                                  0x200020a8   Data          68  sdadc.o(.bss)
    hsdadc3                                  0x200020ec   Data          68  sdadc.o(.bss)
    SDADC1_CH1s                              0x20002130   Data          20  sdadc.o(.bss)
    SDADC1_CH2s                              0x20002144   Data          20  sdadc.o(.bss)
    SDADC1_CH3s                              0x20002158   Data          20  sdadc.o(.bss)
    SDADC2_CH1s                              0x2000216c   Data          20  sdadc.o(.bss)
    SDADC2_CH2s                              0x20002180   Data          20  sdadc.o(.bss)
    SDADC2_CH3s                              0x20002194   Data          20  sdadc.o(.bss)
    SDADC3_CH1s                              0x200021a8   Data          20  sdadc.o(.bss)
    SDADC3_CH2s                              0x200021bc   Data          20  sdadc.o(.bss)
    SDADC3_CH3s                              0x200021d0   Data          20  sdadc.o(.bss)
    IDIFF                                    0x200021e4   Data          16  sdadc.o(.bss)
    UL1PE                                    0x200021f4   Data          16  sdadc.o(.bss)
    UNPE                                     0x20002204   Data          16  sdadc.o(.bss)
    IL1                                      0x20002214   Data          16  sdadc.o(.bss)
    IL2                                      0x20002224   Data          16  sdadc.o(.bss)
    IL3                                      0x20002234   Data          16  sdadc.o(.bss)
    ULN1                                     0x20002244   Data          16  sdadc.o(.bss)
    ULN2                                     0x20002254   Data          16  sdadc.o(.bss)
    ULN3                                     0x20002264   Data          16  sdadc.o(.bss)
    PHASE1                                   0x20002274   Data          16  sdadc.o(.bss)
    PHASE2                                   0x20002284   Data          16  sdadc.o(.bss)
    PHASE3                                   0x20002294   Data          16  sdadc.o(.bss)
    krneki                                   0x200022a4   Data        4500  sdadc.o(.bss)
    THD_buffer1                              0x20003438   Data        8192  sdadc.o(.bss)
    htim3                                    0x20005558   Data          64  timer.o(.bss)
    htim7                                    0x20005598   Data          64  timer.o(.bss)
    htim6                                    0x200055d8   Data          64  timer.o(.bss)
    SERIAL_in_queue_buffer                   0x20005624   Data        1040  serial_com.o(.bss)
    Transmit_handle_buff                     0x20005b34   Data         280  serial_com.o(.bss)
    additionalCode                           0x20005d82   Data        1000  serial_com.o(.bss)
    delimiterArray                           0x2000616c   Data          32  serial_com.o(.bss)
    __heap_base                              0x20006190   Data           0  startup_stm32f373xc.o(HEAP)
    __heap_limit                             0x20006990   Data           0  startup_stm32f373xc.o(HEAP)
    __initial_sp                             0x20006f90   Data           0  startup_stm32f373xc.o(STACK)



==============================================================================

Memory Map of the image

  Image Entry point : 0x08000189

  Load Region LR_IROM1 (Base: 0x08000000, Size: 0x00011468, Max: 0x00040000, ABSOLUTE, COMPRESSED[0x000112b4])

    Execution Region ER_IROM1 (Exec base: 0x08000000, Load base: 0x08000000, Size: 0x000111bc, Max: 0x00040000, ABSOLUTE)

    Exec Addr    Load Addr    Size         Type   Attr      Idx    E Section Name        Object

    0x08000000   0x08000000   0x00000188   Data   RO         5322    RESET               startup_stm32f373xc.o
    0x08000188   0x08000188   0x00000000   Code   RO         6471  * .ARM.Collect$$$$00000000  mc_w.l(entry.o)
    0x08000188   0x08000188   0x00000004   Code   RO         6824    .ARM.Collect$$$$00000001  mc_w.l(entry2.o)
    0x0800018c   0x0800018c   0x00000004   Code   RO         6827    .ARM.Collect$$$$00000004  mc_w.l(entry5.o)
    0x08000190   0x08000190   0x00000000   Code   RO         6829    .ARM.Collect$$$$00000008  mc_w.l(entry7b.o)
    0x08000190   0x08000190   0x00000000   Code   RO         6831    .ARM.Collect$$$$0000000A  mc_w.l(entry8b.o)
    0x08000190   0x08000190   0x00000008   Code   RO         6832    .ARM.Collect$$$$0000000B  mc_w.l(entry9a.o)
    0x08000198   0x08000198   0x00000000   Code   RO         6834    .ARM.Collect$$$$0000000D  mc_w.l(entry10a.o)
    0x08000198   0x08000198   0x00000000   Code   RO         6836    .ARM.Collect$$$$0000000F  mc_w.l(entry11a.o)
    0x08000198   0x08000198   0x00000004   Code   RO         6825    .ARM.Collect$$$$00002712  mc_w.l(entry2.o)
    0x0800019c   0x0800019c   0x00000024   Code   RO         5323    .text               startup_stm32f373xc.o
    0x080001c0   0x080001c0   0x00000020   Code   RO         6474    .text               mc_w.l(llushr.o)
    0x080001e0   0x080001e0   0x00000008   Code   RO         6476    .text               mc_w.l(ctype_o.o)
    0x080001e8   0x080001e8   0x00000012   Code   RO         6498    .text               mc_w.l(isspace_o.o)
    0x080001fa   0x080001fa   0x00000024   Code   RO         6504    .text               mc_w.l(memcpya.o)
    0x0800021e   0x0800021e   0x00000024   Code   RO         6506    .text               mc_w.l(memseta.o)
    0x08000242   0x08000242   0x00000018   Code   RO         6508    .text               mc_w.l(strcat.o)
    0x0800025a   0x0800025a   0x0000000e   Code   RO         6510    .text               mc_w.l(strlen.o)
    0x08000268   0x08000268   0x0000001c   Code   RO         6512    .text               mc_w.l(strcmp.o)
    0x08000284   0x08000284   0x00000012   Code   RO         6514    .text               mc_w.l(strcpy.o)
    0x08000296   0x08000296   0x00000020   Code   RO         6516    .text               mc_w.l(strpbrk.o)
    0x080002b6   0x080002b6   0x00000070   Code   RO         6816    .text               mc_w.l(strtol.o)
    0x08000326   0x08000326   0x0000001a   Code   RO         6818    .text               mc_w.l(atoi.o)
    0x08000340   0x08000340   0x00000026   Code   RO         6820    .text               mf_w.l(f2d.o)
    0x08000366   0x08000366   0x00000038   Code   RO         6822    .text               mf_w.l(d2f.o)
    0x0800039e   0x0800039e   0x0000002c   Code   RO         6841    .text               mc_w.l(uidiv.o)
    0x080003ca   0x080003ca   0x00000062   Code   RO         6843    .text               mc_w.l(uldiv.o)
    0x0800042c   0x0800042c   0x0000009e   Code   RO         6847    .text               mc_w.l(_strtoul.o)
    0x080004ca   0x080004ca   0x00000002   PAD
    0x080004cc   0x080004cc   0x0000009c   Code   RO         6849    .text               mc_w.l(strtod.o)
    0x08000568   0x08000568   0x00000000   Code   RO         6851    .text               mc_w.l(iusefp.o)
    0x08000568   0x08000568   0x0000006e   Code   RO         6852    .text               mf_w.l(fepilogue.o)
    0x080005d6   0x080005d6   0x0000014e   Code   RO         6854    .text               mf_w.l(dadd.o)
    0x08000724   0x08000724   0x000000e4   Code   RO         6856    .text               mf_w.l(dmul.o)
    0x08000808   0x08000808   0x000000de   Code   RO         6858    .text               mf_w.l(ddiv.o)
    0x080008e6   0x080008e6   0x00000030   Code   RO         6860    .text               mf_w.l(dfixul.o)
    0x08000916   0x08000916   0x00000002   PAD
    0x08000918   0x08000918   0x00000030   Code   RO         6862    .text               mf_w.l(cdrcmple.o)
    0x08000948   0x08000948   0x00000024   Code   RO         6864    .text               mc_w.l(init.o)
    0x0800096c   0x0800096c   0x0000001e   Code   RO         6867    .text               mc_w.l(llshl.o)
    0x0800098a   0x0800098a   0x00000024   Code   RO         6869    .text               mc_w.l(llsshr.o)
    0x080009ae   0x080009ae   0x0000001c   Code   RO         6873    .text               mc_w.l(_chval.o)
    0x080009ca   0x080009ca   0x00000002   PAD
    0x080009cc   0x080009cc   0x00000360   Code   RO         6875    .text               mc_w.l(scanf_fp.o)
    0x08000d2c   0x08000d2c   0x00000040   Code   RO         6879    .text               mc_w.l(_sgetc.o)
    0x08000d6c   0x08000d6c   0x000000ba   Code   RO         6882    .text               mf_w.l(depilogue.o)
    0x08000e26   0x08000e26   0x00000018   Code   RO         6887    .text               mf_w.l(dfltul.o)
    0x08000e3e   0x08000e3e   0x00000056   Code   RO         6897    .text               mc_w.l(__dczerorl2.o)
    0x08000e94   0x08000e94   0x00000002   Code   RO            4    i.BusFault_Handler  stm32f3xx_it.o
    0x08000e96   0x08000e96   0x00000004   Code   RO         5427    i.CDC_Control_FS    usbd_cdc_if.o
    0x08000e9a   0x08000e9a   0x00000004   Code   RO         5428    i.CDC_DeInit_FS     usbd_cdc_if.o
    0x08000e9e   0x08000e9e   0x00000002   PAD
    0x08000ea0   0x08000ea0   0x00000024   Code   RO         5429    i.CDC_Init_FS       usbd_cdc_if.o
    0x08000ec4   0x08000ec4   0x00000020   Code   RO         5430    i.CDC_Receive_FS    usbd_cdc_if.o
    0x08000ee4   0x08000ee4   0x0000002c   Code   RO         5431    i.CDC_Transmit_FS   usbd_cdc_if.o
    0x08000f10   0x08000f10   0x00000068   Code   RO         6338    i.CalculateCRC      serial_com.o
    0x08000f78   0x08000f78   0x00000080   Code   RO         6339    i.ConstructProtocolString  serial_com.o
    0x08000ff8   0x08000ff8   0x0000003c   Code   RO         6340    i.CreateCommandInstance  serial_com.o
    0x08001034   0x08001034   0x00000002   Code   RO            5    i.DebugMon_Handler  stm32f3xx_it.o
    0x08001036   0x08001036   0x00000012   Code   RO            6    i.EXTI15_10_IRQHandler  stm32f3xx_it.o
    0x08001048   0x08001048   0x00000208   Code   RO            7    i.EXTI9_5_IRQHandler  stm32f3xx_it.o
    0x08001250   0x08001250   0x000000a4   Code   RO         6341    i.FindAllAdditionalCmdParameters  serial_com.o
    0x080012f4   0x080012f4   0x00000016   Code   RO         1207    i.HAL_Delay         stm32f3xx_hal.o
    0x0800130a   0x0800130a   0x00000002   Code   RO         1093    i.HAL_GPIO_EXTI_Callback  stm32f3xx_hal_gpio.o
    0x0800130c   0x0800130c   0x00000018   Code   RO         1094    i.HAL_GPIO_EXTI_IRQHandler  stm32f3xx_hal_gpio.o
    0x08001324   0x08001324   0x00000188   Code   RO         1095    i.HAL_GPIO_Init     stm32f3xx_hal_gpio.o
    0x080014ac   0x080014ac   0x0000000a   Code   RO         1097    i.HAL_GPIO_ReadPin  stm32f3xx_hal_gpio.o
    0x080014b6   0x080014b6   0x00000008   Code   RO         1098    i.HAL_GPIO_TogglePin  stm32f3xx_hal_gpio.o
    0x080014be   0x080014be   0x0000000a   Code   RO         1099    i.HAL_GPIO_WritePin  stm32f3xx_hal_gpio.o
    0x080014c8   0x080014c8   0x0000000c   Code   RO         1211    i.HAL_GetTick       stm32f3xx_hal.o
    0x080014d4   0x080014d4   0x00000010   Code   RO         1212    i.HAL_IncTick       stm32f3xx_hal.o
    0x080014e4   0x080014e4   0x00000024   Code   RO         1213    i.HAL_Init          stm32f3xx_hal.o
    0x08001508   0x08001508   0x00000028   Code   RO         1214    i.HAL_InitTick      stm32f3xx_hal.o
    0x08001530   0x08001530   0x00000070   Code   RO         5688    i.HAL_MspInit       stm32f3xx_hal_msp.o
    0x080015a0   0x080015a0   0x00000016   Code   RO         2842    i.HAL_NVIC_DisableIRQ  stm32f3xx_hal_cortex.o
    0x080015b6   0x080015b6   0x00000016   Code   RO         2843    i.HAL_NVIC_EnableIRQ  stm32f3xx_hal_cortex.o
    0x080015cc   0x080015cc   0x00000040   Code   RO         2849    i.HAL_NVIC_SetPriority  stm32f3xx_hal_cortex.o
    0x0800160c   0x0800160c   0x00000024   Code   RO         2850    i.HAL_NVIC_SetPriorityGrouping  stm32f3xx_hal_cortex.o
    0x08001630   0x08001630   0x0000003c   Code   RO         1158    i.HAL_PCDEx_PMAConfig  stm32f3xx_hal_pcd_ex.o
    0x0800166c   0x0800166c   0x00000002   Code   RO         5481    i.HAL_PCDEx_SetConnectionState  usbd_conf.o
    0x0800166e   0x0800166e   0x00000012   Code   RO         5483    i.HAL_PCD_DataInStageCallback  usbd_conf.o
    0x08001680   0x08001680   0x00000014   Code   RO         5484    i.HAL_PCD_DataOutStageCallback  usbd_conf.o
    0x08001694   0x08001694   0x0000015c   Code   RO         1671    i.HAL_PCD_EP_Close  stm32f3xx_hal_pcd.o
    0x080017f0   0x080017f0   0x000000b2   Code   RO         1672    i.HAL_PCD_EP_ClrStall  stm32f3xx_hal_pcd.o
    0x080018a2   0x080018a2   0x00000014   Code   RO         1674    i.HAL_PCD_EP_GetRxCount  stm32f3xx_hal_pcd.o
    0x080018b6   0x080018b6   0x000002d0   Code   RO         1675    i.HAL_PCD_EP_Open   stm32f3xx_hal_pcd.o
    0x08001b86   0x08001b86   0x00000002   PAD
    0x08001b88   0x08001b88   0x000000e6   Code   RO         1676    i.HAL_PCD_EP_Receive  stm32f3xx_hal_pcd.o
    0x08001c6e   0x08001c6e   0x0000008a   Code   RO         1677    i.HAL_PCD_EP_SetStall  stm32f3xx_hal_pcd.o
    0x08001cf8   0x08001cf8   0x000000e6   Code   RO         1678    i.HAL_PCD_EP_Transmit  stm32f3xx_hal_pcd.o
    0x08001dde   0x08001dde   0x000000fc   Code   RO         1680    i.HAL_PCD_IRQHandler  stm32f3xx_hal_pcd.o
    0x08001eda   0x08001eda   0x000000a6   Code   RO         1683    i.HAL_PCD_Init      stm32f3xx_hal_pcd.o
    0x08001f80   0x08001f80   0x0000005c   Code   RO         5489    i.HAL_PCD_MspInit   usbd_conf.o
    0x08001fdc   0x08001fdc   0x0000001a   Code   RO         5490    i.HAL_PCD_ResetCallback  usbd_conf.o
    0x08001ff6   0x08001ff6   0x00000008   Code   RO         5491    i.HAL_PCD_ResumeCallback  usbd_conf.o
    0x08001ffe   0x08001ffe   0x00000008   Code   RO         5492    i.HAL_PCD_SOFCallback  usbd_conf.o
    0x08002006   0x08002006   0x0000002c   Code   RO         1689    i.HAL_PCD_SetAddress  stm32f3xx_hal_pcd.o
    0x08002032   0x08002032   0x0000000e   Code   RO         5493    i.HAL_PCD_SetupStageCallback  usbd_conf.o
    0x08002040   0x08002040   0x0000000c   Code   RO         1691    i.HAL_PCD_Start     stm32f3xx_hal_pcd.o
    0x0800204c   0x0800204c   0x00000024   Code   RO         5494    i.HAL_PCD_SuspendCallback  usbd_conf.o
    0x08002070   0x08002070   0x00000028   Code   RO         2293    i.HAL_PWREx_EnableSDADC  stm32f3xx_hal_pwr_ex.o
    0x08002098   0x08002098   0x000001d0   Code   RO         2799    i.HAL_RCCEx_PeriphCLKConfig  stm32f3xx_hal_rcc_ex.o
    0x08002268   0x08002268   0x00000188   Code   RO         1967    i.HAL_RCC_ClockConfig  stm32f3xx_hal_rcc.o
    0x080023f0   0x080023f0   0x0000000c   Code   RO         1972    i.HAL_RCC_GetHCLKFreq  stm32f3xx_hal_rcc.o
    0x080023fc   0x080023fc   0x00000030   Code   RO         1974    i.HAL_RCC_GetPCLK1Freq  stm32f3xx_hal_rcc.o
    0x0800242c   0x0800242c   0x00000030   Code   RO         1975    i.HAL_RCC_GetPCLK2Freq  stm32f3xx_hal_rcc.o
    0x0800245c   0x0800245c   0x0000006c   Code   RO         1976    i.HAL_RCC_GetSysClockFreq  stm32f3xx_hal_rcc.o
    0x080024c8   0x080024c8   0x000005ac   Code   RO         1979    i.HAL_RCC_OscConfig  stm32f3xx_hal_rcc.o
    0x08002a74   0x08002a74   0x0000008c   Code   RO         4150    i.HAL_RS485Ex_Init  stm32f3xx_hal_uart_ex.o
    0x08002b00   0x08002b00   0x00000060   Code   RO         3788    i.HAL_SDADC_AssociateChannelConfig  stm32f3xx_hal_sdadc.o
    0x08002b60   0x08002b60   0x00000002   Code   RO         3789    i.HAL_SDADC_CalibrationCpltCallback  stm32f3xx_hal_sdadc.o
    0x08002b62   0x08002b62   0x00000052   Code   RO         3790    i.HAL_SDADC_CalibrationStart  stm32f3xx_hal_sdadc.o
    0x08002bb4   0x08002bb4   0x00000002   Code   RO         3793    i.HAL_SDADC_ConvCpltCallback  stm32f3xx_hal_sdadc.o
    0x08002bb6   0x08002bb6   0x00000002   Code   RO         3796    i.HAL_SDADC_ErrorCallback  stm32f3xx_hal_sdadc.o
    0x08002bb8   0x08002bb8   0x000000f0   Code   RO         3800    i.HAL_SDADC_IRQHandler  stm32f3xx_hal_sdadc.o
    0x08002ca8   0x08002ca8   0x00000098   Code   RO         3801    i.HAL_SDADC_Init    stm32f3xx_hal_sdadc.o
    0x08002d40   0x08002d40   0x00000048   Code   RO         3802    i.HAL_SDADC_InjectedConfigChannel  stm32f3xx_hal_sdadc.o
    0x08002d88   0x08002d88   0x00000002   Code   RO         3803    i.HAL_SDADC_InjectedConvCpltCallback  stm32f3xx_hal_sdadc.o
    0x08002d8a   0x08002d8a   0x0000000e   Code   RO         3805    i.HAL_SDADC_InjectedGetValue  stm32f3xx_hal_sdadc.o
    0x08002d98   0x08002d98   0x0000002c   Code   RO         3806    i.HAL_SDADC_InjectedMultiModeConfigChannel  stm32f3xx_hal_sdadc.o
    0x08002dc4   0x08002dc4   0x0000000e   Code   RO         3807    i.HAL_SDADC_InjectedMultiModeGetValue  stm32f3xx_hal_sdadc.o
    0x08002dd2   0x08002dd2   0x00000014   Code   RO         3810    i.HAL_SDADC_InjectedStart  stm32f3xx_hal_sdadc.o
    0x08002de6   0x08002de6   0x0000001e   Code   RO         3812    i.HAL_SDADC_InjectedStart_IT  stm32f3xx_hal_sdadc.o
    0x08002e04   0x08002e04   0x00000014   Code   RO         3813    i.HAL_SDADC_InjectedStop  stm32f3xx_hal_sdadc.o
    0x08002e18   0x08002e18   0x0000001e   Code   RO         3815    i.HAL_SDADC_InjectedStop_IT  stm32f3xx_hal_sdadc.o
    0x08002e36   0x08002e36   0x00000002   PAD
    0x08002e38   0x08002e38   0x000000ec   Code   RO         5690    i.HAL_SDADC_MspInit  stm32f3xx_hal_msp.o
    0x08002f24   0x08002f24   0x0000002c   Code   RO         3818    i.HAL_SDADC_MultiModeConfigChannel  stm32f3xx_hal_sdadc.o
    0x08002f50   0x08002f50   0x0000004a   Code   RO         3822    i.HAL_SDADC_PollForCalibEvent  stm32f3xx_hal_sdadc.o
    0x08002f9a   0x08002f9a   0x00000050   Code   RO         3825    i.HAL_SDADC_PrepareChannelConfig  stm32f3xx_hal_sdadc.o
    0x08002fea   0x08002fea   0x00000042   Code   RO         3826    i.HAL_SDADC_SelectInjectedDelay  stm32f3xx_hal_sdadc.o
    0x0800302c   0x0800302c   0x00000030   Code   RO         3828    i.HAL_SDADC_SelectInjectedTrigger  stm32f3xx_hal_sdadc.o
    0x0800305c   0x0800305c   0x00000030   Code   RO         3829    i.HAL_SDADC_SelectRegularTrigger  stm32f3xx_hal_sdadc.o
    0x0800308c   0x0800308c   0x00000006   Code   RO         1344    i.HAL_SPI_GetState  stm32f3xx_hal_spi.o
    0x08003092   0x08003092   0x000000b6   Code   RO         1346    i.HAL_SPI_Init      stm32f3xx_hal_spi.o
    0x08003148   0x08003148   0x0000004c   Code   RO         5692    i.HAL_SPI_MspInit   stm32f3xx_hal_msp.o
    0x08003194   0x08003194   0x00000176   Code   RO         1354    i.HAL_SPI_Transmit  stm32f3xx_hal_spi.o
    0x0800330a   0x0800330a   0x00000018   Code   RO         2852    i.HAL_SYSTICK_CLKSourceConfig  stm32f3xx_hal_cortex.o
    0x08003322   0x08003322   0x00000002   Code   RO         2853    i.HAL_SYSTICK_Callback  stm32f3xx_hal_cortex.o
    0x08003324   0x08003324   0x00000028   Code   RO         2854    i.HAL_SYSTICK_Config  stm32f3xx_hal_cortex.o
    0x0800334c   0x0800334c   0x00000008   Code   RO         2855    i.HAL_SYSTICK_IRQHandler  stm32f3xx_hal_cortex.o
    0x08003354   0x08003354   0x00000002   Code   RO         2071    i.HAL_TIMEx_BreakCallback  stm32f3xx_hal_tim_ex.o
    0x08003356   0x08003356   0x00000002   Code   RO         2072    i.HAL_TIMEx_CommutationCallback  stm32f3xx_hal_tim_ex.o
    0x08003358   0x08003358   0x00000050   Code   RO         2085    i.HAL_TIMEx_MasterConfigSynchronization  stm32f3xx_hal_tim_ex.o
    0x080033a8   0x080033a8   0x00000036   Code   RO         2975    i.HAL_TIM_Base_Init  stm32f3xx_hal_tim.o
    0x080033de   0x080033de   0x00000002   PAD
    0x080033e0   0x080033e0   0x0000005c   Code   RO         5694    i.HAL_TIM_Base_MspInit  stm32f3xx_hal_msp.o
    0x0800343c   0x0800343c   0x0000001a   Code   RO         2978    i.HAL_TIM_Base_Start  stm32f3xx_hal_tim.o
    0x08003456   0x08003456   0x00000018   Code   RO         2980    i.HAL_TIM_Base_Start_IT  stm32f3xx_hal_tim.o
    0x0800346e   0x0800346e   0x0000002c   Code   RO         2981    i.HAL_TIM_Base_Stop  stm32f3xx_hal_tim.o
    0x0800349a   0x0800349a   0x0000002a   Code   RO         2983    i.HAL_TIM_Base_Stop_IT  stm32f3xx_hal_tim.o
    0x080034c4   0x080034c4   0x000000f2   Code   RO         2984    i.HAL_TIM_ConfigClockSource  stm32f3xx_hal_tim.o
    0x080035b6   0x080035b6   0x00000002   Code   RO         3004    i.HAL_TIM_IC_CaptureCallback  stm32f3xx_hal_tim.o
    0x080035b8   0x080035b8   0x0000011e   Code   RO         3005    i.HAL_TIM_IC_ConfigChannel  stm32f3xx_hal_tim.o
    0x080036d6   0x080036d6   0x00000036   Code   RO         3008    i.HAL_TIM_IC_Init   stm32f3xx_hal_tim.o
    0x0800370c   0x0800370c   0x00000002   Code   RO         3010    i.HAL_TIM_IC_MspInit  stm32f3xx_hal_tim.o
    0x0800370e   0x0800370e   0x0000004c   Code   RO         3013    i.HAL_TIM_IC_Start_IT  stm32f3xx_hal_tim.o
    0x0800375a   0x0800375a   0x00000166   Code   RO         3017    i.HAL_TIM_IRQHandler  stm32f3xx_hal_tim.o
    0x080038c0   0x080038c0   0x00000002   Code   RO         3020    i.HAL_TIM_OC_DelayElapsedCallback  stm32f3xx_hal_tim.o
    0x080038c2   0x080038c2   0x00000002   Code   RO         3047    i.HAL_TIM_PWM_PulseFinishedCallback  stm32f3xx_hal_tim.o
    0x080038c4   0x080038c4   0x00000002   Code   RO         3054    i.HAL_TIM_PeriodElapsedCallback  stm32f3xx_hal_tim.o
    0x080038c6   0x080038c6   0x00000002   Code   RO         3058    i.HAL_TIM_TriggerCallback  stm32f3xx_hal_tim.o
    0x080038c8   0x080038c8   0x00000064   Code   RO         5696    i.HAL_UART_MspInit  stm32f3xx_hal_msp.o
    0x0800392c   0x0800392c   0x00000002   Code   RO            8    i.HardFault_Handler  stm32f3xx_it.o
    0x0800392e   0x0800392e   0x00000002   PAD
    0x08003930   0x08003930   0x00000180   Code   RO         5986    i.IL_auto_gain      sdadc.o
    0x08003ab0   0x08003ab0   0x00000060   Code   RO         5987    i.IL_setGain        sdadc.o
    0x08003b10   0x08003b10   0x00000030   Code   RO          386    i.Led_flash_task    test.o
    0x08003b40   0x08003b40   0x00000140   Code   RO         5962    i.MX_GPIO_Init      gpio.o
    0x08003c80   0x08003c80   0x00000064   Code   RO          327    i.MX_NVIC_Init      main.o
    0x08003ce4   0x08003ce4   0x00000144   Code   RO         5988    i.MX_SDADC1_Init    sdadc.o
    0x08003e28   0x08003e28   0x00000100   Code   RO         5989    i.MX_SDADC2_Init    sdadc.o
    0x08003f28   0x08003f28   0x000000fc   Code   RO         5990    i.MX_SDADC3_Init    sdadc.o
    0x08004024   0x08004024   0x0000006c   Code   RO         5882    i.MX_SPI1_Init      comunication.o
    0x08004090   0x08004090   0x000000bc   Code   RO         6197    i.MX_TIM3_Init      timer.o
    0x0800414c   0x0800414c   0x0000005c   Code   RO         6198    i.MX_TIM6_Init      timer.o
    0x080041a8   0x080041a8   0x00000064   Code   RO         6199    i.MX_TIM7_Init      timer.o
    0x0800420c   0x0800420c   0x0000005c   Code   RO         5883    i.MX_USART3_UART_Init  comunication.o
    0x08004268   0x08004268   0x00000038   Code   RO         5760    i.MX_USB_DEVICE_Init  usb_device.o
    0x080042a0   0x080042a0   0x00000002   Code   RO            9    i.MemManage_Handler  stm32f3xx_it.o
    0x080042a2   0x080042a2   0x00000002   Code   RO           10    i.NMI_Handler       stm32f3xx_it.o
    0x080042a4   0x080042a4   0x00000020   Code   RO         2856    i.NVIC_SetPriority  stm32f3xx_hal_cortex.o
    0x080042c4   0x080042c4   0x00000366   Code   RO         1694    i.PCD_EP_ISR_Handler  stm32f3xx_hal_pcd.o
    0x0800462a   0x0800462a   0x00000002   PAD
    0x0800462c   0x0800462c   0x0000002e   Code   RO         1160    i.PCD_ReadPMA       stm32f3xx_hal_pcd_ex.o
    0x0800465a   0x0800465a   0x00000026   Code   RO         1161    i.PCD_WritePMA      stm32f3xx_hal_pcd_ex.o
    0x08004680   0x08004680   0x00000154   Code   RO         6342    i.ParseMessage      serial_com.o
    0x080047d4   0x080047d4   0x00000002   Code   RO           11    i.PendSV_Handler    stm32f3xx_it.o
    0x080047d6   0x080047d6   0x00000002   PAD
    0x080047d8   0x080047d8   0x0000004c   Code   RO         5991    i.SDADC1_Handler    sdadc.o
    0x08004824   0x08004824   0x00000014   Code   RO           12    i.SDADC1_IRQHandler  stm32f3xx_it.o
    0x08004838   0x08004838   0x00000002   Code   RO         5995    i.SDADC2_Handler    sdadc.o
    0x0800483a   0x0800483a   0x00000002   PAD
    0x0800483c   0x0800483c   0x00000014   Code   RO           13    i.SDADC2_IRQHandler  stm32f3xx_it.o
    0x08004850   0x08004850   0x00000030   Code   RO         5999    i.SDADC3_Handler    sdadc.o
    0x08004880   0x08004880   0x00000014   Code   RO           14    i.SDADC3_IRQHandler  stm32f3xx_it.o
    0x08004894   0x08004894   0x00000032   Code   RO         3841    i.SDADC_EnterInitMode  stm32f3xx_hal_sdadc.o
    0x080048c6   0x080048c6   0x0000000c   Code   RO         3842    i.SDADC_ExitInitMode  stm32f3xx_hal_sdadc.o
    0x080048d2   0x080048d2   0x00000062   Code   RO         3843    i.SDADC_InjConvStart  stm32f3xx_hal_sdadc.o
    0x08004934   0x08004934   0x000000a0   Code   RO         3844    i.SDADC_InjConvStop  stm32f3xx_hal_sdadc.o
    0x080049d4   0x080049d4   0x00000010   Code   RO         5884    i.SPI1_Send_data    comunication.o
    0x080049e4   0x080049e4   0x00000036   Code   RO         1384    i.SPI_EndRxTxTransaction  stm32f3xx_hal_spi.o
    0x08004a1a   0x08004a1a   0x0000009e   Code   RO         1389    i.SPI_WaitFifoStateUntilTimeout  stm32f3xx_hal_spi.o
    0x08004ab8   0x08004ab8   0x00000094   Code   RO         1390    i.SPI_WaitFlagStateUntilTimeout  stm32f3xx_hal_spi.o
    0x08004b4c   0x08004b4c   0x00000002   Code   RO           15    i.SVC_Handler       stm32f3xx_it.o
    0x08004b4e   0x08004b4e   0x00000002   PAD
    0x08004b50   0x08004b50   0x00000054   Code   RO         6343    i.SendComMessage    serial_com.o
    0x08004ba4   0x08004ba4   0x0000002e   Code   RO         6344    i.SendConstructedProtocolMessage  serial_com.o
    0x08004bd2   0x08004bd2   0x00000002   PAD
    0x08004bd4   0x08004bd4   0x00000018   Code   RO           16    i.SysTick_Handler   stm32f3xx_it.o
    0x08004bec   0x08004bec   0x000000bc   Code   RO         5858    i.SystemClock_Config  clock.o
    0x08004ca8   0x08004ca8   0x00000068   Code   RO         4632    i.SystemInit        system_stm32f3xx.o
    0x08004d10   0x08004d10   0x00000004   Code   RO           17    i.TIM3_IRQHandler   stm32f3xx_it.o
    0x08004d14   0x08004d14   0x0000001c   Code   RO           18    i.TIM7_IRQHandler   stm32f3xx_it.o
    0x08004d30   0x08004d30   0x0000000c   Code   RO         6200    i.TIMER3_IRQHandler  timer.o
    0x08004d3c   0x08004d3c   0x00000108   Code   RO         6201    i.TIMER7_IRQHandler  timer.o
    0x08004e44   0x08004e44   0x000000c8   Code   RO         3059    i.TIM_Base_SetConfig  stm32f3xx_hal_tim.o
    0x08004f0c   0x08004f0c   0x00000016   Code   RO         3060    i.TIM_CCxChannelCmd  stm32f3xx_hal_tim.o
    0x08004f22   0x08004f22   0x00000014   Code   RO         3066    i.TIM_ETR_SetConfig  stm32f3xx_hal_tim.o
    0x08004f36   0x08004f36   0x00000010   Code   RO         3067    i.TIM_ITRx_SetConfig  stm32f3xx_hal_tim.o
    0x08004f46   0x08004f46   0x00000022   Code   RO         3073    i.TIM_TI1_ConfigInputStage  stm32f3xx_hal_tim.o
    0x08004f68   0x08004f68   0x00000078   Code   RO         3074    i.TIM_TI1_SetConfig  stm32f3xx_hal_tim.o
    0x08004fe0   0x08004fe0   0x00000024   Code   RO         3075    i.TIM_TI2_ConfigInputStage  stm32f3xx_hal_tim.o
    0x08005004   0x08005004   0x00000036   Code   RO         3076    i.TIM_TI2_SetConfig  stm32f3xx_hal_tim.o
    0x0800503a   0x0800503a   0x00000002   PAD
    0x0800503c   0x0800503c   0x000003c0   Code   RO         5885    i.Transmit_results_task  comunication.o
    0x080053fc   0x080053fc   0x000000c8   Code   RO         2476    i.UART_AdvFeatureConfig  stm32f3xx_hal_uart.o
    0x080054c4   0x080054c4   0x0000005c   Code   RO         2477    i.UART_CheckIdleState  stm32f3xx_hal_uart.o
    0x08005520   0x08005520   0x00000188   Code   RO         2492    i.UART_SetConfig    stm32f3xx_hal_uart.o
    0x080056a8   0x080056a8   0x00000064   Code   RO         2494    i.UART_WaitOnFlagUntilTimeout  stm32f3xx_hal_uart.o
    0x0800570c   0x0800570c   0x0000004c   Code   RO         5886    i.USBConnected_Handler  comunication.o
    0x08005758   0x08005758   0x00000014   Code   RO          748    i.USBD_CDC_DataIn   usbd_cdc.o
    0x0800576c   0x0800576c   0x0000002e   Code   RO          749    i.USBD_CDC_DataOut  usbd_cdc.o
    0x0800579a   0x0800579a   0x0000003c   Code   RO          750    i.USBD_CDC_DeInit   usbd_cdc.o
    0x080057d6   0x080057d6   0x00000024   Code   RO          751    i.USBD_CDC_EP0_RxReady  usbd_cdc.o
    0x080057fa   0x080057fa   0x00000002   PAD
    0x080057fc   0x080057fc   0x0000000c   Code   RO          752    i.USBD_CDC_GetDeviceQualifierDescriptor  usbd_cdc.o
    0x08005808   0x08005808   0x0000000c   Code   RO          753    i.USBD_CDC_GetFSCfgDesc  usbd_cdc.o
    0x08005814   0x08005814   0x0000000c   Code   RO          754    i.USBD_CDC_GetHSCfgDesc  usbd_cdc.o
    0x08005820   0x08005820   0x0000000c   Code   RO          755    i.USBD_CDC_GetOtherSpeedCfgDesc  usbd_cdc.o
    0x0800582c   0x0800582c   0x00000088   Code   RO          756    i.USBD_CDC_Init     usbd_cdc.o
    0x080058b4   0x080058b4   0x00000028   Code   RO          757    i.USBD_CDC_ReceivePacket  usbd_cdc.o
    0x080058dc   0x080058dc   0x00000010   Code   RO          758    i.USBD_CDC_RegisterInterface  usbd_cdc.o
    0x080058ec   0x080058ec   0x0000000c   Code   RO          759    i.USBD_CDC_SetRxBuffer  usbd_cdc.o
    0x080058f8   0x080058f8   0x00000010   Code   RO          760    i.USBD_CDC_SetTxBuffer  usbd_cdc.o
    0x08005908   0x08005908   0x00000070   Code   RO          761    i.USBD_CDC_Setup    usbd_cdc.o
    0x08005978   0x08005978   0x00000030   Code   RO          762    i.USBD_CDC_TransmitPacket  usbd_cdc.o
    0x080059a8   0x080059a8   0x0000000e   Code   RO          854    i.USBD_ClrClassConfig  usbd_core.o
    0x080059b6   0x080059b6   0x00000010   Code   RO          623    i.USBD_CtlContinueRx  usbd_ioreq.o
    0x080059c6   0x080059c6   0x00000010   Code   RO          624    i.USBD_CtlContinueSendData  usbd_ioreq.o
    0x080059d6   0x080059d6   0x00000016   Code   RO          683    i.USBD_CtlError     usbd_ctlreq.o
    0x080059ec   0x080059ec   0x0000001e   Code   RO          625    i.USBD_CtlPrepareRx  usbd_ioreq.o
    0x08005a0a   0x08005a0a   0x00000016   Code   RO          626    i.USBD_CtlReceiveStatus  usbd_ioreq.o
    0x08005a20   0x08005a20   0x0000001a   Code   RO          627    i.USBD_CtlSendData  usbd_ioreq.o
    0x08005a3a   0x08005a3a   0x00000016   Code   RO          628    i.USBD_CtlSendStatus  usbd_ioreq.o
    0x08005a50   0x08005a50   0x00000020   Code   RO         5790    i.USBD_FS_ConfigStrDescriptor  usbd_desc.o
    0x08005a70   0x08005a70   0x0000000c   Code   RO         5791    i.USBD_FS_DeviceDescriptor  usbd_desc.o
    0x08005a7c   0x08005a7c   0x00000024   Code   RO         5792    i.USBD_FS_InterfaceStrDescriptor  usbd_desc.o
    0x08005aa0   0x08005aa0   0x0000000c   Code   RO         5793    i.USBD_FS_LangIDStrDescriptor  usbd_desc.o
    0x08005aac   0x08005aac   0x00000028   Code   RO         5794    i.USBD_FS_ManufacturerStrDescriptor  usbd_desc.o
    0x08005ad4   0x08005ad4   0x0000002c   Code   RO         5795    i.USBD_FS_ProductStrDescriptor  usbd_desc.o
    0x08005b00   0x08005b00   0x00000024   Code   RO         5796    i.USBD_FS_SerialStrDescriptor  usbd_desc.o
    0x08005b24   0x08005b24   0x000000e0   Code   RO          684    i.USBD_GetDescriptor  usbd_ctlreq.o
    0x08005c04   0x08005c04   0x00000046   Code   RO          685    i.USBD_GetString    usbd_ctlreq.o
    0x08005c4a   0x08005c4a   0x0000002a   Code   RO          856    i.USBD_Init         usbd_core.o
    0x08005c74   0x08005c74   0x00000020   Code   RO         5495    i.USBD_LL_ClearStallEP  usbd_conf.o
    0x08005c94   0x08005c94   0x00000020   Code   RO         5496    i.USBD_LL_CloseEP   usbd_conf.o
    0x08005cb4   0x08005cb4   0x000000aa   Code   RO          857    i.USBD_LL_DataInStage  usbd_core.o
    0x08005d5e   0x08005d5e   0x0000006a   Code   RO          858    i.USBD_LL_DataOutStage  usbd_core.o
    0x08005dc8   0x08005dc8   0x00000008   Code   RO         5500    i.USBD_LL_GetRxDataSize  usbd_conf.o
    0x08005dd0   0x08005dd0   0x0000009c   Code   RO         5501    i.USBD_LL_Init      usbd_conf.o
    0x08005e6c   0x08005e6c   0x00000020   Code   RO         5502    i.USBD_LL_IsStallEP  usbd_conf.o
    0x08005e8c   0x08005e8c   0x00000026   Code   RO         5503    i.USBD_LL_OpenEP    usbd_conf.o
    0x08005eb2   0x08005eb2   0x00000020   Code   RO         5504    i.USBD_LL_PrepareReceive  usbd_conf.o
    0x08005ed2   0x08005ed2   0x0000003e   Code   RO          863    i.USBD_LL_Reset     usbd_core.o
    0x08005f10   0x08005f10   0x0000000c   Code   RO          864    i.USBD_LL_Resume    usbd_core.o
    0x08005f1c   0x08005f1c   0x00000018   Code   RO          865    i.USBD_LL_SOF       usbd_core.o
    0x08005f34   0x08005f34   0x00000006   Code   RO          866    i.USBD_LL_SetSpeed  usbd_core.o
    0x08005f3a   0x08005f3a   0x00000020   Code   RO         5505    i.USBD_LL_SetUSBAddress  usbd_conf.o
    0x08005f5a   0x08005f5a   0x0000005a   Code   RO          867    i.USBD_LL_SetupStage  usbd_core.o
    0x08005fb4   0x08005fb4   0x00000020   Code   RO         5506    i.USBD_LL_StallEP   usbd_conf.o
    0x08005fd4   0x08005fd4   0x00000020   Code   RO         5507    i.USBD_LL_Start     usbd_conf.o
    0x08005ff4   0x08005ff4   0x00000012   Code   RO          868    i.USBD_LL_Suspend   usbd_core.o
    0x08006006   0x08006006   0x00000020   Code   RO         5509    i.USBD_LL_Transmit  usbd_conf.o
    0x08006026   0x08006026   0x00000028   Code   RO          686    i.USBD_ParseSetupRequest  usbd_ctlreq.o
    0x0800604e   0x0800604e   0x00000010   Code   RO          869    i.USBD_RegisterClass  usbd_core.o
    0x0800605e   0x0800605e   0x00000016   Code   RO          871    i.USBD_SetClassConfig  usbd_core.o
    0x08006074   0x08006074   0x00000074   Code   RO          687    i.USBD_SetConfig    usbd_ctlreq.o
    0x080060e8   0x080060e8   0x0000000a   Code   RO          872    i.USBD_Start        usbd_core.o
    0x080060f2   0x080060f2   0x000000f2   Code   RO          688    i.USBD_StdDevReq    usbd_ctlreq.o
    0x080061e4   0x080061e4   0x000000dc   Code   RO          689    i.USBD_StdEPReq     usbd_ctlreq.o
    0x080062c0   0x080062c0   0x00000034   Code   RO          690    i.USBD_StdItfReq    usbd_ctlreq.o
    0x080062f4   0x080062f4   0x00000002   Code   RO         5510    i.USBD_static_free  usbd_conf.o
    0x080062f6   0x080062f6   0x00000002   PAD
    0x080062f8   0x080062f8   0x00000008   Code   RO         5511    i.USBD_static_malloc  usbd_conf.o
    0x08006300   0x08006300   0x0000000c   Code   RO           19    i.USB_LP_IRQHandler  stm32f3xx_it.o
    0x0800630c   0x0800630c   0x0000000c   Code   RO         6301    i.USB_Receive_FS    usb.o
    0x08006318   0x08006318   0x00000002   Code   RO           20    i.UsageFault_Handler  stm32f3xx_it.o
    0x0800631a   0x0800631a   0x00000002   PAD
    0x0800631c   0x0800631c   0x0000001c   Code   RO          328    i._Error_Handler    main.o
    0x08006338   0x08006338   0x00000028   Code   RO         6755    i.__0sprintf        mc_w.l(printfa.o)
    0x08006360   0x08006360   0x00000008   Code   RO         6809    i.__aeabi_errno_addr  mc_w.l(errno.o)
    0x08006368   0x08006368   0x00000038   Code   RO         6465    i.__hardfp_atof     m_wm.l(atof.o)
    0x080063a0   0x080063a0   0x0000000c   Code   RO         6810    i.__read_errno      mc_w.l(errno.o)
    0x080063ac   0x080063ac   0x0000000e   Code   RO         6891    i.__scatterload_copy  mc_w.l(handlers.o)
    0x080063ba   0x080063ba   0x00000002   Code   RO         6892    i.__scatterload_null  mc_w.l(handlers.o)
    0x080063bc   0x080063bc   0x0000000e   Code   RO         6893    i.__scatterload_zeroinit  mc_w.l(handlers.o)
    0x080063ca   0x080063ca   0x00000002   PAD
    0x080063cc   0x080063cc   0x0000000c   Code   RO         6811    i.__set_errno       mc_w.l(errno.o)
    0x080063d8   0x080063d8   0x00000184   Code   RO         6760    i._fp_digits        mc_w.l(printfa.o)
    0x0800655c   0x0800655c   0x0000000e   Code   RO         6877    i._is_digit         mc_w.l(scanf_fp.o)
    0x0800656a   0x0800656a   0x00000002   PAD
    0x0800656c   0x0800656c   0x000006dc   Code   RO         6761    i._printf_core      mc_w.l(printfa.o)
    0x08006c48   0x08006c48   0x00000024   Code   RO         6762    i._printf_post_padding  mc_w.l(printfa.o)
    0x08006c6c   0x08006c6c   0x0000002e   Code   RO         6763    i._printf_pre_padding  mc_w.l(printfa.o)
    0x08006c9a   0x08006c9a   0x0000000a   Code   RO         6765    i._sputc            mc_w.l(printfa.o)
    0x08006ca4   0x08006ca4   0x00000134   Code   RO         6345    i.add_command_to_queue  serial_com.o
    0x08006dd8   0x08006dd8   0x0000010a   Code   RO         4669    i.arm_biquad_cascade_df1_f32  arm_biquad_cascade_df1_f32.o
    0x08006ee2   0x08006ee2   0x00000070   Code   RO         5000    i.arm_bitreversal_32  arm_cfft_f32.o
    0x08006f52   0x08006f52   0x000000cc   Code   RO         5001    i.arm_cfft_f32      arm_cfft_f32.o
    0x0800701e   0x0800701e   0x00000188   Code   RO         5002    i.arm_cfft_radix8by2_f32  arm_cfft_f32.o
    0x080071a6   0x080071a6   0x0000042c   Code   RO         5003    i.arm_cfft_radix8by4_f32  arm_cfft_f32.o
    0x080075d2   0x080075d2   0x00000002   PAD
    0x080075d4   0x080075d4   0x000000a8   Code   RO         5222    i.arm_cmplx_mag_f32  arm_cmplx_mag_f32.o
    0x0800767c   0x0800767c   0x00000078   Code   RO         4720    i.arm_cos_f32       arm_cos_f32.o
    0x080076f4   0x080076f4   0x000004c4   Code   RO         5042    i.arm_radix8_butterfly_f32  arm_cfft_radix8_f32.o
    0x08007bb8   0x08007bb8   0x00000028   Code   RO          432    i.arm_sqrt_f32      do_task.o
    0x08007be0   0x08007be0   0x00000028   Code   RO         5223    i.arm_sqrt_f32      arm_cmplx_mag_f32.o
    0x08007c08   0x08007c08   0x00000028   Code   RO         6000    i.arm_sqrt_f32      sdadc.o
    0x08007c30   0x08007c30   0x00000c14   Code   RO         6346    i.command_analyze   serial_com.o
    0x08008844   0x08008844   0x0000009c   Code   RO         6347    i.command_do_events  serial_com.o
    0x080088e0   0x080088e0   0x0000012c   Code   RO         6348    i.command_return    serial_com.o
    0x08008a0c   0x08008a0c   0x0000027c   Code   RO          433    i.compute_THD_with_FFT  do_task.o
    0x08008c88   0x08008c88   0x0000031c   Code   RO         6001    i.compute_rms       sdadc.o
    0x08008fa4   0x08008fa4   0x00000018   Code   RO          550    i.cord_check_resistance  meas_task.o
    0x08008fbc   0x08008fbc   0x000020ec   Code   RO          552    i.cord_meas_normal  meas_task.o
    0x0800b0a8   0x0800b0a8   0x00000038   Code   RO         5889    i.disconnect_function  comunication.o
    0x0800b0e0   0x0800b0e0   0x00000034   Code   RO         5330    i.do_events         os.o
    0x0800b114   0x0800b114   0x00000050   Code   RO         6781    i.free              mc_w.l(malloc.o)
    0x0800b164   0x0800b164   0x0000002c   Code   RO         5333    i.free_timer        os.o
    0x0800b190   0x0800b190   0x00000038   Code   RO          436    i.get_connected_device  do_task.o
    0x0800b1c8   0x0800b1c8   0x0000004c   Code   RO         6002    i.get_inst_value    sdadc.o
    0x0800b214   0x0800b214   0x00000024   Code   RO          437    i.get_phase_seq     do_task.o
    0x0800b238   0x0800b238   0x00000058   Code   RO         6003    i.get_value         sdadc.o
    0x0800b290   0x0800b290   0x00000048   Code   RO         5334    i.init_OS           os.o
    0x0800b2d8   0x0800b2d8   0x00000054   Code   RO         6250    i.init_REL          rel_driver.o
    0x0800b32c   0x0800b32c   0x00000018   Code   RO         5335    i.init_event_Q      os.o
    0x0800b344   0x0800b344   0x0000001c   Code   RO         5336    i.init_timers       os.o
    0x0800b360   0x0800b360   0x0000001c   Code   RO         6005    i.input_START_measure  sdadc.o
    0x0800b37c   0x0800b37c   0x00000030   Code   RO         6007    i.input_STOP_measure  sdadc.o
    0x0800b3ac   0x0800b3ac   0x0000005c   Code   RO          438    i.led_blinking_task  do_task.o
    0x0800b408   0x0800b408   0x000000a8   Code   RO          329    i.main              main.o
    0x0800b4b0   0x0800b4b0   0x0000006c   Code   RO         6782    i.malloc            mc_w.l(malloc.o)
    0x0800b51c   0x0800b51c   0x00000118   Code   RO         6008    i.measure_IDIFF     sdadc.o
    0x0800b634   0x0800b634   0x0000065c   Code   RO         6009    i.measure_IL_Current  sdadc.o
    0x0800bc90   0x0800bc90   0x000000bc   Code   RO         6010    i.measure_UL1PE     sdadc.o
    0x0800bd4c   0x0800bd4c   0x000005c0   Code   RO         6011    i.measure_ULN_Voltage  sdadc.o
    0x0800c30c   0x0800c30c   0x000000bc   Code   RO         6012    i.measure_UNPE      sdadc.o
    0x0800c3c8   0x0800c3c8   0x0000006c   Code   RO          439    i.measuring_task_fft  do_task.o
    0x0800c434   0x0800c434   0x0000006c   Code   RO          440    i.measuring_task_no_THD  do_task.o
    0x0800c4a0   0x0800c4a0   0x000002d0   Code   RO          441    i.power_on_test     do_task.o
    0x0800c770   0x0800c770   0x00000064   Code   RO         6349    i.recieve_ack_func  serial_com.o
    0x0800c7d4   0x0800c7d4   0x00000068   Code   RO         6350    i.recieve_nack_func  serial_com.o
    0x0800c83c   0x0800c83c   0x0000003c   Code   RO         6251    i.reset_all_REL     rel_driver.o
    0x0800c878   0x0800c878   0x00000054   Code   RO         5337    i.restart_timer     os.o
    0x0800c8cc   0x0800c8cc   0x0000035c   Code   RO         6252    i.rst_REL           rel_driver.o
    0x0800cc28   0x0800cc28   0x0000000a   Code   RO         5338    i.run_OS            os.o
    0x0800cc32   0x0800cc32   0x00000002   PAD
    0x0800cc34   0x0800cc34   0x00000074   Code   RO         6253    i.sel_REL_DRIVER    rel_driver.o
    0x0800cca8   0x0800cca8   0x00000230   Code   RO          442    i.send_mains_status  do_task.o
    0x0800ced8   0x0800ced8   0x000000ac   Code   RO         5890    i.send_warning_MSG  comunication.o
    0x0800cf84   0x0800cf84   0x00000050   Code   RO         6351    i.serial_com_init   serial_com.o
    0x0800cfd4   0x0800cfd4   0x00000058   Code   RO         6352    i.serial_send_handler  serial_com.o
    0x0800d02c   0x0800d02c   0x00000048   Code   RO         5339    i.service_timers    os.o
    0x0800d074   0x0800d074   0x0000035c   Code   RO         6254    i.set_REL           rel_driver.o
    0x0800d3d0   0x0800d3d0   0x00000070   Code   RO         6013    i.set_SDADC_zero    sdadc.o
    0x0800d440   0x0800d440   0x0000005c   Code   RO          553    i.set_cord_init     meas_task.o
    0x0800d49c   0x0800d49c   0x00000020   Code   RO          554    i.set_cord_resistance  meas_task.o
    0x0800d4bc   0x0800d4bc   0x0000003c   Code   RO         5340    i.set_event         os.o
    0x0800d4f8   0x0800d4f8   0x00000034   Code   RO         5341    i.set_timer         os.o
    0x0800d52c   0x0800d52c   0x00000080   Code   RO          555    i.start_cord_normal  meas_task.o
    0x0800d5ac   0x0800d5ac   0x000000bc   Code   RO          443    i.start_measure     do_task.o
    0x0800d668   0x0800d668   0x00000084   Code   RO          444    i.start_measure_no_THD  do_task.o
    0x0800d6ec   0x0800d6ec   0x00000014   Code   RO          556    i.stop_cord         meas_task.o
    0x0800d700   0x0800d700   0x00000058   Code   RO          445    i.stop_measure      do_task.o
    0x0800d758   0x0800d758   0x00000038   Code   RO         6354    i.strtok_single     serial_com.o
    0x0800d790   0x0800d790   0x00000194   Code   RO         6355    i.transmit_command_handle  serial_com.o
    0x0800d924   0x0800d924   0x00000080   Code   RO         6356    i.transmit_func     serial_com.o
    0x0800d9a4   0x0800d9a4   0x0000003c   Code   RO         6014    i.write_THD         sdadc.o
    0x0800d9e0   0x0800d9e0   0x00000020   Data   RO         1980    .constdata          stm32f3xx_hal_rcc.o
    0x0800da00   0x0800da00   0x00000010   Data   RO         4633    .constdata          system_stm32f3xx.o
    0x0800da10   0x0800da10   0x00000008   Data   RO         4634    .constdata          system_stm32f3xx.o
    0x0800da18   0x0800da18   0x00002000   Data   RO         4779    .constdata          arm_common_tables.o
    0x0800fa18   0x0800fa18   0x00000e10   Data   RO         4808    .constdata          arm_common_tables.o
    0x08010828   0x08010828   0x00000804   Data   RO         4828    .constdata          arm_common_tables.o
    0x0801102c   0x0801102c   0x00000010   Data   RO         4860    .constdata          arm_const_structs.o
    0x0801103c   0x0801103c   0x000000d8   Data   RO         6029    .constdata          sdadc.o
    0x08011114   0x08011114   0x00000081   Data   RO         6477    .constdata          mc_w.l(ctype_o.o)
    0x08011195   0x08011195   0x00000003   PAD
    0x08011198   0x08011198   0x00000004   Data   RO         6478    .constdata          mc_w.l(ctype_o.o)
    0x0801119c   0x0801119c   0x00000020   Data   RO         6889    Region$$Table       anon$$obj.o


    Execution Region RW_IRAM1 (Exec base: 0x20000000, Load base: 0x080111bc, Size: 0x00006f90, Max: 0x00008000, ABSOLUTE, COMPRESSED[0x000000f8])

    Exec Addr    Load Addr    Size         Type   Attr      Idx    E Section Name        Object

    0x20000000   COMPRESSED   0x0000001c   Data   RW           22    .data               stm32f3xx_it.o
    0x2000001c   COMPRESSED   0x00000004   Data   RW          330    .data               main.o
    0x20000020   COMPRESSED   0x00000004   Data   RW          331    .data               main.o
    0x20000024   COMPRESSED   0x00000008   Data   RW          388    .data               test.o
    0x2000002c   COMPRESSED   0x00000010   Data   RW          447    .data               do_task.o
    0x2000003c   COMPRESSED   0x00000028   Data   RW          558    .data               meas_task.o
    0x20000064   COMPRESSED   0x00000001   Data   RW          691    .data               usbd_ctlreq.o
    0x20000065   COMPRESSED   0x00000003   PAD
    0x20000068   COMPRESSED   0x000000db   Data   RW          763    .data               usbd_cdc.o
    0x20000143   COMPRESSED   0x00000001   PAD
    0x20000144   COMPRESSED   0x00000038   Data   RW          764    .data               usbd_cdc.o
    0x2000017c   COMPRESSED   0x00000004   Data   RW         1219    .data               stm32f3xx_hal.o
    0x20000180   COMPRESSED   0x00000004   Data   RW         4635    .data               system_stm32f3xx.o
    0x20000184   COMPRESSED   0x00000008   Data   RW         5343    .data               os.o
    0x2000018c   COMPRESSED   0x00000010   Data   RW         5432    .data               usbd_cdc_if.o
    0x2000019c   COMPRESSED   0x00000008   Data   RW         5433    .data               usbd_cdc_if.o
    0x200001a4   COMPRESSED   0x0000001c   Data   RW         5798    .data               usbd_desc.o
    0x200001c0   COMPRESSED   0x00000016   Data   RW         5799    .data               usbd_desc.o
    0x200001d6   COMPRESSED   0x00000002   PAD
    0x200001d8   COMPRESSED   0x0000000c   Data   RW         5892    .data               comunication.o
    0x200001e4   COMPRESSED   0x00000048   Data   RW         6030    .data               sdadc.o
    0x2000022c   COMPRESSED   0x00000004   Data   RW         6032    .data               sdadc.o
    0x20000230   COMPRESSED   0x00000004   Data   RW         6033    .data               sdadc.o
    0x20000234   COMPRESSED   0x00000014   Data   RW         6034    .data               sdadc.o
    0x20000248   COMPRESSED   0x00000014   Data   RW         6035    .data               sdadc.o
    0x2000025c   COMPRESSED   0x00000004   Data   RW         6203    .data               timer.o
    0x20000260   COMPRESSED   0x00000006   Data   RW         6255    .data               rel_driver.o
    0x20000266   COMPRESSED   0x00000002   PAD
    0x20000268   COMPRESSED   0x00000038   Data   RW         6359    .data               serial_com.o
    0x200002a0   COMPRESSED   0x00000004   Data   RW         6812    .data               mc_w.l(errno.o)
    0x200002a4   COMPRESSED   0x00000004   Data   RW         6845    .data               mc_w.l(mvars.o)
    0x200002a8   COMPRESSED   0x00000004   Data   RW         6846    .data               mc_w.l(mvars.o)
    0x200002ac        -       0x000010a0   Zero   RW          446    .bss                do_task.o
    0x2000134c        -       0x00000258   Zero   RW         5342    .bss                os.o
    0x200015a4        -       0x000005c8   Zero   RW         5512    .bss                usbd_conf.o
    0x20001b6c        -       0x00000224   Zero   RW         5761    .bss                usb_device.o
    0x20001d90        -       0x00000200   Zero   RW         5797    .bss                usbd_desc.o
    0x20001f90        -       0x000000d4   Zero   RW         5891    .bss                comunication.o
    0x20002064        -       0x00003434   Zero   RW         6015    .bss                sdadc.o
    0x20005498        -       0x00000010   Zero   RW         6017    .bss                sdadc.o
    0x200054a8        -       0x00000010   Zero   RW         6018    .bss                sdadc.o
    0x200054b8        -       0x00000010   Zero   RW         6019    .bss                sdadc.o
    0x200054c8        -       0x00000010   Zero   RW         6020    .bss                sdadc.o
    0x200054d8        -       0x00000010   Zero   RW         6021    .bss                sdadc.o
    0x200054e8        -       0x00000010   Zero   RW         6022    .bss                sdadc.o
    0x200054f8        -       0x00000010   Zero   RW         6023    .bss                sdadc.o
    0x20005508        -       0x00000010   Zero   RW         6024    .bss                sdadc.o
    0x20005518        -       0x00000010   Zero   RW         6025    .bss                sdadc.o
    0x20005528        -       0x00000010   Zero   RW         6026    .bss                sdadc.o
    0x20005538        -       0x00000010   Zero   RW         6027    .bss                sdadc.o
    0x20005548        -       0x00000010   Zero   RW         6028    .bss                sdadc.o
    0x20005558        -       0x000000c0   Zero   RW         6202    .bss                timer.o
    0x20005618        -       0x00000b74   Zero   RW         6357    .bss                serial_com.o
    0x2000618c   COMPRESSED   0x00000004   PAD
    0x20006190        -       0x00000800   Zero   RW         5321    HEAP                startup_stm32f373xc.o
    0x20006990        -       0x00000600   Zero   RW         5320    STACK               startup_stm32f373xc.o


==============================================================================

Image component sizes


      Code (inc. data)   RO Data    RW Data    ZI Data      Debug   Object Name

       266          0          0          0          0       1653   arm_biquad_cascade_df1_f32.o
      1776          0          0          0          0       5550   arm_cfft_f32.o
      1220          4          0          0          0       3019   arm_cfft_radix8_f32.o
       208          4          0          0          0       1400   arm_cmplx_mag_f32.o
         0          0      13844          0          0       4708   arm_common_tables.o
         0          0         16          0          0       2259   arm_const_structs.o
       120         12          0          0          0        754   arm_cos_f32.o
       188         22          0          0          0        681   clock.o
      1480        266          0         12        212       5831   comunication.o
      2764        470          0         16       4256      24361   do_task.o
       320         26          0          0          0       1179   gpio.o
       296         30          0          8          0       3983   main.o
      8724        578          0         40          0      12031   meas_task.o
       498         68          0          8        600      34114   os.o
      1980         78          0          6          0       4828   rel_driver.o
      6442        546        216        120      13556      20810   sdadc.o
      5742       1308          0         56       2932      18910   serial_com.o
        36          8        392          0       3584        808   startup_stm32f373xc.o
       126         22          0          4          0       3803   stm32f3xx_hal.o
       250         14          0          0          0      32863   stm32f3xx_hal_cortex.o
       446         34          0          0          0       4860   stm32f3xx_hal_gpio.o
       616         80          0          0          0       3858   stm32f3xx_hal_msp.o
      3208          0          0          0          0      12130   stm32f3xx_hal_pcd.o
       144          0          0          0          0       2895   stm32f3xx_hal_pcd_ex.o
        40         10          0          0          0       1156   stm32f3xx_hal_pwr_ex.o
      2060         84         32          0          0       6360   stm32f3xx_hal_rcc.o
       464         14          0          0          0       1544   stm32f3xx_hal_rcc_ex.o
      1502         32          0          0          0      20249   stm32f3xx_hal_sdadc.o
       922          0          0          0          0       5873   stm32f3xx_hal_spi.o
      1720         68          0          0          0      17773   stm32f3xx_hal_tim.o
        84          0          0          0          0       2430   stm32f3xx_hal_tim_ex.o
       784         46          0          0          0       4223   stm32f3xx_hal_uart.o
       140          4          0          0          0       1311   stm32f3xx_hal_uart_ex.o
       682         54          0         28          0     579643   stm32f3xx_it.o
       104         22         24          4          0       1175   system_stm32f3xx.o
        48         10          0          8          0        933   test.o
       656        112          0          4        192       3165   timer.o
        12          0          0          0          0        941   usb.o
        56         18          0          0        548        728   usb_device.o
       590         22          0        275          0      13206   usbd_cdc.o
       120         20          0         24          0       3321   usbd_cdc_if.o
       692         48          0          0       1480      14037   usbd_conf.o
       592          0          0          0          0       9632   usbd_core.o
       986         30          0          1          0       8040   usbd_ctlreq.o
       212        116          0         50        512       5163   usbd_desc.o
       132          0          0          0          0       4544   usbd_ioreq.o

    ----------------------------------------------------------------------
     49480       4280      14556        672      27876     912735   Object Totals
         0          0         32          0          0          0   (incl. Generated)
        32          0          0          8          4          0   (incl. Padding)

    ----------------------------------------------------------------------

      Code (inc. data)   RO Data    RW Data    ZI Data      Debug   Library Member Name

        56         12          0          0          0        132   atof.o
        86          0          0          0          0          0   __dczerorl2.o
        28          0          0          0          0         68   _chval.o
        64          0          0          0          0         84   _sgetc.o
       158          0          0          0          0         92   _strtoul.o
        26          0          0          0          0         80   atoi.o
         8          4        133          0          0         68   ctype_o.o
         0          0          0          0          0          0   entry.o
         0          0          0          0          0          0   entry10a.o
         0          0          0          0          0          0   entry11a.o
         8          4          0          0          0          0   entry2.o
         4          0          0          0          0          0   entry5.o
         0          0          0          0          0          0   entry7b.o
         0          0          0          0          0          0   entry8b.o
         8          4          0          0          0          0   entry9a.o
        32         16          0          4          0        204   errno.o
        30          0          0          0          0          0   handlers.o
        36          8          0          0          0         68   init.o
        18          0          0          0          0         76   isspace_o.o
         0          0          0          0          0          0   iusefp.o
        30          0          0          0          0         68   llshl.o
        36          0          0          0          0         68   llsshr.o
        32          0          0          0          0         68   llushr.o
       188         20          0          0          0        160   malloc.o
        36          0          0          0          0         68   memcpya.o
        36          0          0          0          0        108   memseta.o
         0          0          0          8          0          0   mvars.o
      2276         86          0          0          0        520   printfa.o
       878         12          0          0          0        216   scanf_fp.o
        24          0          0          0          0         68   strcat.o
        28          0          0          0          0         76   strcmp.o
        18          0          0          0          0         68   strcpy.o
        14          0          0          0          0         68   strlen.o
        32          0          0          0          0         76   strpbrk.o
       156         12          0          0          0        120   strtod.o
       112          0          0          0          0         88   strtol.o
        44          0          0          0          0         80   uidiv.o
        98          0          0          0          0         92   uldiv.o
        48          0          0          0          0         68   cdrcmple.o
        56          0          0          0          0         88   d2f.o
       334          0          0          0          0        148   dadd.o
       222          0          0          0          0        100   ddiv.o
       186          0          0          0          0        176   depilogue.o
        48          0          0          0          0         68   dfixul.o
        24          0          0          0          0         76   dfltul.o
       228          0          0          0          0         96   dmul.o
        38          0          0          0          0         68   f2d.o
       110          0          0          0          0        168   fepilogue.o

    ----------------------------------------------------------------------
      5904        178        136         12          0       3940   Library Totals
        10          0          3          0          0          0   (incl. Padding)

    ----------------------------------------------------------------------

      Code (inc. data)   RO Data    RW Data    ZI Data      Debug   Library Name

        56         12          0          0          0        132   m_wm.l
      4544        166        133         12          0       2752   mc_w.l
      1294          0          0          0          0       1056   mf_w.l

    ----------------------------------------------------------------------
      5904        178        136         12          0       3940   Library Totals

    ----------------------------------------------------------------------

==============================================================================


      Code (inc. data)   RO Data    RW Data    ZI Data      Debug   

     55384       4458      14692        684      27876     885279   Grand Totals
     55384       4458      14692        248      27876     885279   ELF Image Totals (compressed)
     55384       4458      14692        248          0          0   ROM Totals

==============================================================================

    Total RO  Size (Code + RO Data)                70076 (  68.43kB)
    Total RW  Size (RW Data + ZI Data)             28560 (  27.89kB)
    Total ROM Size (Code + RO Data + RW Data)      70324 (  68.68kB)

==============================================================================

