Component: ARM Compiler 5.06 update 5 (build 528) Tool: armlink [4d35e2]

==============================================================================

Section Cross References

    stm32f3xx_it.o(i.EXTI15_10_IRQHandler) refers to stm32f3xx_hal_gpio.o(i.HAL_GPIO_EXTI_IRQHandler) for HAL_GPIO_EXTI_IRQHandler
    stm32f3xx_it.o(i.EXTI15_10_IRQHandler) refers to comunication.o(i.USBConnected_Handler) for USBConnected_Handler
    stm32f3xx_it.o(i.EXTI9_5_IRQHandler) refers to stm32f3xx_hal_tim.o(i.HAL_TIM_Base_Start_IT) for HAL_TIM_Base_Start_IT
    stm32f3xx_it.o(i.EXTI9_5_IRQHandler) refers to stm32f3xx_hal_gpio.o(i.HAL_GPIO_WritePin) for HAL_GPIO_WritePin
    stm32f3xx_it.o(i.EXTI9_5_IRQHandler) refers to sdadc.o(i.get_inst_value) for get_inst_value
    stm32f3xx_it.o(i.EXTI9_5_IRQHandler) refers to stm32f3xx_hal_gpio.o(i.HAL_GPIO_EXTI_IRQHandler) for HAL_GPIO_EXTI_IRQHandler
    stm32f3xx_it.o(i.EXTI9_5_IRQHandler) refers to comunication.o(.data) for meas_control
    stm32f3xx_it.o(i.EXTI9_5_IRQHandler) refers to timer.o(.bss) for htim7
    stm32f3xx_it.o(i.EXTI9_5_IRQHandler) refers to stm32f3xx_it.o(.data) for .data
    stm32f3xx_it.o(i.EXTI9_5_IRQHandler) refers to sdadc.o(.data) for compute_control
    stm32f3xx_it.o(i.EXTI9_5_IRQHandler) refers to machines.o(.data) for mach_task_control
    stm32f3xx_it.o(i.EXTI9_5_IRQHandler) refers to main.o(.data) for global_control
    stm32f3xx_it.o(i.SDADC1_IRQHandler) refers to stm32f3xx_hal_sdadc.o(i.HAL_SDADC_IRQHandler) for HAL_SDADC_IRQHandler
    stm32f3xx_it.o(i.SDADC1_IRQHandler) refers to sdadc.o(i.SDADC1_Handler) for SDADC1_Handler
    stm32f3xx_it.o(i.SDADC1_IRQHandler) refers to sdadc.o(.bss) for hsdadc1
    stm32f3xx_it.o(i.SDADC2_IRQHandler) refers to sdadc.o(i.SDADC2_Handler) for SDADC2_Handler
    stm32f3xx_it.o(i.SDADC2_IRQHandler) refers to stm32f3xx_hal_sdadc.o(i.HAL_SDADC_IRQHandler) for HAL_SDADC_IRQHandler
    stm32f3xx_it.o(i.SDADC2_IRQHandler) refers to sdadc.o(.bss) for hsdadc2
    stm32f3xx_it.o(i.SDADC3_IRQHandler) refers to stm32f3xx_hal_sdadc.o(i.HAL_SDADC_IRQHandler) for HAL_SDADC_IRQHandler
    stm32f3xx_it.o(i.SDADC3_IRQHandler) refers to sdadc.o(i.SDADC3_Handler) for SDADC3_Handler
    stm32f3xx_it.o(i.SDADC3_IRQHandler) refers to sdadc.o(.bss) for hsdadc3
    stm32f3xx_it.o(i.SysTick_Handler) refers to stm32f3xx_hal.o(i.HAL_IncTick) for HAL_IncTick
    stm32f3xx_it.o(i.SysTick_Handler) refers to stm32f3xx_hal_cortex.o(i.HAL_SYSTICK_IRQHandler) for HAL_SYSTICK_IRQHandler
    stm32f3xx_it.o(i.SysTick_Handler) refers to serial_com.o(.data) for serialComErrorTimeout
    stm32f3xx_it.o(i.SysTick_Handler) refers to os.o(.data) for TimerTick
    stm32f3xx_it.o(i.TIM3_IRQHandler) refers to timer.o(i.TIMER3_IRQHandler) for TIMER3_IRQHandler
    stm32f3xx_it.o(i.TIM7_IRQHandler) refers to stm32f3xx_hal_tim.o(i.HAL_TIM_IRQHandler) for HAL_TIM_IRQHandler
    stm32f3xx_it.o(i.TIM7_IRQHandler) refers to timer.o(i.TIMER7_IRQHandler) for TIMER7_IRQHandler
    stm32f3xx_it.o(i.TIM7_IRQHandler) refers to stm32f3xx_hal_tim.o(i.HAL_TIM_Base_Stop_IT) for HAL_TIM_Base_Stop_IT
    stm32f3xx_it.o(i.TIM7_IRQHandler) refers to timer.o(.bss) for htim7
    stm32f3xx_it.o(i.USB_LP_IRQHandler) refers to stm32f3xx_hal_pcd.o(i.HAL_PCD_IRQHandler) for HAL_PCD_IRQHandler
    stm32f3xx_it.o(i.USB_LP_IRQHandler) refers to usbd_conf.o(.bss) for hpcd_USB_FS
    main.o(i.MX_NVIC_Init) refers to stm32f3xx_hal_cortex.o(i.HAL_NVIC_SetPriority) for HAL_NVIC_SetPriority
    main.o(i.MX_NVIC_Init) refers to stm32f3xx_hal_cortex.o(i.HAL_NVIC_EnableIRQ) for HAL_NVIC_EnableIRQ
    main.o(i.MX_NVIC_Init) refers to stm32f3xx_hal_cortex.o(i.HAL_NVIC_DisableIRQ) for HAL_NVIC_DisableIRQ
    main.o(i._Error_Handler) refers to stm32f3xx_hal_gpio.o(i.HAL_GPIO_WritePin) for HAL_GPIO_WritePin
    main.o(i._Error_Handler) refers to test.o(.data) for led_blink_time
    main.o(i.main) refers to memseta.o(.text) for __aeabi_memset
    main.o(i.main) refers to stm32f3xx_hal.o(i.HAL_Init) for HAL_Init
    main.o(i.main) refers to clock.o(i.SystemClock_Config) for SystemClock_Config
    main.o(i.main) refers to gpio.o(i.MX_GPIO_Init) for MX_GPIO_Init
    main.o(i.main) refers to sdadc.o(i.MX_SDADC1_Init) for MX_SDADC1_Init
    main.o(i.main) refers to sdadc.o(i.MX_SDADC2_Init) for MX_SDADC2_Init
    main.o(i.main) refers to sdadc.o(i.MX_SDADC3_Init) for MX_SDADC3_Init
    main.o(i.main) refers to comunication.o(i.MX_SPI1_Init) for MX_SPI1_Init
    main.o(i.main) refers to timer.o(i.MX_TIM3_Init) for MX_TIM3_Init
    main.o(i.main) refers to timer.o(i.MX_TIM7_Init) for MX_TIM7_Init
    main.o(i.main) refers to timer.o(i.MX_TIM6_Init) for MX_TIM6_Init
    main.o(i.main) refers to comunication.o(i.MX_USART3_UART_Init) for MX_USART3_UART_Init
    main.o(i.main) refers to usb_device.o(i.MX_USB_DEVICE_Init) for MX_USB_DEVICE_Init
    main.o(i.main) refers to comunication.o(i.USBConnected_Handler) for USBConnected_Handler
[...]
    USBD_FS_SerialStrDescriptor              0x08006661   Thumb Code    32  usbd_desc.o(i.USBD_FS_SerialStrDescriptor)
    USBD_GetString                           0x0800682f   Thumb Code    60  usbd_ctlreq.o(i.USBD_GetString)
    USBD_Init                                0x0800686b   Thumb Code    44  usbd_core.o(i.USBD_Init)
    USBD_LL_ClearStallEP                     0x08006897   Thumb Code    44  usbd_conf.o(i.USBD_LL_ClearStallEP)
    USBD_LL_CloseEP                          0x080068c3   Thumb Code    44  usbd_conf.o(i.USBD_LL_CloseEP)
    USBD_LL_DataInStage                      0x080068ef   Thumb Code   186  usbd_core.o(i.USBD_LL_DataInStage)
    USBD_LL_DataOutStage                     0x080069a9   Thumb Code   108  usbd_core.o(i.USBD_LL_DataOutStage)
    USBD_LL_GetRxDataSize                    0x08006a15   Thumb Code     8  usbd_conf.o(i.USBD_LL_GetRxDataSize)
    USBD_LL_Init                             0x08006a1d   Thumb Code   124  usbd_conf.o(i.USBD_LL_Init)
    USBD_LL_IsStallEP                        0x08006ab5   Thumb Code    32  usbd_conf.o(i.USBD_LL_IsStallEP)
    USBD_LL_OpenEP                           0x08006ad5   Thumb Code    50  usbd_conf.o(i.USBD_LL_OpenEP)
    USBD_LL_PrepareReceive                   0x08006b07   Thumb Code    44  usbd_conf.o(i.USBD_LL_PrepareReceive)
    USBD_LL_Reset                            0x08006b33   Thumb Code    64  usbd_core.o(i.USBD_LL_Reset)
    USBD_LL_Resume                           0x08006b73   Thumb Code    12  usbd_core.o(i.USBD_LL_Resume)
    USBD_LL_SOF                              0x08006b7f   Thumb Code    24  usbd_core.o(i.USBD_LL_SOF)
    USBD_LL_SetSpeed                         0x08006b97   Thumb Code     6  usbd_core.o(i.USBD_LL_SetSpeed)
    USBD_LL_SetUSBAddress                    0x08006b9d   Thumb Code    44  usbd_conf.o(i.USBD_LL_SetUSBAddress)
    USBD_LL_SetupStage                       0x08006bc9   Thumb Code    90  usbd_core.o(i.USBD_LL_SetupStage)
    USBD_LL_StallEP                          0x08006c23   Thumb Code    44  usbd_conf.o(i.USBD_LL_StallEP)
    USBD_LL_Start                            0x08006c4f   Thumb Code    44  usbd_conf.o(i.USBD_LL_Start)
    USBD_LL_Suspend                          0x08006c7b   Thumb Code    16  usbd_core.o(i.USBD_LL_Suspend)
    USBD_LL_Transmit                         0x08006c8b   Thumb Code    44  usbd_conf.o(i.USBD_LL_Transmit)
    USBD_ParseSetupRequest                   0x08006cb7   Thumb Code    40  usbd_ctlreq.o(i.USBD_ParseSetupRequest)
    USBD_RegisterClass                       0x08006cdf   Thumb Code    18  usbd_core.o(i.USBD_RegisterClass)
    USBD_RunTestMode                         0x08006cf1   Thumb Code     4  usbd_core.o(i.USBD_RunTestMode)
    USBD_SetClassConfig                      0x08006d49   Thumb Code    24  usbd_core.o(i.USBD_SetClassConfig)
    USBD_Start                               0x08006e49   Thumb Code    10  usbd_core.o(i.USBD_Start)
    USBD_StdDevReq                           0x08006e53   Thumb Code    74  usbd_ctlreq.o(i.USBD_StdDevReq)
    USBD_StdEPReq                            0x08006e9d   Thumb Code   288  usbd_ctlreq.o(i.USBD_StdEPReq)
    USBD_StdItfReq                           0x08006fbd   Thumb Code    68  usbd_ctlreq.o(i.USBD_StdItfReq)
    USBD_static_free                         0x08007001   Thumb Code     2  usbd_conf.o(i.USBD_static_free)
    USBD_static_malloc                       0x08007005   Thumb Code     4  usbd_conf.o(i.USBD_static_malloc)
    USB_LP_IRQHandler                        0x0800700d   Thumb Code     6  stm32f3xx_it.o(i.USB_LP_IRQHandler)
    USB_Receive_FS                           0x08007019   Thumb Code    12  usb.o(i.USB_Receive_FS)
    UsageFault_Handler                       0x08007025   Thumb Code     2  stm32f3xx_it.o(i.UsageFault_Handler)
    _Error_Handler                           0x08007029   Thumb Code    20  main.o(i._Error_Handler)
    __0snprintf                              0x08007045   Thumb Code    44  printfa.o(i.__0snprintf)
    __1snprintf                              0x08007045   Thumb Code     0  printfa.o(i.__0snprintf)
    __2snprintf                              0x08007045   Thumb Code     0  printfa.o(i.__0snprintf)
    __c89snprintf                            0x08007045   Thumb Code     0  printfa.o(i.__0snprintf)
    snprintf                                 0x08007045   Thumb Code     0  printfa.o(i.__0snprintf)
    __0sprintf                               0x08007075   Thumb Code    34  printfa.o(i.__0sprintf)
    __1sprintf                               0x08007075   Thumb Code     0  printfa.o(i.__0sprintf)
    __2sprintf                               0x08007075   Thumb Code     0  printfa.o(i.__0sprintf)
    __c89sprintf                             0x08007075   Thumb Code     0  printfa.o(i.__0sprintf)
    sprintf                                  0x08007075   Thumb Code     0  printfa.o(i.__0sprintf)
    __aeabi_errno_addr                       0x0800709d   Thumb Code     4  errno.o(i.__aeabi_errno_addr)
    __rt_errno_addr                          0x0800709d   Thumb Code     0  errno.o(i.__aeabi_errno_addr)
    __hardfp_atof                            0x080070a9   Thumb Code    44  atof.o(i.__hardfp_atof)
    __read_errno                             0x080070e1   Thumb Code     6  errno.o(i.__read_errno)
    __scatterload_copy                       0x080070ed   Thumb Code    14  handlers.o(i.__scatterload_copy)
    __scatterload_null                       0x080070fb   Thumb Code     2  handlers.o(i.__scatterload_null)
    __scatterload_zeroinit                   0x080070fd   Thumb Code    14  handlers.o(i.__scatterload_zeroinit)
    __set_errno                              0x0800710d   Thumb Code     6  errno.o(i.__set_errno)
    _is_digit                                0x0800729d   Thumb Code    14  scanf_fp.o(i._is_digit)
    add_command_to_queue                     0x080079fd   Thumb Code   304  serial_com.o(i.add_command_to_queue)
    arm_biquad_cascade_df1_f32               0x08007b3d   Thumb Code   266  arm_biquad_cascade_df1_f32.o(i.arm_biquad_cascade_df1_f32)
    arm_bitreversal_32                       0x08007c47   Thumb Code    90  arm_cfft_f32.o(i.arm_bitreversal_32)
    arm_cfft_f32                             0x08007ca1   Thumb Code   212  arm_cfft_f32.o(i.arm_cfft_f32)
    arm_cfft_radix8by2_f32                   0x08007d75   Thumb Code   456  arm_cfft_f32.o(i.arm_cfft_radix8by2_f32)
    arm_cfft_radix8by4_f32                   0x08007f3d   Thumb Code  1174  arm_cfft_f32.o(i.arm_cfft_radix8by4_f32)
    arm_cmplx_mag_f32                        0x080083d3   Thumb Code   156  arm_cmplx_mag_f32.o(i.arm_cmplx_mag_f32)
    arm_cos_f32                              0x08008471   Thumb Code   114  arm_cos_f32.o(i.arm_cos_f32)
    arm_radix8_butterfly_f32                 0x080084f1   Thumb Code  1478  arm_cfft_radix8_f32.o(i.arm_radix8_butterfly_f32)
    compute_THD_with_FFT                     0x0800a509   Thumb Code   656  do_task.o(i.compute_THD_with_FFT)
    compute_rms                              0x0800a7bd   Thumb Code   802  sdadc.o(i.compute_rms)
    cord_RISO_init                           0x0800ab1d   Thumb Code   142  cord.o(i.cord_RISO_init)
    cord_RISO_onePhaseToPE                   0x0800abb5   Thumb Code  1478  cord.o(i.cord_RISO_onePhaseToPE)
    cord_RISO_phaseToPhase                   0x0800b17d   Thumb Code  1588  cord.o(i.cord_RISO_phaseToPhase)
    cord_RISO_phasesToPE                     0x0800b7c1   Thumb Code   334  cord.o(i.cord_RISO_phasesToPE)
    cord_check_RISO_resistance               0x0800b965   Thumb Code    18  cord.o(i.cord_check_RISO_resistance)
    cord_check_RPE_resistance                0x0800b97d   Thumb Code    18  cord.o(i.cord_check_RPE_resistance)
    cord_continuity_init                     0x0800b995   Thumb Code   154  cord.o(i.cord_continuity_init)
    cord_continuity_test                     0x0800ba3d   Thumb Code  1108  cord.o(i.cord_continuity_test)
    cord_correct_wiring_init                 0x0800be91   Thumb Code   144  cord.o(i.cord_correct_wiring_init)
    cord_global_init_set                     0x0800bf29   Thumb Code   148  cord.o(i.cord_global_init_set)
    cord_meas_correct_wiring                 0x0800bfc9   Thumb Code 14256  cord.o(i.cord_meas_correct_wiring)
    cord_transmittContiunuity                0x0800f7a9   Thumb Code   292  cord.o(i.cord_transmittContiunuity)
    cord_transmittOnePhaseToPE               0x0800f931   Thumb Code   154  cord.o(i.cord_transmittOnePhaseToPE)
    cord_transmittPhaseToPhase               0x0800fa21   Thumb Code   200  cord.o(i.cord_transmittPhaseToPhase)
    cord_transmittPhasesToPE                 0x0800fb4d   Thumb Code    60  cord.o(i.cord_transmittPhasesToPE)
    deinitCord                               0x0800fbb9   Thumb Code    70  cord.o(i.deinitCord)
    deinitMachines                           0x0800fc21   Thumb Code    68  machines.o(i.deinitMachines)
    disable_sinchro_interrupt                0x0800fc85   Thumb Code    18  do_task.o(i.disable_sinchro_interrupt)
    disconnectURESContactors                 0x0800fc97   Thumb Code    30  machines.o(i.disconnectURESContactors)
    disconnect_function                      0x0800fcb5   Thumb Code    92  comunication.o(i.disconnect_function)
    do_events                                0x0800fd15   Thumb Code    42  os.o(i.do_events)
    enable_sinchro_interrupt                 0x0800fd49   Thumb Code    18  do_task.o(i.enable_sinchro_interrupt)
    free                                     0x0800fd5d   Thumb Code    76  malloc.o(i.free)
    free_timer                               0x0800fdad   Thumb Code    36  os.o(i.free_timer)
    get_connected_device                     0x0800fdd5   Thumb Code    72  do_task.o(i.get_connected_device)
    get_inst_value                           0x0800fe21   Thumb Code    84  sdadc.o(i.get_inst_value)
    get_phase_seq                            0x0800fe81   Thumb Code    28  do_task.o(i.get_phase_seq)
    get_value                                0x0800fea5   Thumb Code   112  sdadc.o(i.get_value)
    init_OS                                  0x0800ff49   Thumb Code    66  os.o(i.init_OS)
    init_REL                                 0x0800ff99   Thumb Code    74  rel_driver.o(i.init_REL)
    init_cord                                0x0800ffed   Thumb Code   252  cord.o(i.init_cord)
    init_event_Q                             0x08010125   Thumb Code    18  os.o(i.init_event_Q)
    init_mach                                0x0801013d   Thumb Code   344  machines.o(i.init_mach)
    init_timers                              0x080102cd   Thumb Code    22  os.o(i.init_timers)
    input_START_measure                      0x080102e9   Thumb Code    26  sdadc.o(i.input_START_measure)
    input_STOP_measure                       0x08010309   Thumb Code    38  sdadc.o(i.input_STOP_measure)
    led_blinking_task                        0x08010339   Thumb Code    90  do_task.o(i.led_blinking_task)
    mach_RISO_init                           0x080103a1   Thumb Code   140  machines.o(i.mach_RISO_init)
    mach_RISO_onePhaseToPE                   0x08010435   Thumb Code  1464  machines.o(i.mach_RISO_onePhaseToPE)
    mach_RISO_phasesToPE                     0x080109f5   Thumb Code   334  machines.o(i.mach_RISO_phasesToPE)
    mach_URES                                0x08010b99   Thumb Code   728  machines.o(i.mach_URES)
    mach_URES_Stop                           0x08010e79   Thumb Code   146  machines.o(i.mach_URES_Stop)
    mach_URES_init                           0x08010f2d   Thumb Code   190  machines.o(i.mach_URES_init)
    mach_check_RISO_resistance               0x08010ff9   Thumb Code    18  machines.o(i.mach_check_RISO_resistance)
    mach_transmittOnePhaseToPE               0x08011011   Thumb Code   154  machines.o(i.mach_transmittOnePhaseToPE)
    mach_transmittPhasesToPE                 0x08011101   Thumb Code    60  machines.o(i.mach_transmittPhasesToPE)
    main                                     0x0801116d   Thumb Code   186  main.o(i.main)
    malloc                                   0x08011249   Thumb Code    92  malloc.o(i.malloc)
    numberOfSetBits                          0x080123f5   Thumb Code    44  cord.o(i.numberOfSetBits)
    power_on_test                            0x08012421   Thumb Code   826  do_task.o(i.power_on_test)
    reset_all_REL                            0x0801289d   Thumb Code    52  rel_driver.o(i.reset_all_REL)
    restart_timer                            0x080128d9   Thumb Code    78  os.o(i.restart_timer)
    rst_REL                                  0x0801292d   Thumb Code   932  rel_driver.o(i.rst_REL)
    run_OS                                   0x08012ce1   Thumb Code    10  os.o(i.run_OS)
    send_mains_status                        0x08012d85   Thumb Code   452  do_task.o(i.send_mains_status)
    send_warning_MSG                         0x08013019   Thumb Code   134  comunication.o(i.send_warning_MSG)
    serial_com_deinit                        0x080130e9   Thumb Code   110  serial_com.o(i.serial_com_deinit)
    serial_com_init                          0x08013165   Thumb Code    60  serial_com.o(i.serial_com_init)
    service_timers                           0x080131f1   Thumb Code    64  os.o(i.service_timers)
    setNormal                                0x08013239   Thumb Code   284  com_meas_tasks.o(i.setNormal)
    set_REL                                  0x08013359   Thumb Code   942  rel_driver.o(i.set_REL)
    set_RISO_cord_resistance                 0x08013719   Thumb Code    28  cord.o(i.set_RISO_cord_resistance)
    set_RISO_mach_resistance                 0x08013739   Thumb Code    28  machines.o(i.set_RISO_mach_resistance)
    set_RPE_cord_resistance                  0x08013759   Thumb Code    28  cord.o(i.set_RPE_cord_resistance)
    set_SDADC_zero                           0x08013779   Thumb Code   106  sdadc.o(i.set_SDADC_zero)
    set_event                                0x080137ed   Thumb Code    50  os.o(i.set_event)
    set_phase_num                            0x08013829   Thumb Code    66  cord.o(i.set_phase_num)
    set_phase_num_mach                       0x0801388d   Thumb Code    18  machines.o(i.set_phase_num_mach)
    set_timer                                0x080138a5   Thumb Code    48  os.o(i.set_timer)
    start_measure                            0x080138d9   Thumb Code   192  do_task.o(i.start_measure)
    start_measure_no_THD                     0x080139b9   Thumb Code   146  do_task.o(i.start_measure_no_THD)
    stop_cord                                0x08013a91   Thumb Code    60  cord.o(i.stop_cord)
    stop_mach                                0x08013ae5   Thumb Code    42  machines.o(i.stop_mach)
    stop_measure                             0x08013b29   Thumb Code    72  do_task.o(i.stop_measure)
    tramsmitt_corect_wiring_state            0x08013bc5   Thumb Code  3906  cord.o(i.tramsmitt_corect_wiring_state)
    write_THD                                0x08014db1   Thumb Code    76  sdadc.o(i.write_THD)
    aPLLMULFactorTable                       0x08014e00   Data          16  stm32f3xx_hal_rcc.o(.constdata)
    aPredivFactorTable                       0x08014e10   Data          16  stm32f3xx_hal_rcc.o(.constdata)
    AHBPrescTable                            0x08014e20   Data          16  system_stm32f3xx.o(.constdata)
    APBPrescTable                            0x08014e30   Data           8  system_stm32f3xx.o(.constdata)
    twiddleCoef_1024                         0x08014e38   Data        8192  arm_common_tables.o(.constdata)
    armBitRevIndexTable1024                  0x08016e38   Data        3600  arm_common_tables.o(.constdata)
    sinTable_f32                             0x08017c48   Data        2052  arm_common_tables.o(.constdata)
    arm_cfft_sR_f32_len1024                  0x0801844c   Data          16  arm_const_structs.o(.constdata)
    __ctype_table                            0x08018534   Data         129  ctype_o.o(.constdata)
    Region$$Table$$Base                      0x080185bc   Number         0  anon$$obj.o(Region$$Table)
    Region$$Table$$Limit                     0x080185dc   Number         0  anon$$obj.o(Region$$Table)
    stevec3                                  0x20000018   Data           4  stm32f3xx_it.o(.data)
    global_control                           0x2000001c   Data           4  main.o(.data)
    connection_control                       0x20000020   Data           4  main.o(.data)
    led_blink_time                           0x20000028   Data           4  test.o(.data)
    init_test_counter                        0x2000002c   Data           4  do_task.o(.data)
    meas_task_control                        0x20000030   Data           4  do_task.o(.data)
    calculated_THD                           0x20000040   Data           4  do_task.o(.data)
    set_next_cord_task_case                  0x20000044   Data           1  cord.o(.data)
    manual_set_phase_num                     0x20000045   Data           1  cord.o(.data)
    cord_task_control                        0x20000048   Data           4  cord.o(.data)
    CORD_PHASE_NUM_SETTING                   0x2000005c   Data           4  cord.o(.data)
    start_cord_count                         0x2000006c   Data           4  cord.o(.data)
    cord_continuity_L1_L1_res                0x20000070   Data           4  cord.o(.data)
    cord_continuity_L2_L2_res                0x20000074   Data           4  cord.o(.data)
    cord_continuity_L3_L3_res                0x20000078   Data           4  cord.o(.data)
    cord_continuity_N_N_res                  0x2000007c   Data           4  cord.o(.data)
    cord_continuity_PE_PE_res                0x20000080   Data           4  cord.o(.data)
    cord_err_count                           0x2000008c   Data           4  cord.o(.data)
    current_URES_measurement                 0x20000098   Data           4  machines.o(.data)
    mach_riso_resistance                     0x2000009c   Data           4  machines.o(.data)
    MACH_PHASE_NUM_SETTING                   0x200000a0   Data           4  machines.o(.data)
    mach_RISO_count                          0x200000a4   Data           4  machines.o(.data)
    start_mach_count                         0x200000a8   Data           4  machines.o(.data)
    mach_URES_count                          0x200000ac   Data           4  machines.o(.data)
    mach_task_control                        0x200000b0   Data           4  machines.o(.data)
    mach_insolation_status                   0x200000b4   Data           4  machines.o(.data)
    USBD_CDC_CfgHSDesc                       0x200000d4   Data          67  usbd_cdc.o(.data)
    USBD_CDC_CfgFSDesc                       0x20000118   Data          67  usbd_cdc.o(.data)
    USBD_CDC_OtherSpeedCfgDesc               0x2000015c   Data          67  usbd_cdc.o(.data)
    USBD_CDC                                 0x200001a0   Data          56  usbd_cdc.o(.data)
    uwTick                                   0x200001d8   Data           4  stm32f3xx_hal.o(.data)
    SystemCoreClock                          0x200001dc   Data           4  system_stm32f3xx.o(.data)
    CurrentWorkingOSEvent                    0x200001e0   Data           4  os.o(.data)
    TimerTick                                0x200001e4   Data           4  os.o(.data)
    USBD_Interface_fops_FS                   0x200001e8   Data          16  usbd_cdc_if.o(.data)
    UserRxBufferFS                           0x200001f8   Data           4  usbd_cdc_if.o(.data)
    UserTxBufferFS                           0x200001fc   Data           4  usbd_cdc_if.o(.data)
    FS_Desc                                  0x20000200   Data          28  usbd_desc.o(.data)
    USBD_LangIDDesc                          0x2000021c   Data           4  usbd_desc.o(.data)
    USBD_FS_DeviceDesc                       0x20000220   Data          18  usbd_desc.o(.data)
    meas_control                             0x20000238   Data           4  comunication.o(.data)
    IL1_GAIN                                 0x20000240   Data           1  sdadc.o(.data)
    IL2_GAIN                                 0x20000241   Data           1  sdadc.o(.data)
    IL3_GAIN                                 0x20000242   Data           1  sdadc.o(.data)
    reskrneki                                0x20000244   Data           2  sdadc.o(.data)
    reskrneki2                               0x20000246   Data           2  sdadc.o(.data)
    reskrneki3                               0x20000248   Data           2  sdadc.o(.data)
    compute_control                          0x2000024c   Data           4  sdadc.o(.data)
    compute_control2                         0x20000250   Data           4  sdadc.o(.data)
    il_thd_channel                           0x20000264   Data           4  sdadc.o(.data)
    uln_thd_channel                          0x20000268   Data           4  sdadc.o(.data)
    last_THD_MEASURED                        0x2000026c   Data           4  sdadc.o(.data)
    last_IL_MEASURED                         0x20000270   Data           4  sdadc.o(.data)
    reskrneki4                               0x20000274   Data           4  sdadc.o(.data)
    reskrneki5                               0x20000278   Data           4  sdadc.o(.data)
    reskrneki6                               0x2000027c   Data           4  sdadc.o(.data)
    channel_global                           0x20000280   Data           4  sdadc.o(.data)
    current_THD_sampling                     0x20000284   Data           4  sdadc.o(.data)
    SDADC1_ch_cnt                            0x20000288   Data           4  sdadc.o(.data)
    SDADC2_ch_cnt                            0x2000028c   Data           4  sdadc.o(.data)
    stevec4                                  0x200002b8   Data           4  timer.o(.data)
    testiranje                               0x200002c1   Data           1  rel_driver.o(.data)
    serialComErrorDetected                   0x200002c4   Data           1  serial_com.o(.data)
    transmitter_ID                           0x200002c5   Data           1  serial_com.o(.data)
    reciever_ID                              0x200002c6   Data           1  serial_com.o(.data)
    event_status                             0x200002c8   Data           1  serial_com.o(.data)
    synchronus_error_count                   0x200002cc   Data           4  serial_com.o(.data)
    serialComErrorTimeout                    0x200002d0   Data           4  serial_com.o(.data)
    write_count                              0x200002d4   Data           4  serial_com.o(.data)
    read_count                               0x200002d8   Data           4  serial_com.o(.data)
    write_out_count                          0x200002dc   Data           4  serial_com.o(.data)
    read_out_count                           0x200002e0   Data           4  serial_com.o(.data)
    indikator1                               0x200002f8   Data           4  serial_com.o(.data)
    indikator2                               0x200002fc   Data           4  serial_com.o(.data)
    indikator3                               0x20000300   Data           4  serial_com.o(.data)
    indikator4                               0x20000304   Data           4  serial_com.o(.data)
    indikator5                               0x20000308   Data           4  serial_com.o(.data)
    ID                                       0x2000030c   Data           4  serial_com.o(.data)
    __microlib_freelist                      0x20000328   Data           4  mvars.o(.data)
    __microlib_freelist_initialised          0x2000032c   Data           4  mvars.o(.data)
    FFT_output                               0x20000330   Data        4096  do_task.o(.bss)
    THD_temp_buffer                          0x20001330   Data         160  do_task.o(.bss)
    event_Q                                  0x200013d0   Data         240  os.o(.bss)
    ms100_timer                              0x200014c0   Data         360  os.o(.bss)
    hpcd_USB_FS                              0x20001848   Data         936  usbd_conf.o(.bss)
    hUsbDeviceFS                             0x20001bf0   Data         548  usb_device.o(.bss)
    USBD_StrDesc                             0x20001e14   Data         512  usbd_desc.o(.bss)
    hspi1                                    0x20002014   Data         100  comunication.o(.bss)
    huart3                                   0x20002078   Data         112  comunication.o(.bss)
    hsdadc1                                  0x200020e8   Data          68  sdadc.o(.bss)
    hsdadc2                                  0x2000212c   Data          68  sdadc.o(.bss)
    hsdadc3                                  0x20002170   Data          68  sdadc.o(.bss)
    SDADC1_CH1s                              0x200021b4   Data          40  sdadc.o(.bss)
    SDADC1_CH2s                              0x200021dc   Data          40  sdadc.o(.bss)
    SDADC1_CH3s                              0x20002204   Data          40  sdadc.o(.bss)
    SDADC2_CH1s                              0x2000222c   Data          40  sdadc.o(.bss)
    SDADC2_CH2s                              0x20002254   Data          40  sdadc.o(.bss)
    SDADC2_CH3s                              0x2000227c   Data          40  sdadc.o(.bss)
    SDADC3_CH1s                              0x200022a4   Data          40  sdadc.o(.bss)
    SDADC3_CH2s                              0x200022cc   Data          40  sdadc.o(.bss)
    SDADC3_CH3s                              0x200022f4   Data          40  sdadc.o(.bss)
    IDIFF                                    0x2000231c   Data          16  sdadc.o(.bss)
    UL1PE                                    0x2000232c   Data          16  sdadc.o(.bss)
    UNPE                                     0x2000233c   Data          16  sdadc.o(.bss)
    IL1                                      0x2000234c   Data          16  sdadc.o(.bss)
    IL2                                      0x2000235c   Data          16  sdadc.o(.bss)
    IL3                                      0x2000236c   Data          16  sdadc.o(.bss)
    ULN1                                     0x2000237c   Data          16  sdadc.o(.bss)
    ULN2                                     0x2000238c   Data          16  sdadc.o(.bss)
    ULN3                                     0x2000239c   Data          16  sdadc.o(.bss)
    PHASE1                                   0x200023ac   Data          16  sdadc.o(.bss)
    PHASE2                                   0x200023bc   Data          16  sdadc.o(.bss)
    PHASE3                                   0x200023cc   Data          16  sdadc.o(.bss)
    krneki                                   0x200023dc   Data        4500  sdadc.o(.bss)
    THD_buffer1                              0x20003570   Data        8192  sdadc.o(.bss)
    htim3                                    0x20005690   Data          64  timer.o(.bss)
    htim7                                    0x200056d0   Data          64  timer.o(.bss)
    htim6                                    0x20005710   Data          64  timer.o(.bss)
    SERIAL_in_queue_buffer                   0x2000575c   Data        1040  serial_com.o(.bss)
    htim2                                    0x20005c6c   Data          64  serial_com.o(.bss)
    Transmit_handle_buff                     0x20005cac   Data         320  serial_com.o(.bss)
    Transmit_out_buff                        0x20005dec   Data         120  serial_com.o(.bss)
    additionalCode                           0x20005f9a   Data        1000  serial_com.o(.bss)
    delimiterArray                           0x20006384   Data          32  serial_com.o(.bss)
    __heap_base                              0x200063a8   Data           0  startup_stm32f373xc.o(HEAP)
    __heap_limit                             0x20006ba8   Data           0  startup_stm32f373xc.o(HEAP)
    __initial_sp                             0x200071a8   Data           0  startup_stm32f373xc.o(STACK)



==============================================================================

Memory Map of the image

  Image Entry point : 0x08000189

  Load Region LR_IROM1 (Base: 0x08000000, Size: 0x0001890c, Max: 0x00040000, ABSOLUTE, COMPRESSED[0x000186dc])

    Execution Region ER_IROM1 (Exec base: 0x08000000, Load base: 0x08000000, Size: 0x000185dc, Max: 0x00040000, ABSOLUTE)

    Exec Addr    Load Addr    Size         Type   Attr      Idx    E Section Name        Object

    0x08000000   0x08000000   0x00000188   Data   RO         5649    RESET               startup_stm32f373xc.o
    0x08000188   0x08000188   0x00000000   Code   RO         6892  * .ARM.Collect$$$$00000000  mc_w.l(entry.o)
    0x08000188   0x08000188   0x00000004   Code   RO         7245    .ARM.Collect$$$$00000001  mc_w.l(entry2.o)
    0x0800018c   0x0800018c   0x00000004   Code   RO         7248    .ARM.Collect$$$$00000004  mc_w.l(entry5.o)
    0x08000190   0x08000190   0x00000000   Code   RO         7250    .ARM.Collect$$$$00000008  mc_w.l(entry7b.o)
    0x08000190   0x08000190   0x00000000   Code   RO         7252    .ARM.Collect$$$$0000000A  mc_w.l(entry8b.o)
    0x08000190   0x08000190   0x00000008   Code   RO         7253    .ARM.Collect$$$$0000000B  mc_w.l(entry9a.o)
    0x08000198   0x08000198   0x00000000   Code   RO         7255    .ARM.Collect$$$$0000000D  mc_w.l(entry10a.o)
    0x08000198   0x08000198   0x00000000   Code   RO         7257    .ARM.Collect$$$$0000000F  mc_w.l(entry11a.o)
    0x08000198   0x08000198   0x00000004   Code   RO         7246    .ARM.Collect$$$$00002712  mc_w.l(entry2.o)
    0x0800019c   0x0800019c   0x00000024   Code   RO         5650    .text               startup_stm32f373xc.o
    0x080001c0   0x080001c0   0x00000020   Code   RO         6895    .text               mc_w.l(llushr.o)
    0x080001e0   0x080001e0   0x00000008   Code   RO         6897    .text               mc_w.l(ctype_o.o)
    0x080001e8   0x080001e8   0x00000012   Code   RO         6919    .text               mc_w.l(isspace_o.o)
    0x080001fa   0x080001fa   0x00000024   Code   RO         6925    .text               mc_w.l(memcpya.o)
    0x0800021e   0x0800021e   0x00000024   Code   RO         6927    .text               mc_w.l(memseta.o)
    0x08000242   0x08000242   0x00000018   Code   RO         6929    .text               mc_w.l(strcat.o)
    0x0800025a   0x0800025a   0x0000000e   Code   RO         6931    .text               mc_w.l(strlen.o)
    0x08000268   0x08000268   0x0000001c   Code   RO         6933    .text               mc_w.l(strcmp.o)
    0x08000284   0x08000284   0x00000012   Code   RO         6935    .text               mc_w.l(strcpy.o)
    0x08000296   0x08000296   0x00000020   Code   RO         6937    .text               mc_w.l(strpbrk.o)
    0x080002b6   0x080002b6   0x00000070   Code   RO         7237    .text               mc_w.l(strtol.o)
    0x08000326   0x08000326   0x0000001a   Code   RO         7239    .text               mc_w.l(atoi.o)
    0x08000340   0x08000340   0x00000026   Code   RO         7241    .text               mf_w.l(f2d.o)
    0x08000366   0x08000366   0x00000038   Code   RO         7243    .text               mf_w.l(d2f.o)
    0x0800039e   0x0800039e   0x0000002c   Code   RO         7262    .text               mc_w.l(uidiv.o)
    0x080003ca   0x080003ca   0x00000062   Code   RO         7264    .text               mc_w.l(uldiv.o)
    0x0800042c   0x0800042c   0x0000009e   Code   RO         7268    .text               mc_w.l(_strtoul.o)
    0x080004ca   0x080004ca   0x00000002   PAD
    0x080004cc   0x080004cc   0x0000009c   Code   RO         7270    .text               mc_w.l(strtod.o)
    0x08000568   0x08000568   0x00000000   Code   RO         7272    .text               mc_w.l(iusefp.o)
    0x08000568   0x08000568   0x0000006e   Code   RO         7273    .text               mf_w.l(fepilogue.o)
    0x080005d6   0x080005d6   0x0000014e   Code   RO         7275    .text               mf_w.l(dadd.o)
    0x08000724   0x08000724   0x000000e4   Code   RO         7277    .text               mf_w.l(dmul.o)
    0x08000808   0x08000808   0x000000de   Code   RO         7279    .text               mf_w.l(ddiv.o)
    0x080008e6   0x080008e6   0x00000030   Code   RO         7281    .text               mf_w.l(dfixul.o)
    0x08000916   0x08000916   0x00000002   PAD
    0x08000918   0x08000918   0x00000030   Code   RO         7283    .text               mf_w.l(cdrcmple.o)
    0x08000948   0x08000948   0x00000024   Code   RO         7285    .text               mc_w.l(init.o)
    0x0800096c   0x0800096c   0x0000001e   Code   RO         7288    .text               mc_w.l(llshl.o)
    0x0800098a   0x0800098a   0x00000024   Code   RO         7290    .text               mc_w.l(llsshr.o)
    0x080009ae   0x080009ae   0x0000001c   Code   RO         7294    .text               mc_w.l(_chval.o)
    0x080009ca   0x080009ca   0x00000002   PAD
    0x080009cc   0x080009cc   0x00000360   Code   RO         7296    .text               mc_w.l(scanf_fp.o)
    0x08000d2c   0x08000d2c   0x00000040   Code   RO         7300    .text               mc_w.l(_sgetc.o)
    0x08000d6c   0x08000d6c   0x000000ba   Code   RO         7303    .text               mf_w.l(depilogue.o)
    0x08000e26   0x08000e26   0x00000018   Code   RO         7308    .text               mf_w.l(dfltul.o)
    0x08000e3e   0x08000e3e   0x00000056   Code   RO         7318    .text               mc_w.l(__dczerorl2.o)
    0x08000e94   0x08000e94   0x00000002   Code   RO            4    i.BusFault_Handler  stm32f3xx_it.o
    0x08000e96   0x08000e96   0x00000008   Code   RO         5757    i.CDC_Control_FS    usbd_cdc_if.o
    0x08000e9e   0x08000e9e   0x00000004   Code   RO         5758    i.CDC_DeInit_FS     usbd_cdc_if.o
    0x08000ea2   0x08000ea2   0x00000002   PAD
    0x08000ea4   0x08000ea4   0x00000024   Code   RO         5759    i.CDC_Init_FS       usbd_cdc_if.o
    0x08000ec8   0x08000ec8   0x00000030   Code   RO         5760    i.CDC_Receive_FS    usbd_cdc_if.o
    0x08000ef8   0x08000ef8   0x0000002c   Code   RO         5761    i.CDC_Transmit_FS   usbd_cdc_if.o
    0x08000f24   0x08000f24   0x00000088   Code   RO         6668    i.CalculateCRC      serial_com.o
    0x08000fac   0x08000fac   0x0000001e   Code   RO         6669    i.CheckCRC          serial_com.o
    0x08000fca   0x08000fca   0x00000002   PAD
    0x08000fcc   0x08000fcc   0x00000084   Code   RO         6671    i.ConstructProtocolString  serial_com.o
    0x08001050   0x08001050   0x0000003c   Code   RO         6672    i.CreateCommandInstance  serial_com.o
    0x0800108c   0x0800108c   0x00000002   Code   RO            5    i.DebugMon_Handler  stm32f3xx_it.o
    0x0800108e   0x0800108e   0x00000012   Code   RO            6    i.EXTI15_10_IRQHandler  stm32f3xx_it.o
    0x080010a0   0x080010a0   0x00000338   Code   RO            7    i.EXTI9_5_IRQHandler  stm32f3xx_it.o
    0x080013d8   0x080013d8   0x000000ac   Code   RO         6673    i.FindAllAdditionalCmdParameters  serial_com.o
    0x08001484   0x08001484   0x0000000c   Code   RO         6674    i.GetID             serial_com.o
    0x08001490   0x08001490   0x00000016   Code   RO         1496    i.HAL_Delay         stm32f3xx_hal.o
    0x080014a6   0x080014a6   0x00000002   PAD
    0x080014a8   0x080014a8   0x000000fc   Code   RO         1381    i.HAL_GPIO_DeInit   stm32f3xx_hal_gpio.o
    0x080015a4   0x080015a4   0x00000002   Code   RO         1382    i.HAL_GPIO_EXTI_Callback  stm32f3xx_hal_gpio.o
    0x080015a6   0x080015a6   0x00000002   PAD
    0x080015a8   0x080015a8   0x00000018   Code   RO         1383    i.HAL_GPIO_EXTI_IRQHandler  stm32f3xx_hal_gpio.o
    0x080015c0   0x080015c0   0x00000194   Code   RO         1384    i.HAL_GPIO_Init     stm32f3xx_hal_gpio.o
    0x08001754   0x08001754   0x0000000e   Code   RO         1386    i.HAL_GPIO_ReadPin  stm32f3xx_hal_gpio.o
    0x08001762   0x08001762   0x00000008   Code   RO         1387    i.HAL_GPIO_TogglePin  stm32f3xx_hal_gpio.o
    0x0800176a   0x0800176a   0x0000000c   Code   RO         1388    i.HAL_GPIO_WritePin  stm32f3xx_hal_gpio.o
    0x08001776   0x08001776   0x00000002   PAD
    0x08001778   0x08001778   0x0000000c   Code   RO         1500    i.HAL_GetTick       stm32f3xx_hal.o
    0x08001784   0x08001784   0x00000010   Code   RO         1501    i.HAL_IncTick       stm32f3xx_hal.o
    0x08001794   0x08001794   0x00000024   Code   RO         1502    i.HAL_Init          stm32f3xx_hal.o
    0x080017b8   0x080017b8   0x00000028   Code   RO         1503    i.HAL_InitTick      stm32f3xx_hal.o
    0x080017e0   0x080017e0   0x00000070   Code   RO         6018    i.HAL_MspInit       stm32f3xx_hal_msp.o
    0x08001850   0x08001850   0x00000016   Code   RO         3153    i.HAL_NVIC_DisableIRQ  stm32f3xx_hal_cortex.o
    0x08001866   0x08001866   0x00000016   Code   RO         3154    i.HAL_NVIC_EnableIRQ  stm32f3xx_hal_cortex.o
    0x0800187c   0x0800187c   0x00000040   Code   RO         3160    i.HAL_NVIC_SetPriority  stm32f3xx_hal_cortex.o
    0x080018bc   0x080018bc   0x00000024   Code   RO         3161    i.HAL_NVIC_SetPriorityGrouping  stm32f3xx_hal_cortex.o
    0x080018e0   0x080018e0   0x0000003c   Code   RO         1447    i.HAL_PCDEx_PMAConfig  stm32f3xx_hal_pcd_ex.o
    0x0800191c   0x0800191c   0x00000002   Code   RO         5811    i.HAL_PCDEx_SetConnectionState  usbd_conf.o
    0x0800191e   0x0800191e   0x00000012   Code   RO         5813    i.HAL_PCD_DataInStageCallback  usbd_conf.o
    0x08001930   0x08001930   0x00000014   Code   RO         5814    i.HAL_PCD_DataOutStageCallback  usbd_conf.o
    0x08001944   0x08001944   0x0000017e   Code   RO         1960    i.HAL_PCD_EP_Close  stm32f3xx_hal_pcd.o
    0x08001ac2   0x08001ac2   0x000000c0   Code   RO         1961    i.HAL_PCD_EP_ClrStall  stm32f3xx_hal_pcd.o
    0x08001b82   0x08001b82   0x00000014   Code   RO         1963    i.HAL_PCD_EP_GetRxCount  stm32f3xx_hal_pcd.o
    0x08001b96   0x08001b96   0x00000304   Code   RO         1964    i.HAL_PCD_EP_Open   stm32f3xx_hal_pcd.o
    0x08001e9a   0x08001e9a   0x00000128   Code   RO         1965    i.HAL_PCD_EP_Receive  stm32f3xx_hal_pcd.o
    0x08001fc2   0x08001fc2   0x00000094   Code   RO         1966    i.HAL_PCD_EP_SetStall  stm32f3xx_hal_pcd.o
    0x08002056   0x08002056   0x000000ea   Code   RO         1967    i.HAL_PCD_EP_Transmit  stm32f3xx_hal_pcd.o
    0x08002140   0x08002140   0x000000fc   Code   RO         1969    i.HAL_PCD_IRQHandler  stm32f3xx_hal_pcd.o
    0x0800223c   0x0800223c   0x0000009c   Code   RO         1972    i.HAL_PCD_Init      stm32f3xx_hal_pcd.o
    0x080022d8   0x080022d8   0x0000005c   Code   RO         5819    i.HAL_PCD_MspInit   usbd_conf.o
    0x08002334   0x08002334   0x0000001a   Code   RO         5820    i.HAL_PCD_ResetCallback  usbd_conf.o
    0x0800234e   0x0800234e   0x00000008   Code   RO         5821    i.HAL_PCD_ResumeCallback  usbd_conf.o
    0x08002356   0x08002356   0x00000008   Code   RO         5822    i.HAL_PCD_SOFCallback  usbd_conf.o
    0x0800235e   0x0800235e   0x0000002c   Code   RO         1978    i.HAL_PCD_SetAddress  stm32f3xx_hal_pcd.o
    0x0800238a   0x0800238a   0x0000000e   Code   RO         5823    i.HAL_PCD_SetupStageCallback  usbd_conf.o
    0x08002398   0x08002398   0x0000000c   Code   RO         1980    i.HAL_PCD_Start     stm32f3xx_hal_pcd.o
    0x080023a4   0x080023a4   0x00000024   Code   RO         5824    i.HAL_PCD_SuspendCallback  usbd_conf.o
    0x080023c8   0x080023c8   0x00000028   Code   RO         2583    i.HAL_PWREx_EnableSDADC  stm32f3xx_hal_pwr_ex.o
    0x080023f0   0x080023f0   0x000001d0   Code   RO         3110    i.HAL_RCCEx_PeriphCLKConfig  stm32f3xx_hal_rcc_ex.o
    0x080025c0   0x080025c0   0x000001e0   Code   RO         2257    i.HAL_RCC_ClockConfig  stm32f3xx_hal_rcc.o
    0x080027a0   0x080027a0   0x0000000c   Code   RO         2262    i.HAL_RCC_GetHCLKFreq  stm32f3xx_hal_rcc.o
    0x080027ac   0x080027ac   0x0000002c   Code   RO         2264    i.HAL_RCC_GetPCLK1Freq  stm32f3xx_hal_rcc.o
    0x080027d8   0x080027d8   0x0000002c   Code   RO         2265    i.HAL_RCC_GetPCLK2Freq  stm32f3xx_hal_rcc.o
    0x08002804   0x08002804   0x0000006c   Code   RO         2266    i.HAL_RCC_GetSysClockFreq  stm32f3xx_hal_rcc.o
    0x08002870   0x08002870   0x000005fc   Code   RO         2269    i.HAL_RCC_OscConfig  stm32f3xx_hal_rcc.o
    0x08002e6c   0x08002e6c   0x00000094   Code   RO         4477    i.HAL_RS485Ex_Init  stm32f3xx_hal_uart_ex.o
    0x08002f00   0x08002f00   0x00000060   Code   RO         4110    i.HAL_SDADC_AssociateChannelConfig  stm32f3xx_hal_sdadc.o
    0x08002f60   0x08002f60   0x00000002   Code   RO         4111    i.HAL_SDADC_CalibrationCpltCallback  stm32f3xx_hal_sdadc.o
    0x08002f62   0x08002f62   0x00000052   Code   RO         4112    i.HAL_SDADC_CalibrationStart  stm32f3xx_hal_sdadc.o
    0x08002fb4   0x08002fb4   0x00000002   Code   RO         4115    i.HAL_SDADC_ConvCpltCallback  stm32f3xx_hal_sdadc.o
    0x08002fb6   0x08002fb6   0x00000002   Code   RO         4118    i.HAL_SDADC_ErrorCallback  stm32f3xx_hal_sdadc.o
    0x08002fb8   0x08002fb8   0x000000fe   Code   RO         4122    i.HAL_SDADC_IRQHandler  stm32f3xx_hal_sdadc.o
    0x080030b6   0x080030b6   0x00000002   PAD
    0x080030b8   0x080030b8   0x0000009c   Code   RO         4123    i.HAL_SDADC_Init    stm32f3xx_hal_sdadc.o
    0x08003154   0x08003154   0x00000044   Code   RO         4124    i.HAL_SDADC_InjectedConfigChannel  stm32f3xx_hal_sdadc.o
    0x08003198   0x08003198   0x00000002   Code   RO         4125    i.HAL_SDADC_InjectedConvCpltCallback  stm32f3xx_hal_sdadc.o
    0x0800319a   0x0800319a   0x0000000e   Code   RO         4127    i.HAL_SDADC_InjectedGetValue  stm32f3xx_hal_sdadc.o
    0x080031a8   0x080031a8   0x00000030   Code   RO         4128    i.HAL_SDADC_InjectedMultiModeConfigChannel  stm32f3xx_hal_sdadc.o
    0x080031d8   0x080031d8   0x00000010   Code   RO         4129    i.HAL_SDADC_InjectedMultiModeGetValue  stm32f3xx_hal_sdadc.o
    0x080031e8   0x080031e8   0x00000014   Code   RO         4132    i.HAL_SDADC_InjectedStart  stm32f3xx_hal_sdadc.o
    0x080031fc   0x080031fc   0x0000001e   Code   RO         4134    i.HAL_SDADC_InjectedStart_IT  stm32f3xx_hal_sdadc.o
    0x0800321a   0x0800321a   0x00000014   Code   RO         4135    i.HAL_SDADC_InjectedStop  stm32f3xx_hal_sdadc.o
    0x0800322e   0x0800322e   0x0000001e   Code   RO         4137    i.HAL_SDADC_InjectedStop_IT  stm32f3xx_hal_sdadc.o
    0x0800324c   0x0800324c   0x00000100   Code   RO         6020    i.HAL_SDADC_MspInit  stm32f3xx_hal_msp.o
    0x0800334c   0x0800334c   0x00000030   Code   RO         4140    i.HAL_SDADC_MultiModeConfigChannel  stm32f3xx_hal_sdadc.o
    0x0800337c   0x0800337c   0x0000004a   Code   RO         4144    i.HAL_SDADC_PollForCalibEvent  stm32f3xx_hal_sdadc.o
    0x080033c6   0x080033c6   0x00000050   Code   RO         4147    i.HAL_SDADC_PrepareChannelConfig  stm32f3xx_hal_sdadc.o
    0x08003416   0x08003416   0x00000042   Code   RO         4148    i.HAL_SDADC_SelectInjectedDelay  stm32f3xx_hal_sdadc.o
    0x08003458   0x08003458   0x00000034   Code   RO         4150    i.HAL_SDADC_SelectInjectedTrigger  stm32f3xx_hal_sdadc.o
    0x0800348c   0x0800348c   0x00000034   Code   RO         4151    i.HAL_SDADC_SelectRegularTrigger  stm32f3xx_hal_sdadc.o
    0x080034c0   0x080034c0   0x00000006   Code   RO         1633    i.HAL_SPI_GetState  stm32f3xx_hal_spi.o
    0x080034c6   0x080034c6   0x000000b8   Code   RO         1635    i.HAL_SPI_Init      stm32f3xx_hal_spi.o
    0x0800357e   0x0800357e   0x00000002   PAD
    0x08003580   0x08003580   0x0000004c   Code   RO         6022    i.HAL_SPI_MspInit   stm32f3xx_hal_msp.o
    0x080035cc   0x080035cc   0x0000018a   Code   RO         1643    i.HAL_SPI_Transmit  stm32f3xx_hal_spi.o
    0x08003756   0x08003756   0x0000001c   Code   RO         3163    i.HAL_SYSTICK_CLKSourceConfig  stm32f3xx_hal_cortex.o
    0x08003772   0x08003772   0x00000002   Code   RO         3164    i.HAL_SYSTICK_Callback  stm32f3xx_hal_cortex.o
    0x08003774   0x08003774   0x00000028   Code   RO         3165    i.HAL_SYSTICK_Config  stm32f3xx_hal_cortex.o
    0x0800379c   0x0800379c   0x00000008   Code   RO         3166    i.HAL_SYSTICK_IRQHandler  stm32f3xx_hal_cortex.o
    0x080037a4   0x080037a4   0x00000002   Code   RO         2361    i.HAL_TIMEx_BreakCallback  stm32f3xx_hal_tim_ex.o
    0x080037a6   0x080037a6   0x00000002   Code   RO         2362    i.HAL_TIMEx_CommutationCallback  stm32f3xx_hal_tim_ex.o
    0x080037a8   0x080037a8   0x00000050   Code   RO         2375    i.HAL_TIMEx_MasterConfigSynchronization  stm32f3xx_hal_tim_ex.o
    0x080037f8   0x080037f8   0x00000036   Code   RO         3284    i.HAL_TIM_Base_DeInit  stm32f3xx_hal_tim.o
    0x0800382e   0x0800382e   0x00000038   Code   RO         3286    i.HAL_TIM_Base_Init  stm32f3xx_hal_tim.o
    0x08003866   0x08003866   0x00000002   PAD
    0x08003868   0x08003868   0x00000078   Code   RO         6023    i.HAL_TIM_Base_MspDeInit  stm32f3xx_hal_msp.o
    0x080038e0   0x080038e0   0x00000080   Code   RO         6024    i.HAL_TIM_Base_MspInit  stm32f3xx_hal_msp.o
    0x08003960   0x08003960   0x0000001a   Code   RO         3289    i.HAL_TIM_Base_Start  stm32f3xx_hal_tim.o
    0x0800397a   0x0800397a   0x00000018   Code   RO         3291    i.HAL_TIM_Base_Start_IT  stm32f3xx_hal_tim.o
    0x08003992   0x08003992   0x0000002c   Code   RO         3292    i.HAL_TIM_Base_Stop  stm32f3xx_hal_tim.o
    0x080039be   0x080039be   0x0000002a   Code   RO         3294    i.HAL_TIM_Base_Stop_IT  stm32f3xx_hal_tim.o
    0x080039e8   0x080039e8   0x0000010e   Code   RO         3295    i.HAL_TIM_ConfigClockSource  stm32f3xx_hal_tim.o
    0x08003af6   0x08003af6   0x00000002   Code   RO         3315    i.HAL_TIM_IC_CaptureCallback  stm32f3xx_hal_tim.o
    0x08003af8   0x08003af8   0x000000bc   Code   RO         3316    i.HAL_TIM_IC_ConfigChannel  stm32f3xx_hal_tim.o
    0x08003bb4   0x08003bb4   0x00000038   Code   RO         3319    i.HAL_TIM_IC_Init   stm32f3xx_hal_tim.o
    0x08003bec   0x08003bec   0x00000002   Code   RO         3321    i.HAL_TIM_IC_MspInit  stm32f3xx_hal_tim.o
    0x08003bee   0x08003bee   0x00000054   Code   RO         3324    i.HAL_TIM_IC_Start_IT  stm32f3xx_hal_tim.o
    0x08003c42   0x08003c42   0x0000016e   Code   RO         3328    i.HAL_TIM_IRQHandler  stm32f3xx_hal_tim.o
    0x08003db0   0x08003db0   0x00000002   Code   RO         3331    i.HAL_TIM_OC_DelayElapsedCallback  stm32f3xx_hal_tim.o
    0x08003db2   0x08003db2   0x00000002   Code   RO         3358    i.HAL_TIM_PWM_PulseFinishedCallback  stm32f3xx_hal_tim.o
    0x08003db4   0x08003db4   0x00000002   Code   RO         3365    i.HAL_TIM_PeriodElapsedCallback  stm32f3xx_hal_tim.o
    0x08003db6   0x08003db6   0x00000002   Code   RO         3369    i.HAL_TIM_TriggerCallback  stm32f3xx_hal_tim.o
    0x08003db8   0x08003db8   0x00000064   Code   RO         6026    i.HAL_UART_MspInit  stm32f3xx_hal_msp.o
    0x08003e1c   0x08003e1c   0x00000002   Code   RO            8    i.HardFault_Handler  stm32f3xx_it.o
    0x08003e1e   0x08003e1e   0x00000002   PAD
    0x08003e20   0x08003e20   0x0000017c   Code   RO         6316    i.IL_auto_gain      sdadc.o
    0x08003f9c   0x08003f9c   0x00000080   Code   RO         6317    i.IL_setGain        sdadc.o
    0x0800401c   0x0800401c   0x00000030   Code   RO          397    i.Led_flash_task    test.o
    0x0800404c   0x0800404c   0x00000140   Code   RO         6292    i.MX_GPIO_Init      gpio.o
    0x0800418c   0x0800418c   0x00000064   Code   RO          333    i.MX_NVIC_Init      main.o
    0x080041f0   0x080041f0   0x00000144   Code   RO         6318    i.MX_SDADC1_Init    sdadc.o
    0x08004334   0x08004334   0x00000100   Code   RO         6319    i.MX_SDADC2_Init    sdadc.o
    0x08004434   0x08004434   0x000000fc   Code   RO         6320    i.MX_SDADC3_Init    sdadc.o
    0x08004530   0x08004530   0x0000006c   Code   RO         6212    i.MX_SPI1_Init      comunication.o
    0x0800459c   0x0800459c   0x000000bc   Code   RO         6527    i.MX_TIM3_Init      timer.o
    0x08004658   0x08004658   0x0000005c   Code   RO         6528    i.MX_TIM6_Init      timer.o
    0x080046b4   0x080046b4   0x00000064   Code   RO         6529    i.MX_TIM7_Init      timer.o
    0x08004718   0x08004718   0x00000060   Code   RO         6213    i.MX_USART3_UART_Init  comunication.o
    0x08004778   0x08004778   0x00000050   Code   RO         6090    i.MX_USB_DEVICE_Init  usb_device.o
    0x080047c8   0x080047c8   0x00000114   Code   RO          743    i.MachinesInit      machines.o
    0x080048dc   0x080048dc   0x00000050   Code   RO          744    i.MachinesRPEStart  machines.o
    0x0800492c   0x0800492c   0x00000054   Code   RO          745    i.MachinesRPEStop   machines.o
    0x08004980   0x08004980   0x00000002   Code   RO            9    i.MemManage_Handler  stm32f3xx_it.o
    0x08004982   0x08004982   0x00000002   Code   RO           10    i.NMI_Handler       stm32f3xx_it.o
    0x08004984   0x08004984   0x00000020   Code   RO         3167    i.NVIC_SetPriority  stm32f3xx_hal_cortex.o
    0x080049a4   0x080049a4   0x00000370   Code   RO         1983    i.PCD_EP_ISR_Handler  stm32f3xx_hal_pcd.o
    0x08004d14   0x08004d14   0x0000002c   Code   RO         1449    i.PCD_ReadPMA       stm32f3xx_hal_pcd_ex.o
    0x08004d40   0x08004d40   0x00000028   Code   RO         1450    i.PCD_WritePMA      stm32f3xx_hal_pcd_ex.o
    0x08004d68   0x08004d68   0x00000198   Code   RO         6675    i.ParseMessage      serial_com.o
    0x08004f00   0x08004f00   0x00000002   Code   RO           11    i.PendSV_Handler    stm32f3xx_it.o
    0x08004f02   0x08004f02   0x00000002   PAD
    0x08004f04   0x08004f04   0x0000004c   Code   RO         6321    i.SDADC1_Handler    sdadc.o
    0x08004f50   0x08004f50   0x00000014   Code   RO           12    i.SDADC1_IRQHandler  stm32f3xx_it.o
    0x08004f64   0x08004f64   0x00000002   Code   RO         6325    i.SDADC2_Handler    sdadc.o
    0x08004f66   0x08004f66   0x00000002   PAD
    0x08004f68   0x08004f68   0x00000014   Code   RO           13    i.SDADC2_IRQHandler  stm32f3xx_it.o
    0x08004f7c   0x08004f7c   0x00000030   Code   RO         6329    i.SDADC3_Handler    sdadc.o
    0x08004fac   0x08004fac   0x00000014   Code   RO           14    i.SDADC3_IRQHandler  stm32f3xx_it.o
    0x08004fc0   0x08004fc0   0x00000030   Code   RO         4163    i.SDADC_EnterInitMode  stm32f3xx_hal_sdadc.o
    0x08004ff0   0x08004ff0   0x0000000c   Code   RO         4164    i.SDADC_ExitInitMode  stm32f3xx_hal_sdadc.o
    0x08004ffc   0x08004ffc   0x00000018   Code   RO         4165    i.SDADC_GetInjChannelsNbr  stm32f3xx_hal_sdadc.o
    0x08005014   0x08005014   0x0000006a   Code   RO         4166    i.SDADC_InjConvStart  stm32f3xx_hal_sdadc.o
    0x0800507e   0x0800507e   0x000000a8   Code   RO         4167    i.SDADC_InjConvStop  stm32f3xx_hal_sdadc.o
    0x08005126   0x08005126   0x00000002   PAD
    0x08005128   0x08005128   0x00000010   Code   RO         6214    i.SPI1_Send_data    comunication.o
    0x08005138   0x08005138   0x00000046   Code   RO         1673    i.SPI_EndRxTxTransaction  stm32f3xx_hal_spi.o
    0x0800517e   0x0800517e   0x0000009a   Code   RO         1678    i.SPI_WaitFifoStateUntilTimeout  stm32f3xx_hal_spi.o
    0x08005218   0x08005218   0x00000092   Code   RO         1679    i.SPI_WaitFlagStateUntilTimeout  stm32f3xx_hal_spi.o
    0x080052aa   0x080052aa   0x00000002   Code   RO           15    i.SVC_Handler       stm32f3xx_it.o
    0x080052ac   0x080052ac   0x00000060   Code   RO         6676    i.SendComMessage    serial_com.o
    0x0800530c   0x0800530c   0x00000030   Code   RO         6677    i.SendConstructedProtocolMessage  serial_com.o
    0x0800533c   0x0800533c   0x00000030   Code   RO         6678    i.SendTimerDeInit   serial_com.o
    0x0800536c   0x0800536c   0x00000068   Code   RO         6679    i.SendTimerInit     serial_com.o
    0x080053d4   0x080053d4   0x00000044   Code   RO         6680    i.SerialSend        serial_com.o
    0x08005418   0x08005418   0x0000000c   Code   RO         6681    i.SetID             serial_com.o
    0x08005424   0x08005424   0x00000084   Code   RO         6682    i.SinchronusTransmittFunc  serial_com.o
    0x080054a8   0x080054a8   0x0000003c   Code   RO         6683    i.SynchronusProcess  serial_com.o
    0x080054e4   0x080054e4   0x00000034   Code   RO         6684    i.SynchronusSendInit  serial_com.o
    0x08005518   0x08005518   0x00000024   Code   RO           16    i.SysTick_Handler   stm32f3xx_it.o
    0x0800553c   0x0800553c   0x000000bc   Code   RO         6188    i.SystemClock_Config  clock.o
    0x080055f8   0x080055f8   0x00000068   Code   RO         4959    i.SystemInit        system_stm32f3xx.o
    0x08005660   0x08005660   0x00000020   Code   RO         6685    i.TIM2_IRQHandler   serial_com.o
    0x08005680   0x08005680   0x00000004   Code   RO           17    i.TIM3_IRQHandler   stm32f3xx_it.o
    0x08005684   0x08005684   0x0000001c   Code   RO           18    i.TIM7_IRQHandler   stm32f3xx_it.o
    0x080056a0   0x080056a0   0x0000000c   Code   RO         6530    i.TIMER3_IRQHandler  timer.o
    0x080056ac   0x080056ac   0x0000015c   Code   RO         6531    i.TIMER7_IRQHandler  timer.o
    0x08005808   0x08005808   0x000000c8   Code   RO         3370    i.TIM_Base_SetConfig  stm32f3xx_hal_tim.o
    0x080058d0   0x080058d0   0x00000016   Code   RO         3371    i.TIM_CCxChannelCmd  stm32f3xx_hal_tim.o
    0x080058e6   0x080058e6   0x00000014   Code   RO         3377    i.TIM_ETR_SetConfig  stm32f3xx_hal_tim.o
    0x080058fa   0x080058fa   0x00000010   Code   RO         3378    i.TIM_ITRx_SetConfig  stm32f3xx_hal_tim.o
    0x0800590a   0x0800590a   0x00000022   Code   RO         3384    i.TIM_TI1_ConfigInputStage  stm32f3xx_hal_tim.o
    0x0800592c   0x0800592c   0x00000078   Code   RO         3385    i.TIM_TI1_SetConfig  stm32f3xx_hal_tim.o
    0x080059a4   0x080059a4   0x00000024   Code   RO         3386    i.TIM_TI2_ConfigInputStage  stm32f3xx_hal_tim.o
    0x080059c8   0x080059c8   0x00000036   Code   RO         3387    i.TIM_TI2_SetConfig  stm32f3xx_hal_tim.o
    0x080059fe   0x080059fe   0x00000032   Code   RO         3388    i.TIM_TI3_SetConfig  stm32f3xx_hal_tim.o
    0x08005a30   0x08005a30   0x00000038   Code   RO         3389    i.TIM_TI4_SetConfig  stm32f3xx_hal_tim.o
    0x08005a68   0x08005a68   0x000003c4   Code   RO         6215    i.Transmit_results_task  comunication.o
    0x08005e2c   0x08005e2c   0x000000c8   Code   RO         2787    i.UART_AdvFeatureConfig  stm32f3xx_hal_uart.o
    0x08005ef4   0x08005ef4   0x0000005c   Code   RO         2788    i.UART_CheckIdleState  stm32f3xx_hal_uart.o
    0x08005f50   0x08005f50   0x00000200   Code   RO         2803    i.UART_SetConfig    stm32f3xx_hal_uart.o
    0x08006150   0x08006150   0x00000064   Code   RO         2805    i.UART_WaitOnFlagUntilTimeout  stm32f3xx_hal_uart.o
    0x080061b4   0x080061b4   0x00000064   Code   RO         6216    i.USBConnected_Handler  comunication.o
    0x08006218   0x08006218   0x00000016   Code   RO         1037    i.USBD_CDC_DataIn   usbd_cdc.o
    0x0800622e   0x0800622e   0x00000030   Code   RO         1038    i.USBD_CDC_DataOut  usbd_cdc.o
    0x0800625e   0x0800625e   0x0000003c   Code   RO         1039    i.USBD_CDC_DeInit   usbd_cdc.o
    0x0800629a   0x0800629a   0x0000002a   Code   RO         1040    i.USBD_CDC_EP0_RxReady  usbd_cdc.o
    0x080062c4   0x080062c4   0x0000000c   Code   RO         1041    i.USBD_CDC_GetDeviceQualifierDescriptor  usbd_cdc.o
    0x080062d0   0x080062d0   0x0000000c   Code   RO         1042    i.USBD_CDC_GetFSCfgDesc  usbd_cdc.o
    0x080062dc   0x080062dc   0x0000000c   Code   RO         1043    i.USBD_CDC_GetHSCfgDesc  usbd_cdc.o
    0x080062e8   0x080062e8   0x0000000c   Code   RO         1044    i.USBD_CDC_GetOtherSpeedCfgDesc  usbd_cdc.o
    0x080062f4   0x080062f4   0x0000009e   Code   RO         1045    i.USBD_CDC_Init     usbd_cdc.o
    0x08006392   0x08006392   0x00000032   Code   RO         1046    i.USBD_CDC_ReceivePacket  usbd_cdc.o
    0x080063c4   0x080063c4   0x00000010   Code   RO         1047    i.USBD_CDC_RegisterInterface  usbd_cdc.o
    0x080063d4   0x080063d4   0x0000000c   Code   RO         1048    i.USBD_CDC_SetRxBuffer  usbd_cdc.o
    0x080063e0   0x080063e0   0x00000010   Code   RO         1049    i.USBD_CDC_SetTxBuffer  usbd_cdc.o
    0x080063f0   0x080063f0   0x00000078   Code   RO         1050    i.USBD_CDC_Setup    usbd_cdc.o
    0x08006468   0x08006468   0x00000030   Code   RO         1051    i.USBD_CDC_TransmitPacket  usbd_cdc.o
    0x08006498   0x08006498   0x0000000e   Code   RO         1143    i.USBD_ClrClassConfig  usbd_core.o
    0x080064a6   0x080064a6   0x0000003c   Code   RO          942    i.USBD_ClrFeature   usbd_ctlreq.o
    0x080064e2   0x080064e2   0x00000010   Code   RO          882    i.USBD_CtlContinueRx  usbd_ioreq.o
    0x080064f2   0x080064f2   0x00000010   Code   RO          883    i.USBD_CtlContinueSendData  usbd_ioreq.o
    0x08006502   0x08006502   0x00000018   Code   RO          943    i.USBD_CtlError     usbd_ctlreq.o
    0x0800651a   0x0800651a   0x0000001e   Code   RO          884    i.USBD_CtlPrepareRx  usbd_ioreq.o
    0x08006538   0x08006538   0x00000016   Code   RO          885    i.USBD_CtlReceiveStatus  usbd_ioreq.o
    0x0800654e   0x0800654e   0x0000001a   Code   RO          886    i.USBD_CtlSendData  usbd_ioreq.o
    0x08006568   0x08006568   0x00000016   Code   RO          887    i.USBD_CtlSendStatus  usbd_ioreq.o
    0x0800657e   0x0800657e   0x00000002   PAD
    0x08006580   0x08006580   0x00000030   Code   RO         6120    i.USBD_FS_ConfigStrDescriptor  usbd_desc.o
    0x080065b0   0x080065b0   0x0000000c   Code   RO         6121    i.USBD_FS_DeviceDescriptor  usbd_desc.o
    0x080065bc   0x080065bc   0x00000034   Code   RO         6122    i.USBD_FS_InterfaceStrDescriptor  usbd_desc.o
    0x080065f0   0x080065f0   0x0000000c   Code   RO         6123    i.USBD_FS_LangIDStrDescriptor  usbd_desc.o
    0x080065fc   0x080065fc   0x00000028   Code   RO         6124    i.USBD_FS_ManufacturerStrDescriptor  usbd_desc.o
    0x08006624   0x08006624   0x0000003c   Code   RO         6125    i.USBD_FS_ProductStrDescriptor  usbd_desc.o
    0x08006660   0x08006660   0x00000034   Code   RO         6126    i.USBD_FS_SerialStrDescriptor  usbd_desc.o
    0x08006694   0x08006694   0x00000030   Code   RO          944    i.USBD_GetConfig    usbd_ctlreq.o
    0x080066c4   0x080066c4   0x0000012e   Code   RO          945    i.USBD_GetDescriptor  usbd_ctlreq.o
    0x080067f2   0x080067f2   0x00000014   Code   RO          946    i.USBD_GetLen       usbd_ctlreq.o
    0x08006806   0x08006806   0x00000028   Code   RO          947    i.USBD_GetStatus    usbd_ctlreq.o
    0x0800682e   0x0800682e   0x0000003c   Code   RO          948    i.USBD_GetString    usbd_ctlreq.o
    0x0800686a   0x0800686a   0x0000002c   Code   RO         1145    i.USBD_Init         usbd_core.o
    0x08006896   0x08006896   0x0000002c   Code   RO         5825    i.USBD_LL_ClearStallEP  usbd_conf.o
    0x080068c2   0x080068c2   0x0000002c   Code   RO         5826    i.USBD_LL_CloseEP   usbd_conf.o
    0x080068ee   0x080068ee   0x000000ba   Code   RO         1146    i.USBD_LL_DataInStage  usbd_core.o
    0x080069a8   0x080069a8   0x0000006c   Code   RO         1147    i.USBD_LL_DataOutStage  usbd_core.o
    0x08006a14   0x08006a14   0x00000008   Code   RO         5830    i.USBD_LL_GetRxDataSize  usbd_conf.o
    0x08006a1c   0x08006a1c   0x00000098   Code   RO         5831    i.USBD_LL_Init      usbd_conf.o
    0x08006ab4   0x08006ab4   0x00000020   Code   RO         5832    i.USBD_LL_IsStallEP  usbd_conf.o
    0x08006ad4   0x08006ad4   0x00000032   Code   RO         5833    i.USBD_LL_OpenEP    usbd_conf.o
    0x08006b06   0x08006b06   0x0000002c   Code   RO         5834    i.USBD_LL_PrepareReceive  usbd_conf.o
    0x08006b32   0x08006b32   0x00000040   Code   RO         1152    i.USBD_LL_Reset     usbd_core.o
    0x08006b72   0x08006b72   0x0000000c   Code   RO         1153    i.USBD_LL_Resume    usbd_core.o
    0x08006b7e   0x08006b7e   0x00000018   Code   RO         1154    i.USBD_LL_SOF       usbd_core.o
    0x08006b96   0x08006b96   0x00000006   Code   RO         1155    i.USBD_LL_SetSpeed  usbd_core.o
    0x08006b9c   0x08006b9c   0x0000002c   Code   RO         5835    i.USBD_LL_SetUSBAddress  usbd_conf.o
    0x08006bc8   0x08006bc8   0x0000005a   Code   RO         1156    i.USBD_LL_SetupStage  usbd_core.o
    0x08006c22   0x08006c22   0x0000002c   Code   RO         5836    i.USBD_LL_StallEP   usbd_conf.o
    0x08006c4e   0x08006c4e   0x0000002c   Code   RO         5837    i.USBD_LL_Start     usbd_conf.o
    0x08006c7a   0x08006c7a   0x00000010   Code   RO         1157    i.USBD_LL_Suspend   usbd_core.o
    0x08006c8a   0x08006c8a   0x0000002c   Code   RO         5839    i.USBD_LL_Transmit  usbd_conf.o
    0x08006cb6   0x08006cb6   0x00000028   Code   RO          949    i.USBD_ParseSetupRequest  usbd_ctlreq.o
    0x08006cde   0x08006cde   0x00000012   Code   RO         1158    i.USBD_RegisterClass  usbd_core.o
    0x08006cf0   0x08006cf0   0x00000004   Code   RO         1159    i.USBD_RunTestMode  usbd_core.o
    0x08006cf4   0x08006cf4   0x00000054   Code   RO          950    i.USBD_SetAddress   usbd_ctlreq.o
    0x08006d48   0x08006d48   0x00000018   Code   RO         1160    i.USBD_SetClassConfig  usbd_core.o
    0x08006d60   0x08006d60   0x000000c4   Code   RO          951    i.USBD_SetConfig    usbd_ctlreq.o
    0x08006e24   0x08006e24   0x00000024   Code   RO          952    i.USBD_SetFeature   usbd_ctlreq.o
    0x08006e48   0x08006e48   0x0000000a   Code   RO         1161    i.USBD_Start        usbd_core.o
    0x08006e52   0x08006e52   0x0000004a   Code   RO          953    i.USBD_StdDevReq    usbd_ctlreq.o
    0x08006e9c   0x08006e9c   0x00000120   Code   RO          954    i.USBD_StdEPReq     usbd_ctlreq.o
    0x08006fbc   0x08006fbc   0x00000044   Code   RO          955    i.USBD_StdItfReq    usbd_ctlreq.o
    0x08007000   0x08007000   0x00000002   Code   RO         5840    i.USBD_static_free  usbd_conf.o
    0x08007002   0x08007002   0x00000002   PAD
    0x08007004   0x08007004   0x00000008   Code   RO         5841    i.USBD_static_malloc  usbd_conf.o
    0x0800700c   0x0800700c   0x0000000c   Code   RO           19    i.USB_LP_IRQHandler  stm32f3xx_it.o
    0x08007018   0x08007018   0x0000000c   Code   RO         6631    i.USB_Receive_FS    usb.o
    0x08007024   0x08007024   0x00000002   Code   RO           20    i.UsageFault_Handler  stm32f3xx_it.o
    0x08007026   0x08007026   0x00000002   PAD
    0x08007028   0x08007028   0x0000001c   Code   RO          334    i._Error_Handler    main.o
    0x08007044   0x08007044   0x00000030   Code   RO         7175    i.__0snprintf       mc_w.l(printfa.o)
    0x08007074   0x08007074   0x00000028   Code   RO         7176    i.__0sprintf        mc_w.l(printfa.o)
    0x0800709c   0x0800709c   0x00000008   Code   RO         7230    i.__aeabi_errno_addr  mc_w.l(errno.o)
    0x080070a4   0x080070a4   0x00000004   PAD
    0x080070a8   0x080070a8   0x00000038   Code   RO         6886    i.__hardfp_atof     m_wm.l(atof.o)
    0x080070e0   0x080070e0   0x0000000c   Code   RO         7231    i.__read_errno      mc_w.l(errno.o)
    0x080070ec   0x080070ec   0x0000000e   Code   RO         7312    i.__scatterload_copy  mc_w.l(handlers.o)
    0x080070fa   0x080070fa   0x00000002   Code   RO         7313    i.__scatterload_null  mc_w.l(handlers.o)
    0x080070fc   0x080070fc   0x0000000e   Code   RO         7314    i.__scatterload_zeroinit  mc_w.l(handlers.o)
    0x0800710a   0x0800710a   0x00000002   PAD
    0x0800710c   0x0800710c   0x0000000c   Code   RO         7232    i.__set_errno       mc_w.l(errno.o)
    0x08007118   0x08007118   0x00000184   Code   RO         7181    i._fp_digits        mc_w.l(printfa.o)
    0x0800729c   0x0800729c   0x0000000e   Code   RO         7298    i._is_digit         mc_w.l(scanf_fp.o)
    0x080072aa   0x080072aa   0x00000002   PAD
    0x080072ac   0x080072ac   0x000006dc   Code   RO         7182    i._printf_core      mc_w.l(printfa.o)
    0x08007988   0x08007988   0x00000024   Code   RO         7183    i._printf_post_padding  mc_w.l(printfa.o)
    0x080079ac   0x080079ac   0x0000002e   Code   RO         7184    i._printf_pre_padding  mc_w.l(printfa.o)
    0x080079da   0x080079da   0x00000016   Code   RO         7185    i._snputc           mc_w.l(printfa.o)
    0x080079f0   0x080079f0   0x0000000a   Code   RO         7186    i._sputc            mc_w.l(printfa.o)
    0x080079fa   0x080079fa   0x00000002   PAD
    0x080079fc   0x080079fc   0x00000140   Code   RO         6686    i.add_command_to_queue  serial_com.o
    0x08007b3c   0x08007b3c   0x0000010a   Code   RO         4996    i.arm_biquad_cascade_df1_f32  arm_biquad_cascade_df1_f32.o
    0x08007c46   0x08007c46   0x0000005a   Code   RO         5327    i.arm_bitreversal_32  arm_cfft_f32.o
    0x08007ca0   0x08007ca0   0x000000d4   Code   RO         5328    i.arm_cfft_f32      arm_cfft_f32.o
    0x08007d74   0x08007d74   0x000001c8   Code   RO         5329    i.arm_cfft_radix8by2_f32  arm_cfft_f32.o
    0x08007f3c   0x08007f3c   0x00000496   Code   RO         5330    i.arm_cfft_radix8by4_f32  arm_cfft_f32.o
    0x080083d2   0x080083d2   0x0000009c   Code   RO         5549    i.arm_cmplx_mag_f32  arm_cmplx_mag_f32.o
    0x0800846e   0x0800846e   0x00000002   PAD
    0x08008470   0x08008470   0x00000080   Code   RO         5047    i.arm_cos_f32       arm_cos_f32.o
    0x080084f0   0x080084f0   0x000005c6   Code   RO         5369    i.arm_radix8_butterfly_f32  arm_cfft_radix8_f32.o
    0x08008ab6   0x08008ab6   0x00000002   PAD
    0x08008ab8   0x08008ab8   0x00000028   Code   RO          443    i.arm_sqrt_f32      do_task.o
    0x08008ae0   0x08008ae0   0x00000028   Code   RO         5550    i.arm_sqrt_f32      arm_cmplx_mag_f32.o
    0x08008b08   0x08008b08   0x00000028   Code   RO         6330    i.arm_sqrt_f32      sdadc.o
    0x08008b30   0x08008b30   0x00001824   Code   RO         6687    i.command_analyze   serial_com.o
    0x0800a354   0x0800a354   0x00000068   Code   RO         6688    i.command_do_events  serial_com.o
    0x0800a3bc   0x0800a3bc   0x0000012c   Code   RO         6689    i.command_return    serial_com.o
    0x0800a4e8   0x0800a4e8   0x00000020   Code   RO         6690    i.communication_init  serial_com.o
    0x0800a508   0x0800a508   0x000002b4   Code   RO          444    i.compute_THD_with_FFT  do_task.o
    0x0800a7bc   0x0800a7bc   0x00000340   Code   RO         6331    i.compute_rms       sdadc.o
    0x0800aafc   0x0800aafc   0x0000001e   Code   RO          746    i.connectURESContactors  machines.o
    0x0800ab1a   0x0800ab1a   0x00000002   PAD
    0x0800ab1c   0x0800ab1c   0x00000098   Code   RO          576    i.cord_RISO_init    cord.o
    0x0800abb4   0x0800abb4   0x000005c6   Code   RO          577    i.cord_RISO_onePhaseToPE  cord.o
    0x0800b17a   0x0800b17a   0x00000002   PAD
    0x0800b17c   0x0800b17c   0x00000644   Code   RO          578    i.cord_RISO_phaseToPhase  cord.o
    0x0800b7c0   0x0800b7c0   0x000001a4   Code   RO          579    i.cord_RISO_phasesToPE  cord.o
    0x0800b964   0x0800b964   0x00000018   Code   RO          580    i.cord_check_RISO_resistance  cord.o
    0x0800b97c   0x0800b97c   0x00000018   Code   RO          581    i.cord_check_RPE_resistance  cord.o
    0x0800b994   0x0800b994   0x000000a8   Code   RO          582    i.cord_continuity_init  cord.o
    0x0800ba3c   0x0800ba3c   0x00000454   Code   RO          583    i.cord_continuity_test  cord.o
    0x0800be90   0x0800be90   0x00000098   Code   RO          584    i.cord_correct_wiring_init  cord.o
    0x0800bf28   0x0800bf28   0x000000a0   Code   RO          586    i.cord_global_init_set  cord.o
    0x0800bfc8   0x0800bfc8   0x000037e0   Code   RO          587    i.cord_meas_correct_wiring  cord.o
    0x0800f7a8   0x0800f7a8   0x00000188   Code   RO          588    i.cord_transmittContiunuity  cord.o
    0x0800f930   0x0800f930   0x000000f0   Code   RO          589    i.cord_transmittOnePhaseToPE  cord.o
    0x0800fa20   0x0800fa20   0x0000012c   Code   RO          590    i.cord_transmittPhaseToPhase  cord.o
    0x0800fb4c   0x0800fb4c   0x0000006c   Code   RO          591    i.cord_transmittPhasesToPE  cord.o
    0x0800fbb8   0x0800fbb8   0x00000068   Code   RO          592    i.deinitCord        cord.o
    0x0800fc20   0x0800fc20   0x00000064   Code   RO          747    i.deinitMachines    machines.o
    0x0800fc84   0x0800fc84   0x00000012   Code   RO          447    i.disable_sinchro_interrupt  do_task.o
    0x0800fc96   0x0800fc96   0x0000001e   Code   RO          748    i.disconnectURESContactors  machines.o
    0x0800fcb4   0x0800fcb4   0x00000060   Code   RO         6219    i.disconnect_function  comunication.o
    0x0800fd14   0x0800fd14   0x00000034   Code   RO         5657    i.do_events         os.o
    0x0800fd48   0x0800fd48   0x00000012   Code   RO          448    i.enable_sinchro_interrupt  do_task.o
    0x0800fd5a   0x0800fd5a   0x00000002   PAD
    0x0800fd5c   0x0800fd5c   0x00000050   Code   RO         7202    i.free              mc_w.l(malloc.o)
    0x0800fdac   0x0800fdac   0x00000028   Code   RO         5660    i.free_timer        os.o
    0x0800fdd4   0x0800fdd4   0x0000004c   Code   RO          449    i.get_connected_device  do_task.o
    0x0800fe20   0x0800fe20   0x00000060   Code   RO         6332    i.get_inst_value    sdadc.o
    0x0800fe80   0x0800fe80   0x00000024   Code   RO          450    i.get_phase_seq     do_task.o
    0x0800fea4   0x0800fea4   0x00000078   Code   RO         6333    i.get_value         sdadc.o
    0x0800ff1c   0x0800ff1c   0x0000002c   Code   RO         6691    i.increaseWritePtr  serial_com.o
    0x0800ff48   0x0800ff48   0x00000050   Code   RO         5661    i.init_OS           os.o
    0x0800ff98   0x0800ff98   0x00000054   Code   RO         6580    i.init_REL          rel_driver.o
    0x0800ffec   0x0800ffec   0x00000138   Code   RO          593    i.init_cord         cord.o
    0x08010124   0x08010124   0x00000018   Code   RO         5662    i.init_event_Q      os.o
    0x0801013c   0x0801013c   0x00000190   Code   RO          749    i.init_mach         machines.o
    0x080102cc   0x080102cc   0x0000001c   Code   RO         5663    i.init_timers       os.o
    0x080102e8   0x080102e8   0x00000020   Code   RO         6335    i.input_START_measure  sdadc.o
    0x08010308   0x08010308   0x00000030   Code   RO         6337    i.input_STOP_measure  sdadc.o
    0x08010338   0x08010338   0x00000068   Code   RO          451    i.led_blinking_task  do_task.o
    0x080103a0   0x080103a0   0x00000094   Code   RO          750    i.mach_RISO_init    machines.o
    0x08010434   0x08010434   0x000005c0   Code   RO          751    i.mach_RISO_onePhaseToPE  machines.o
    0x080109f4   0x080109f4   0x000001a4   Code   RO          752    i.mach_RISO_phasesToPE  machines.o
    0x08010b98   0x08010b98   0x000002e0   Code   RO          753    i.mach_URES         machines.o
    0x08010e78   0x08010e78   0x000000b4   Code   RO          754    i.mach_URES_Stop    machines.o
    0x08010f2c   0x08010f2c   0x000000cc   Code   RO          755    i.mach_URES_init    machines.o
    0x08010ff8   0x08010ff8   0x00000018   Code   RO          756    i.mach_check_RISO_resistance  machines.o
    0x08011010   0x08011010   0x000000f0   Code   RO          757    i.mach_transmittOnePhaseToPE  machines.o
    0x08011100   0x08011100   0x0000006c   Code   RO          758    i.mach_transmittPhasesToPE  machines.o
    0x0801116c   0x0801116c   0x000000dc   Code   RO          335    i.main              main.o
    0x08011248   0x08011248   0x0000006c   Code   RO         7203    i.malloc            mc_w.l(malloc.o)
    0x080112b4   0x080112b4   0x0000011c   Code   RO         6338    i.measure_IDIFF     sdadc.o
    0x080113d0   0x080113d0   0x00000674   Code   RO         6339    i.measure_IL_Current  sdadc.o
    0x08011a44   0x08011a44   0x000000bc   Code   RO         6340    i.measure_UL1PE     sdadc.o
    0x08011b00   0x08011b00   0x00000720   Code   RO         6341    i.measure_ULN_Voltage  sdadc.o
    0x08012220   0x08012220   0x000000bc   Code   RO         6342    i.measure_UNPE      sdadc.o
    0x080122dc   0x080122dc   0x0000008c   Code   RO          452    i.measuring_task_fft  do_task.o
    0x08012368   0x08012368   0x0000008c   Code   RO          453    i.measuring_task_no_THD  do_task.o
    0x080123f4   0x080123f4   0x0000002c   Code   RO          594    i.numberOfSetBits   cord.o
    0x08012420   0x08012420   0x00000364   Code   RO          454    i.power_on_test     do_task.o
    0x08012784   0x08012784   0x0000005c   Code   RO         6692    i.recieve_ack_func  serial_com.o
    0x080127e0   0x080127e0   0x00000060   Code   RO         6693    i.recieve_nack_func  serial_com.o
    0x08012840   0x08012840   0x00000046   Code   RO         6694    i.recieved_command_analyze  serial_com.o
    0x08012886   0x08012886   0x00000002   PAD
    0x08012888   0x08012888   0x00000014   Code   RO         6695    i.resetSendTimer    serial_com.o
    0x0801289c   0x0801289c   0x0000003c   Code   RO         6581    i.reset_all_REL     rel_driver.o
    0x080128d8   0x080128d8   0x00000054   Code   RO         5664    i.restart_timer     os.o
    0x0801292c   0x0801292c   0x000003b4   Code   RO         6582    i.rst_REL           rel_driver.o
    0x08012ce0   0x08012ce0   0x0000000a   Code   RO         5665    i.run_OS            os.o
    0x08012cea   0x08012cea   0x00000002   PAD
    0x08012cec   0x08012cec   0x00000098   Code   RO         6583    i.sel_REL_DRIVER    rel_driver.o
    0x08012d84   0x08012d84   0x00000294   Code   RO          455    i.send_mains_status  do_task.o
    0x08013018   0x08013018   0x000000d0   Code   RO         6220    i.send_warning_MSG  comunication.o
    0x080130e8   0x080130e8   0x0000007c   Code   RO         6696    i.serial_com_deinit  serial_com.o
    0x08013164   0x08013164   0x00000048   Code   RO         6697    i.serial_com_init   serial_com.o
    0x080131ac   0x080131ac   0x00000044   Code   RO         6698    i.serial_send_handler  serial_com.o
    0x080131f0   0x080131f0   0x00000048   Code   RO         5666    i.service_timers    os.o
    0x08013238   0x08013238   0x00000120   Code   RO          866    i.setNormal         com_meas_tasks.o
    0x08013358   0x08013358   0x000003c0   Code   RO         6584    i.set_REL           rel_driver.o
    0x08013718   0x08013718   0x00000020   Code   RO          595    i.set_RISO_cord_resistance  cord.o
    0x08013738   0x08013738   0x00000020   Code   RO          759    i.set_RISO_mach_resistance  machines.o
    0x08013758   0x08013758   0x00000020   Code   RO          596    i.set_RPE_cord_resistance  cord.o
    0x08013778   0x08013778   0x00000074   Code   RO         6343    i.set_SDADC_zero    sdadc.o
    0x080137ec   0x080137ec   0x0000003c   Code   RO         5667    i.set_event         os.o
    0x08013828   0x08013828   0x00000064   Code   RO          597    i.set_phase_num     cord.o
    0x0801388c   0x0801388c   0x00000018   Code   RO          760    i.set_phase_num_mach  machines.o
    0x080138a4   0x080138a4   0x00000034   Code   RO         5668    i.set_timer         os.o
    0x080138d8   0x080138d8   0x000000e0   Code   RO          456    i.start_measure     do_task.o
    0x080139b8   0x080139b8   0x000000a4   Code   RO          457    i.start_measure_no_THD  do_task.o
    0x08013a5c   0x08013a5c   0x00000034   Code   RO          336    i.start_set_normal  main.o
    0x08013a90   0x08013a90   0x00000054   Code   RO          598    i.stop_cord         cord.o
    0x08013ae4   0x08013ae4   0x00000044   Code   RO          761    i.stop_mach         machines.o
    0x08013b28   0x08013b28   0x00000064   Code   RO          458    i.stop_measure      do_task.o
    0x08013b8c   0x08013b8c   0x00000038   Code   RO         6700    i.strtok_single     serial_com.o
    0x08013bc4   0x08013bc4   0x00000f42   Code   RO          599    i.tramsmitt_corect_wiring_state  cord.o
    0x08014b06   0x08014b06   0x00000002   PAD
    0x08014b08   0x08014b08   0x000001e0   Code   RO         6701    i.transmit_command_handle  serial_com.o
    0x08014ce8   0x08014ce8   0x00000080   Code   RO         6702    i.transmit_func     serial_com.o
    0x08014d68   0x08014d68   0x00000048   Code   RO         6703    i.transmittEmptyStr  serial_com.o
    0x08014db0   0x08014db0   0x00000050   Code   RO         6344    i.write_THD         sdadc.o
    0x08014e00   0x08014e00   0x00000020   Data   RO         2270    .constdata          stm32f3xx_hal_rcc.o
    0x08014e20   0x08014e20   0x00000010   Data   RO         4960    .constdata          system_stm32f3xx.o
    0x08014e30   0x08014e30   0x00000008   Data   RO         4961    .constdata          system_stm32f3xx.o
    0x08014e38   0x08014e38   0x00002000   Data   RO         5106    .constdata          arm_common_tables.o
    0x08016e38   0x08016e38   0x00000e10   Data   RO         5135    .constdata          arm_common_tables.o
    0x08017c48   0x08017c48   0x00000804   Data   RO         5155    .constdata          arm_common_tables.o
    0x0801844c   0x0801844c   0x00000010   Data   RO         5187    .constdata          arm_const_structs.o
    0x0801845c   0x0801845c   0x000000d8   Data   RO         6359    .constdata          sdadc.o
    0x08018534   0x08018534   0x00000081   Data   RO         6898    .constdata          mc_w.l(ctype_o.o)
    0x080185b5   0x080185b5   0x00000003   PAD
    0x080185b8   0x080185b8   0x00000004   Data   RO         6899    .constdata          mc_w.l(ctype_o.o)
    0x080185bc   0x080185bc   0x00000020   Data   RO         7310    Region$$Table       anon$$obj.o


    Execution Region RW_IRAM1 (Exec base: 0x20000000, Load base: 0x080185dc, Size: 0x000071a8, Max: 0x00008000, ABSOLUTE, COMPRESSED[0x00000100])

    Exec Addr    Load Addr    Size         Type   Attr      Idx    E Section Name        Object

    0x20000000   COMPRESSED   0x0000001c   Data   RW           22    .data               stm32f3xx_it.o
    0x2000001c   COMPRESSED   0x00000004   Data   RW          337    .data               main.o
    0x20000020   COMPRESSED   0x00000004   Data   RW          338    .data               main.o
    0x20000024   COMPRESSED   0x00000008   Data   RW          399    .data               test.o
    0x2000002c   COMPRESSED   0x00000004   Data   RW          460    .data               do_task.o
    0x20000030   COMPRESSED   0x00000004   Data   RW          461    .data               do_task.o
    0x20000034   COMPRESSED   0x00000010   Data   RW          462    .data               do_task.o
    0x20000044   COMPRESSED   0x00000054   Data   RW          600    .data               cord.o
    0x20000098   COMPRESSED   0x00000028   Data   RW          762    .data               machines.o
    0x200000c0   COMPRESSED   0x00000001   Data   RW          956    .data               usbd_ctlreq.o
    0x200000c1   COMPRESSED   0x00000003   PAD
    0x200000c4   COMPRESSED   0x000000db   Data   RW         1052    .data               usbd_cdc.o
    0x2000019f   COMPRESSED   0x00000001   PAD
    0x200001a0   COMPRESSED   0x00000038   Data   RW         1053    .data               usbd_cdc.o
    0x200001d8   COMPRESSED   0x00000004   Data   RW         1508    .data               stm32f3xx_hal.o
    0x200001dc   COMPRESSED   0x00000004   Data   RW         4962    .data               system_stm32f3xx.o
    0x200001e0   COMPRESSED   0x00000008   Data   RW         5670    .data               os.o
    0x200001e8   COMPRESSED   0x00000010   Data   RW         5762    .data               usbd_cdc_if.o
    0x200001f8   COMPRESSED   0x00000008   Data   RW         5763    .data               usbd_cdc_if.o
    0x20000200   COMPRESSED   0x0000001c   Data   RW         6128    .data               usbd_desc.o
    0x2000021c   COMPRESSED   0x00000016   Data   RW         6129    .data               usbd_desc.o
    0x20000232   COMPRESSED   0x00000002   PAD
    0x20000234   COMPRESSED   0x0000000c   Data   RW         6222    .data               comunication.o
    0x20000240   COMPRESSED   0x00000048   Data   RW         6360    .data               sdadc.o
    0x20000288   COMPRESSED   0x00000004   Data   RW         6362    .data               sdadc.o
    0x2000028c   COMPRESSED   0x00000004   Data   RW         6363    .data               sdadc.o
    0x20000290   COMPRESSED   0x00000014   Data   RW         6364    .data               sdadc.o
    0x200002a4   COMPRESSED   0x00000014   Data   RW         6365    .data               sdadc.o
    0x200002b8   COMPRESSED   0x00000004   Data   RW         6533    .data               timer.o
    0x200002bc   COMPRESSED   0x00000006   Data   RW         6585    .data               rel_driver.o
    0x200002c2   COMPRESSED   0x00000002   PAD
    0x200002c4   COMPRESSED   0x00000060   Data   RW         6705    .data               serial_com.o
    0x20000324   COMPRESSED   0x00000004   Data   RW         7233    .data               mc_w.l(errno.o)
    0x20000328   COMPRESSED   0x00000004   Data   RW         7266    .data               mc_w.l(mvars.o)
    0x2000032c   COMPRESSED   0x00000004   Data   RW         7267    .data               mc_w.l(mvars.o)
    0x20000330        -       0x000010a0   Zero   RW          459    .bss                do_task.o
    0x200013d0        -       0x00000258   Zero   RW         5669    .bss                os.o
    0x20001628        -       0x000005c8   Zero   RW         5842    .bss                usbd_conf.o
    0x20001bf0        -       0x00000224   Zero   RW         6091    .bss                usb_device.o
    0x20001e14        -       0x00000200   Zero   RW         6127    .bss                usbd_desc.o
    0x20002014        -       0x000000d4   Zero   RW         6221    .bss                comunication.o
    0x200020e8        -       0x000034e8   Zero   RW         6345    .bss                sdadc.o
    0x200055d0        -       0x00000010   Zero   RW         6347    .bss                sdadc.o
    0x200055e0        -       0x00000010   Zero   RW         6348    .bss                sdadc.o
    0x200055f0        -       0x00000010   Zero   RW         6349    .bss                sdadc.o
    0x20005600        -       0x00000010   Zero   RW         6350    .bss                sdadc.o
    0x20005610        -       0x00000010   Zero   RW         6351    .bss                sdadc.o
    0x20005620        -       0x00000010   Zero   RW         6352    .bss                sdadc.o
    0x20005630        -       0x00000010   Zero   RW         6353    .bss                sdadc.o
    0x20005640        -       0x00000010   Zero   RW         6354    .bss                sdadc.o
    0x20005650        -       0x00000010   Zero   RW         6355    .bss                sdadc.o
    0x20005660        -       0x00000010   Zero   RW         6356    .bss                sdadc.o
    0x20005670        -       0x00000010   Zero   RW         6357    .bss                sdadc.o
    0x20005680        -       0x00000010   Zero   RW         6358    .bss                sdadc.o
    0x20005690        -       0x000000c0   Zero   RW         6532    .bss                timer.o
    0x20005750        -       0x00000c54   Zero   RW         6704    .bss                serial_com.o
    0x200063a4   COMPRESSED   0x00000004   PAD
    0x200063a8        -       0x00000800   Zero   RW         5648    HEAP                startup_stm32f373xc.o
    0x20006ba8        -       0x00000600   Zero   RW         5647    STACK               startup_stm32f373xc.o


==============================================================================

Image component sizes


      Code (inc. data)   RO Data    RW Data    ZI Data      Debug   Object Name

       266          0          0          0          0       2021   arm_biquad_cascade_df1_f32.o
      1932          0          0          0          0       7494   arm_cfft_f32.o
      1478          6          0          0          0       4995   arm_cfft_radix8_f32.o
       196          4          0          0          0       1708   arm_cmplx_mag_f32.o
         0          0      13844          0          0       4792   arm_common_tables.o
         0          0         16          0          0       2347   arm_const_structs.o
       128         14          0          0          0        914   arm_cos_f32.o
       188         22          0          0          0        741   clock.o
       288          4          0          0          0        728   com_meas_tasks.o
      1588        262          0         12        212       6367   comunication.o
     25248       2524          0         84          0      30819   cord.o
      3280        430          0         24       4256      26418   do_task.o
       320         26          0          0          0       1255   gpio.o
      4656        662          0         40          0      13913   machines.o
       400         54          0          8          0       4384   main.o
       502         68          0          8        600      34407   os.o
      2204         80          0          6          0       5436   rel_driver.o
      6966        562        216        120      13736      22338   sdadc.o
      9860       1878          0         96       3156      36821   serial_com.o
        36          8        392          0       3584        852   startup_stm32f373xc.o
       126         22          0          4          0       4103   stm32f3xx_hal.o
       254         14          0          0          0      33383   stm32f3xx_hal_cortex.o
       716         58          0          0          0       6238   stm32f3xx_hal_gpio.o
       792         98          0          0          0       4951   stm32f3xx_hal_msp.o
      3388          0          0          0          0      13137   stm32f3xx_hal_pcd.o
       144          0          0          0          0       3187   stm32f3xx_hal_pcd_ex.o
        40         10          0          0          0       1232   stm32f3xx_hal_pwr_ex.o
      2220         72         32          0          0       7212   stm32f3xx_hal_rcc.o
       464         12          0          0          0       1696   stm32f3xx_hal_rcc_ex.o
      1572         34          0          0          0      21869   stm32f3xx_hal_sdadc.o
       954          0          0          0          0       6201   stm32f3xx_hal_spi.o
      1830         68          0          0          0      21273   stm32f3xx_hal_tim.o
        84          0          0          0          0       2574   stm32f3xx_hal_tim_ex.o
       904         46          0          0          0       4237   stm32f3xx_hal_uart.o
       148          6          0          0          0       1475   stm32f3xx_hal_uart_ex.o
       998         64          0         28          0     584936   stm32f3xx_it.o
       104         22         24          4          0       1307   system_stm32f3xx.o
        48          8          0          8          0       1021   test.o
       740        126          0          4        192       3513   timer.o
        12          0          0          0          0       1029   usb.o
        80         18          0          0        548        848   usb_device.o
       640         22          0        275          0      14114   usbd_cdc.o
       140         18          0         24          0       3781   usbd_cdc_if.o
       784         48          0          0       1480      15413   usbd_conf.o
       620          0          0          0          0      10955   usbd_core.o
      1340         30          0          1          0      12064   usbd_ctlreq.o
       276        116          0         50        512       5823   usbd_desc.o
       132          0          0          0          0       4856   usbd_ioreq.o

    ----------------------------------------------------------------------
     79132       7516      14556        804      28280    1001178   Object Totals
         0          0         32          0          0          0   (incl. Generated)
        46          0          0          8          4          0   (incl. Padding)

    ----------------------------------------------------------------------

      Code (inc. data)   RO Data    RW Data    ZI Data      Debug   Library Member Name

        56         12          0          0          0        132   atof.o
        86          0          0          0          0          0   __dczerorl2.o
        28          0          0          0          0         68   _chval.o
        64          0          0          0          0         84   _sgetc.o
       158          0          0          0          0         92   _strtoul.o
        26          0          0          0          0         80   atoi.o
         8          4        133          0          0         68   ctype_o.o
         0          0          0          0          0          0   entry.o
         0          0          0          0          0          0   entry10a.o
         0          0          0          0          0          0   entry11a.o
         8          4          0          0          0          0   entry2.o
         4          0          0          0          0          0   entry5.o
         0          0          0          0          0          0   entry7b.o
         0          0          0          0          0          0   entry8b.o
         8          4          0          0          0          0   entry9a.o
        32         16          0          4          0        204   errno.o
        30          0          0          0          0          0   handlers.o
        36          8          0          0          0         68   init.o
        18          0          0          0          0         76   isspace_o.o
         0          0          0          0          0          0   iusefp.o
        30          0          0          0          0         68   llshl.o
        36          0          0          0          0         68   llsshr.o
        32          0          0          0          0         68   llushr.o
       188         20          0          0          0        160   malloc.o
        36          0          0          0          0         68   memcpya.o
        36          0          0          0          0        108   memseta.o
         0          0          0          8          0          0   mvars.o
      2346         90          0          0          0        672   printfa.o
       878         12          0          0          0        216   scanf_fp.o
        24          0          0          0          0         68   strcat.o
        28          0          0          0          0         76   strcmp.o
        18          0          0          0          0         68   strcpy.o
        14          0          0          0          0         68   strlen.o
        32          0          0          0          0         76   strpbrk.o
       156         12          0          0          0        120   strtod.o
       112          0          0          0          0         88   strtol.o
        44          0          0          0          0         80   uidiv.o
        98          0          0          0          0         92   uldiv.o
        48          0          0          0          0         68   cdrcmple.o
        56          0          0          0          0         88   d2f.o
       334          0          0          0          0        148   dadd.o
       222          0          0          0          0        100   ddiv.o
       186          0          0          0          0        176   depilogue.o
        48          0          0          0          0         68   dfixul.o
        24          0          0          0          0         76   dfltul.o
       228          0          0          0          0         96   dmul.o
        38          0          0          0          0         68   f2d.o
       110          0          0          0          0        168   fepilogue.o

    ----------------------------------------------------------------------
      5980        186        136         12          0       4092   Library Totals
        16          4          3          0          0          0   (incl. Padding)

    ----------------------------------------------------------------------

      Code (inc. data)   RO Data    RW Data    ZI Data      Debug   Library Name

        56         12          0          0          0        132   m_wm.l
      4614        170        133         12          0       2904   mc_w.l
      1294          0          0          0          0       1056   mf_w.l

    ----------------------------------------------------------------------
      5980        186        136         12          0       4092   Library Totals

    ----------------------------------------------------------------------

==============================================================================


      Code (inc. data)   RO Data    RW Data    ZI Data      Debug   

     85112       7702      14692        816      28280     966770   Grand Totals
     85112       7702      14692        256      28280     966770   ELF Image Totals (compressed)
     85112       7702      14692        256          0          0   ROM Totals

==============================================================================

    Total RO  Size (Code + RO Data)                99804 (  97.46kB)
    Total RW  Size (RW Data + ZI Data)             29096 (  28.41kB)
    Total ROM Size (Code + RO Data + RW Data)     100060 (  97.71kB)

==============================================================================

