<html>
<body>
<pre>
<h1>µVision Build Log</h1>
<h2>Tool Versions:</h2>
IDE-Version: µVision V5.24.2.0
Copyright (C) 2017 ARM Ltd and ARM Germany GmbH. All rights reserved.
License Information: jan koprivec, AVSpekter, LIC=50DUH-W2AMH-8WB2D-8NSLT-CRL74-S9XSG
 
Tool Versions:
Toolchain:       MDK-ARM Professional  Version: 5.24.1
Toolchain Path:  C:\Keil_v5\ARM\ARMCC\Bin
C Compiler:      Armcc.exe V5.06 update 5 (build 528)
Assembler:       Armasm.exe V5.06 update 5 (build 528)
Linker/Locator:  ArmLink.exe V5.06 update 5 (build 528)
Library Manager: ArmAr.exe V5.06 update 5 (build 528)
Hex Converter:   FromElf.exe V5.06 update 5 (build 528)
CPU DLL:         SARMCM3.DLL V5.24.1
Dialog DLL:      DCM.DLL V1.16.0.0
Target DLL:      STLink\ST-LINKIII-KEIL_SWO.dll V3.0.1.0
Dialog DLL:      TCM.DLL V1.32.0.0
 
<h2>Project:</h2>
K:\AVSpekter\SOFTWARE Projekti\MT-300-TFA_SOFTWARE\MT-300-TFA_SVN.git\trunk\Firmware\MDK-ARM\Welding_adapter.uvprojx
Project File Date:  01/21/2018

<h2>Output:</h2>
*** Using Compiler 'V5.06 update 5 (build 528)', folder: 'C:\Keil_v5\ARM\ARMCC\Bin'
Build target 'Welding_adapter'
compiling sdadc.c...
../Inc/do_task.h(38): warning:  #47-D: incompatible redefinition of macro "UL1PE_TRANSMITT_READY"  (declared at line 36)
  #define UL1PE_TRANSMITT_READY				0x00000020
..\Src\sdadc.c(362): warning:  #177-D: variable "ConfParamStruct"  was declared but never referenced
  	SDADC_ConfParamTypeDef ConfParamStruct;
..\Src\sdadc.c(429): warning:  #177-D: variable "ConfParamStruct"  was declared but never referenced
    SDADC_ConfParamTypeDef ConfParamStruct;
..\Src\sdadc.c(676): warning:  #177-D: variable "ConfParamStruct"  was declared but never referenced
  	SDADC_ConfParamTypeDef ConfParamStruct;
..\Src\sdadc.c(750): warning:  #177-D: variable "ConfParamStruct"  was declared but never referenced
  	SDADC_ConfParamTypeDef ConfParamStruct;
..\Src\sdadc.c(1070): warning:  #550-D: variable "ConvertionResult2"  was set but never used
  	int16_t ConvertionResult2;
..\Src\sdadc.c(1127): warning:  #188-D: enumerated type mixed with another type
  				HAL_GPIO_WritePin(
URRENT_GAIN1_GPIO_Port, 
URRENT_GAIN1_Pin, 
OFF);
..\Src\sdadc.c(1133): warning:  #188-D: enumerated type mixed with another type
  				HAL_GPIO_WritePin(
URRENT_GAIN2_GPIO_Port, 
URRENT_GAIN2_Pin, 
OFF);
..\Src\sdadc.c(1139): warning:  #188-D: enumerated type mixed with another type
  				HAL_GPIO_WritePin(
URRENT_GAIN3_GPIO_Port, 
URRENT_GAIN3_Pin, 
OFF);
..\Src\sdadc.c(1152): warning:  #188-D: enumerated type mixed with another type
  				HAL_GPIO_WritePin(
URRENT_GAIN1_GPIO_Port, 
URRENT_GAIN1_Pin, 
ON);
..\Src\sdadc.c(1158): warning:  #188-D: enumerated type mixed with another type
  				HAL_GPIO_WritePin(
URRENT_GAIN2_GPIO_Port, 
URRENT_GAIN2_Pin, 
ON);
..\Src\sdadc.c(1164): warning:  #188-D: enumerated type mixed with another type
  				HAL_GPIO_WritePin(
URRENT_GAIN3_GPIO_Port, 
URRENT_GAIN3_Pin, 
ON);
..\Src\sdadc.c(1176): warning:  #177-D: variable "thd_counter2"  was declared but never referenced
  	static uint32_t thd_counter2=0;
..\Src\sdadc.c(1622): warning:  #177-D: variable "thd_counter2"  was declared but never referenced
  	static uint32_t thd_counter2=	0;
..\Src\sdadc.c(1629): warning:  #177-D: variable "cos"  was declared but never referenced
  	float cos;
..\Src\sdadc.c(1630): warning:  #177-D: variable "count"  was declared but never referenced
  	static uint32_t count=1;
..\Src\sdadc.c(2725): warning:  #1-D: last line of file ends without a newline
  }
..\Src\sdadc.c: 17 warnings, 0 errors
linking...
Program Size: Code=97796 RO-data=15732 RW-data=940 ZI-data=28516  
"Welding_adapter\Welding_adapter.axf" - 0 Error(s), 17 Warning(s).

<h2>Software Packages used:</h2>

Package Vendor: ARM
                http://www.keil.com/pack/ARM.CMSIS.5.1.1.pack
                ARM.CMSIS.5.1.1
                CMSIS (Cortex Microcontroller Software Interface Standard)
   * Component: CORE Version: 5.0.2

Package Vendor: Keil
                http://www.keil.com/pack/Keil.STM32F3xx_DFP.2.0.0.pack
                Keil.STM32F3xx_DFP.2.0.0
                STMicroelectronics STM32F3 Series Device Support and Examples

<h2>Collection of Component include folders:</h2>
  .\RTE\_Welding_adapter
  C:\Keil_v5\ARM\PACK\ARM\CMSIS\5.1.1\CMSIS\Include
  C:\Keil_v5\ARM\PACK\Keil\STM32F3xx_DFP\2.0.0\Drivers\CMSIS\Device\ST\STM32F3xx\Include

<h2>Collection of Component Files used:</h2>

   * Component: ARM::CMSIS:CORE:5.0.2
Build Time Elapsed:  00:00:03
</pre>
</body>
</html>
